Component: ARM Compiler 5.06 update 3 (build 300) Tool: armlink [4d35c9]

==============================================================================

Section Cross References

    stm32f1xx_it.o(i.NMI_Handler) refers to stm32f1xx_hal_rcc.o(i.HAL_RCC_NMI_IRQHandler) for HAL_RCC_NMI_IRQHandler
    stm32f1xx_it.o(i.SysTick_Handler) refers to stm32f1xx_hal.o(i.HAL_IncTick) for HAL_IncTick
    stm32f1xx_it.o(i.SysTick_Handler) refers to stm32f1xx_hal_cortex.o(i.HAL_SYSTICK_IRQHandler) for HAL_SYSTICK_IRQHandler
    stm32f1xx_it.o(i.TIM2_IRQHandler) refers to stm32f1xx_hal_tim.o(i.HAL_TIM_IRQHandler) for HAL_TIM_IRQHandler
    stm32f1xx_it.o(i.TIM2_IRQHandler) refers to tim.o(.bss) for htim2
    stm32f1xx_it.o(i.TIM3_IRQHandler) refers to stm32f1xx_hal_tim.o(i.HAL_TIM_IRQHandler) for HAL_TIM_IRQHandler
    stm32f1xx_it.o(i.TIM3_IRQHandler) refers to tim.o(.bss) for htim3
    stm32f1xx_it.o(i.USB_HP_CAN1_TX_IRQHandler) refers to stm32f1xx_hal_pcd.o(i.HAL_PCD_IRQHandler) for HAL_PCD_IRQHandler
    stm32f1xx_it.o(i.USB_HP_CAN1_TX_IRQHandler) refers to usbd_conf.o(.bss) for hpcd_USB_FS
    stm32f1xx_it.o(i.USB_LP_CAN1_RX0_IRQHandler) refers to stm32f1xx_hal_pcd.o(i.HAL_PCD_IRQHandler) for HAL_PCD_IRQHandler
    stm32f1xx_it.o(i.USB_LP_CAN1_RX0_IRQHandler) refers to usbd_conf.o(.bss) for hpcd_USB_FS
    gpio.o(i.MX_GPIO_Init) refers to stm32f1xx_hal_gpio.o(i.HAL_GPIO_WritePin) for HAL_GPIO_WritePin
    gpio.o(i.MX_GPIO_Init) refers to stm32f1xx_hal_gpio.o(i.HAL_GPIO_Init) for HAL_GPIO_Init
    usbd_desc.o(i.USBD_FS_ConfigStrDescriptor) refers to usbd_ctlreq.o(i.USBD_GetString) for USBD_GetString
    usbd_desc.o(i.USBD_FS_ConfigStrDescriptor) refers to usbd_desc.o(.bss) for USBD_StrDesc
    usbd_desc.o(i.USBD_FS_DeviceDescriptor) refers to usbd_desc.o(.data) for USBD_FS_DeviceDesc
    usbd_desc.o(i.USBD_FS_InterfaceStrDescriptor) refers to usbd_ctlreq.o(i.USBD_GetString) for USBD_GetString
    usbd_desc.o(i.USBD_FS_InterfaceStrDescriptor) refers to usbd_desc.o(.bss) for USBD_StrDesc
    usbd_desc.o(i.USBD_FS_LangIDStrDescriptor) refers to usbd_desc.o(.data) for USBD_LangIDDesc
    usbd_desc.o(i.USBD_FS_ManufacturerStrDescriptor) refers to usbd_ctlreq.o(i.USBD_GetString) for USBD_GetString
    usbd_desc.o(i.USBD_FS_ManufacturerStrDescriptor) refers to usbd_desc.o(.bss) for USBD_StrDesc
    usbd_desc.o(i.USBD_FS_ProductStrDescriptor) refers to usbd_ctlreq.o(i.USBD_GetString) for USBD_GetString
    usbd_desc.o(i.USBD_FS_ProductStrDescriptor) refers to usbd_desc.o(.bss) for USBD_StrDesc
    usbd_desc.o(i.USBD_FS_SerialStrDescriptor) refers to usbd_ctlreq.o(i.USBD_GetString) for USBD_GetString
    usbd_desc.o(i.USBD_FS_SerialStrDescriptor) refers to usbd_desc.o(.bss) for USBD_StrDesc
    usbd_desc.o(.data) refers to usbd_desc.o(i.USBD_FS_DeviceDescriptor) for USBD_FS_DeviceDescriptor
    usbd_desc.o(.data) refers to usbd_desc.o(i.USBD_FS_LangIDStrDescriptor) for USBD_FS_LangIDStrDescriptor
    usbd_desc.o(.data) refers to usbd_desc.o(i.USBD_FS_ManufacturerStrDescriptor) for USBD_FS_ManufacturerStrDescriptor
    usbd_desc.o(.data) refers to usbd_desc.o(i.USBD_FS_ProductStrDescriptor) for USBD_FS_ProductStrDescriptor
    usbd_desc.o(.data) refers to usbd_desc.o(i.USBD_FS_SerialStrDescriptor) for USBD_FS_SerialStrDescriptor
    usbd_desc.o(.data) refers to usbd_desc.o(i.USBD_FS_ConfigStrDescriptor) for USBD_FS_ConfigStrDescriptor
    usbd_desc.o(.data) refers to usbd_desc.o(i.USBD_FS_InterfaceStrDescriptor) for USBD_FS_InterfaceStrDescriptor
    tim.o(i.DBLINK) refers to stm32f1xx_hal_gpio.o(i.HAL_GPIO_WritePin) for HAL_GPIO_WritePin
    tim.o(i.DRESET) refers to stm32f1xx_hal_gpio.o(i.HAL_GPIO_WritePin) for HAL_GPIO_WritePin
    tim.o(i.DSET) refers to stm32f1xx_hal_gpio.o(i.HAL_GPIO_WritePin) for HAL_GPIO_WritePin
    tim.o(i.GenerateHUFrame) refers to memcpya.o(.text) for __aeabi_memcpy
    tim.o(i.GenerateHUFrame) refers to main.o(i.CalcCRC) for CalcCRC
    tim.o(i.GenerateHUFrame) refers to tim.o(.data) for huResponseHeaders
    tim.o(i.HAL_TIM_Base_MspDeInit) refers to stm32f1xx_hal_gpio.o(i.HAL_GPIO_DeInit) for HAL_GPIO_DeInit
    tim.o(i.HAL_TIM_Base_MspDeInit) refers to stm32f1xx_hal_cortex.o(i.HAL_NVIC_DisableIRQ) for HAL_NVIC_DisableIRQ
    tim.o(i.HAL_TIM_Base_MspInit) refers to stm32f1xx_hal_gpio.o(i.HAL_GPIO_Init) for HAL_GPIO_Init
    tim.o(i.HAL_TIM_Base_MspInit) refers to stm32f1xx_hal_cortex.o(i.HAL_NVIC_SetPriority) for HAL_NVIC_SetPriority
    tim.o(i.HAL_TIM_Base_MspInit) refers to stm32f1xx_hal_cortex.o(i.HAL_NVIC_EnableIRQ) for HAL_NVIC_EnableIRQ
    tim.o(i.HAL_TIM_IC_CaptureCallback) refers to stm32f1xx_hal_tim.o(i.HAL_TIM_Base_Start_IT) for HAL_TIM_Base_Start_IT
    tim.o(i.HAL_TIM_IC_CaptureCallback) refers to tim.o(.data) for bFrameTx
    tim.o(i.HAL_TIM_IC_CaptureCallback) refers to tim.o(.bss) for inFrame
    tim.o(i.HAL_TIM_PeriodElapsedCallback) refers to main.o(i.CalcCRC) for CalcCRC
    tim.o(i.HAL_TIM_PeriodElapsedCallback) refers to main.o(i.cbPushBack) for cbPushBack
[...]
    i.HAL_RCC_GetPCLK2Freq                   0x08001998   Section        0  stm32f1xx_hal_rcc.o(i.HAL_RCC_GetPCLK2Freq)
    i.HAL_RCC_GetSysClockFreq                0x080019c4   Section        0  stm32f1xx_hal_rcc.o(i.HAL_RCC_GetSysClockFreq)
    i.HAL_RCC_NMI_IRQHandler                 0x08001a78   Section        0  stm32f1xx_hal_rcc.o(i.HAL_RCC_NMI_IRQHandler)
    i.HAL_RCC_OscConfig                      0x08001a98   Section        0  stm32f1xx_hal_rcc.o(i.HAL_RCC_OscConfig)
    i.HAL_SYSTICK_CLKSourceConfig            0x08002310   Section        0  stm32f1xx_hal_cortex.o(i.HAL_SYSTICK_CLKSourceConfig)
    i.HAL_SYSTICK_Callback                   0x08002338   Section        0  stm32f1xx_hal_cortex.o(i.HAL_SYSTICK_Callback)
    i.HAL_SYSTICK_Config                     0x0800233a   Section        0  stm32f1xx_hal_cortex.o(i.HAL_SYSTICK_Config)
    i.HAL_SYSTICK_IRQHandler                 0x0800236e   Section        0  stm32f1xx_hal_cortex.o(i.HAL_SYSTICK_IRQHandler)
    i.HAL_TIMEx_BreakCallback                0x08002376   Section        0  stm32f1xx_hal_tim_ex.o(i.HAL_TIMEx_BreakCallback)
    i.HAL_TIMEx_CommutationCallback          0x08002378   Section        0  stm32f1xx_hal_tim_ex.o(i.HAL_TIMEx_CommutationCallback)
    i.HAL_TIMEx_MasterConfigSynchronization  0x0800237a   Section        0  stm32f1xx_hal_tim_ex.o(i.HAL_TIMEx_MasterConfigSynchronization)
    i.HAL_TIM_Base_Init                      0x080023dc   Section        0  stm32f1xx_hal_tim.o(i.HAL_TIM_Base_Init)
    i.HAL_TIM_Base_MspInit                   0x08002410   Section        0  tim.o(i.HAL_TIM_Base_MspInit)
    i.HAL_TIM_Base_Start                     0x080024a4   Section        0  stm32f1xx_hal_tim.o(i.HAL_TIM_Base_Start)
    i.HAL_TIM_Base_Start_IT                  0x080024c2   Section        0  stm32f1xx_hal_tim.o(i.HAL_TIM_Base_Start_IT)
    i.HAL_TIM_Base_Stop_IT                   0x080024e0   Section        0  stm32f1xx_hal_tim.o(i.HAL_TIM_Base_Stop_IT)
    i.HAL_TIM_ConfigClockSource              0x08002518   Section        0  stm32f1xx_hal_tim.o(i.HAL_TIM_ConfigClockSource)
    i.HAL_TIM_IC_CaptureCallback             0x0800264c   Section        0  tim.o(i.HAL_TIM_IC_CaptureCallback)
    i.HAL_TIM_IC_ConfigChannel               0x08002798   Section        0  stm32f1xx_hal_tim.o(i.HAL_TIM_IC_ConfigChannel)
    i.HAL_TIM_IC_Init                        0x08002878   Section        0  stm32f1xx_hal_tim.o(i.HAL_TIM_IC_Init)
    i.HAL_TIM_IC_MspInit                     0x080028ac   Section        0  stm32f1xx_hal_tim.o(i.HAL_TIM_IC_MspInit)
    i.HAL_TIM_IC_Start_IT                    0x080028ae   Section        0  stm32f1xx_hal_tim.o(i.HAL_TIM_IC_Start_IT)
    i.HAL_TIM_IRQHandler                     0x0800291a   Section        0  stm32f1xx_hal_tim.o(i.HAL_TIM_IRQHandler)
    i.HAL_TIM_OC_DelayElapsedCallback        0x08002ab0   Section        0  stm32f1xx_hal_tim.o(i.HAL_TIM_OC_DelayElapsedCallback)
    i.HAL_TIM_OnePulse_Init                  0x08002ab2   Section        0  stm32f1xx_hal_tim.o(i.HAL_TIM_OnePulse_Init)
    i.HAL_TIM_OnePulse_MspInit               0x08002afe   Section        0  stm32f1xx_hal_tim.o(i.HAL_TIM_OnePulse_MspInit)
    i.HAL_TIM_PWM_PulseFinishedCallback      0x08002b00   Section        0  stm32f1xx_hal_tim.o(i.HAL_TIM_PWM_PulseFinishedCallback)
    i.HAL_TIM_PeriodElapsedCallback          0x08002b04   Section        0  tim.o(i.HAL_TIM_PeriodElapsedCallback)
    i.HAL_TIM_SlaveConfigSynchronization     0x08002c18   Section        0  stm32f1xx_hal_tim.o(i.HAL_TIM_SlaveConfigSynchronization)
    i.HAL_TIM_TriggerCallback                0x08002c6e   Section        0  stm32f1xx_hal_tim.o(i.HAL_TIM_TriggerCallback)
    i.HAL_UART_Init                          0x08002c70   Section        0  stm32f1xx_hal_uart.o(i.HAL_UART_Init)
    i.HAL_UART_MspInit                       0x08002ce0   Section        0  usart.o(i.HAL_UART_MspInit)
    i.HardFault_Handler                      0x08002d44   Section        0  stm32f1xx_it.o(i.HardFault_Handler)
    i.MX_GPIO_Init                           0x08002d48   Section        0  gpio.o(i.MX_GPIO_Init)
    i.MX_TIM2_Init                           0x08002e0c   Section        0  tim.o(i.MX_TIM2_Init)
    i.MX_TIM3_Init                           0x08002ec4   Section        0  tim.o(i.MX_TIM3_Init)
    i.MX_USART1_UART_Init                    0x08002f2c   Section        0  usart.o(i.MX_USART1_UART_Init)
    i.MX_USB_DEVICE_Init                     0x08002f64   Section        0  usb_device.o(i.MX_USB_DEVICE_Init)
    i.MemManage_Handler                      0x08002f98   Section        0  stm32f1xx_it.o(i.MemManage_Handler)
    i.NMI_Handler                            0x08002f9c   Section        0  stm32f1xx_it.o(i.NMI_Handler)
    i.NVIC_GetPriorityGrouping               0x08002fa4   Section        0  stm32f1xx_hal_cortex.o(i.NVIC_GetPriorityGrouping)
    NVIC_GetPriorityGrouping                 0x08002fa5   Thumb Code    10  stm32f1xx_hal_cortex.o(i.NVIC_GetPriorityGrouping)
    i.NVIC_SetPriority                       0x08002fb4   Section        0  stm32f1xx_hal_cortex.o(i.NVIC_SetPriority)
    NVIC_SetPriority                         0x08002fb5   Thumb Code    32  stm32f1xx_hal_cortex.o(i.NVIC_SetPriority)
    i.PCD_EP_ISR_Handler                     0x08002fdc   Section        0  stm32f1xx_hal_pcd.o(i.PCD_EP_ISR_Handler)
    PCD_EP_ISR_Handler                       0x08002fdd   Thumb Code  1092  stm32f1xx_hal_pcd.o(i.PCD_EP_ISR_Handler)
    i.PendSV_Handler                         0x08003420   Section        0  stm32f1xx_it.o(i.PendSV_Handler)
    i.SVC_Handler                            0x08003422   Section        0  stm32f1xx_it.o(i.SVC_Handler)
    i.SendBytes                              0x08003424   Section        0  tim.o(i.SendBytes)
    i.SendFrame                              0x080034d8   Section        0  tim.o(i.SendFrame)
    i.SendSOF                                0x08003534   Section        0  tim.o(i.SendSOF)
    i.SysTick_Handler                        0x08003598   Section        0  stm32f1xx_it.o(i.SysTick_Handler)
    i.SystemClock_Config                     0x080035a4   Section        0  main.o(i.SystemClock_Config)
    i.SystemInit                             0x08003638   Section        0  system_stm32f1xx.o(i.SystemInit)
    i.TIM2_IRQHandler                        0x08003690   Section        0  stm32f1xx_it.o(i.TIM2_IRQHandler)
    i.TIM3_IRQHandler                        0x080036a0   Section        0  stm32f1xx_it.o(i.TIM3_IRQHandler)
    i.TIM_Base_SetConfig                     0x080036b0   Section        0  stm32f1xx_hal_tim.o(i.TIM_Base_SetConfig)
    i.TIM_CCxChannelCmd                      0x0800371c   Section        0  stm32f1xx_hal_tim.o(i.TIM_CCxChannelCmd)
    i.TIM_ETR_SetConfig                      0x08003738   Section        0  stm32f1xx_hal_tim.o(i.TIM_ETR_SetConfig)
    TIM_ETR_SetConfig                        0x08003739   Thumb Code    24  stm32f1xx_hal_tim.o(i.TIM_ETR_SetConfig)
    i.TIM_ITRx_SetConfig                     0x08003750   Section        0  stm32f1xx_hal_tim.o(i.TIM_ITRx_SetConfig)
    TIM_ITRx_SetConfig                       0x08003751   Thumb Code    20  stm32f1xx_hal_tim.o(i.TIM_ITRx_SetConfig)
    i.TIM_SlaveTimer_SetConfig               0x08003764   Section        0  stm32f1xx_hal_tim.o(i.TIM_SlaveTimer_SetConfig)
    TIM_SlaveTimer_SetConfig                 0x08003765   Thumb Code   164  stm32f1xx_hal_tim.o(i.TIM_SlaveTimer_SetConfig)
    i.TIM_TI1_ConfigInputStage               0x08003808   Section        0  stm32f1xx_hal_tim.o(i.TIM_TI1_ConfigInputStage)
    TIM_TI1_ConfigInputStage                 0x08003809   Thumb Code    42  stm32f1xx_hal_tim.o(i.TIM_TI1_ConfigInputStage)
    i.TIM_TI1_SetConfig                      0x08003834   Section        0  stm32f1xx_hal_tim.o(i.TIM_TI1_SetConfig)
    i.TIM_TI2_ConfigInputStage               0x080038a0   Section        0  stm32f1xx_hal_tim.o(i.TIM_TI2_ConfigInputStage)
    TIM_TI2_ConfigInputStage                 0x080038a1   Thumb Code    44  stm32f1xx_hal_tim.o(i.TIM_TI2_ConfigInputStage)
    i.TIM_TI2_SetConfig                      0x080038cc   Section        0  stm32f1xx_hal_tim.o(i.TIM_TI2_SetConfig)
    TIM_TI2_SetConfig                        0x080038cd   Thumb Code    62  stm32f1xx_hal_tim.o(i.TIM_TI2_SetConfig)
    i.TIM_TI3_SetConfig                      0x0800390a   Section        0  stm32f1xx_hal_tim.o(i.TIM_TI3_SetConfig)
    TIM_TI3_SetConfig                        0x0800390b   Thumb Code    60  stm32f1xx_hal_tim.o(i.TIM_TI3_SetConfig)
    i.TIM_TI4_SetConfig                      0x08003946   Section        0  stm32f1xx_hal_tim.o(i.TIM_TI4_SetConfig)
    TIM_TI4_SetConfig                        0x08003947   Thumb Code    64  stm32f1xx_hal_tim.o(i.TIM_TI4_SetConfig)
    i.UART_SetConfig                         0x08003988   Section        0  stm32f1xx_hal_uart.o(i.UART_SetConfig)
    UART_SetConfig                           0x08003989   Thumb Code   450  stm32f1xx_hal_uart.o(i.UART_SetConfig)
    i.USBD_CDC_DataIn                        0x08003b50   Section        0  usbd_cdc.o(i.USBD_CDC_DataIn)
    USBD_CDC_DataIn                          0x08003b51   Thumb Code    26  usbd_cdc.o(i.USBD_CDC_DataIn)
    i.USBD_CDC_DataOut                       0x08003b6a   Section        0  usbd_cdc.o(i.USBD_CDC_DataOut)
    USBD_CDC_DataOut                         0x08003b6b   Thumb Code    52  usbd_cdc.o(i.USBD_CDC_DataOut)
    i.USBD_CDC_DeInit                        0x08003b9e   Section        0  usbd_cdc.o(i.USBD_CDC_DeInit)
    USBD_CDC_DeInit                          0x08003b9f   Thumb Code    64  usbd_cdc.o(i.USBD_CDC_DeInit)
    i.USBD_CDC_EP0_RxReady                   0x08003bde   Section        0  usbd_cdc.o(i.USBD_CDC_EP0_RxReady)
    USBD_CDC_EP0_RxReady                     0x08003bdf   Thumb Code    50  usbd_cdc.o(i.USBD_CDC_EP0_RxReady)
    i.USBD_CDC_GetDeviceQualifierDescriptor  0x08003c10   Section        0  usbd_cdc.o(i.USBD_CDC_GetDeviceQualifierDescriptor)
    i.USBD_CDC_GetFSCfgDesc                  0x08003c20   Section        0  usbd_cdc.o(i.USBD_CDC_GetFSCfgDesc)
    USBD_CDC_GetFSCfgDesc                    0x08003c21   Thumb Code    10  usbd_cdc.o(i.USBD_CDC_GetFSCfgDesc)
    i.USBD_CDC_GetHSCfgDesc                  0x08003c30   Section        0  usbd_cdc.o(i.USBD_CDC_GetHSCfgDesc)
    USBD_CDC_GetHSCfgDesc                    0x08003c31   Thumb Code    10  usbd_cdc.o(i.USBD_CDC_GetHSCfgDesc)
    i.USBD_CDC_GetOtherSpeedCfgDesc          0x08003c40   Section        0  usbd_cdc.o(i.USBD_CDC_GetOtherSpeedCfgDesc)
    USBD_CDC_GetOtherSpeedCfgDesc            0x08003c41   Thumb Code    10  usbd_cdc.o(i.USBD_CDC_GetOtherSpeedCfgDesc)
    i.USBD_CDC_Init                          0x08003c50   Section        0  usbd_cdc.o(i.USBD_CDC_Init)
    USBD_CDC_Init                            0x08003c51   Thumb Code   166  usbd_cdc.o(i.USBD_CDC_Init)
    i.USBD_CDC_ReceivePacket                 0x08003cf6   Section        0  usbd_cdc.o(i.USBD_CDC_ReceivePacket)
    i.USBD_CDC_RegisterInterface             0x08003d30   Section        0  usbd_cdc.o(i.USBD_CDC_RegisterInterface)
    i.USBD_CDC_SetRxBuffer                   0x08003d3e   Section        0  usbd_cdc.o(i.USBD_CDC_SetRxBuffer)
    i.USBD_CDC_SetTxBuffer                   0x08003d4c   Section        0  usbd_cdc.o(i.USBD_CDC_SetTxBuffer)
    i.USBD_CDC_Setup                         0x08003d60   Section        0  usbd_cdc.o(i.USBD_CDC_Setup)
    USBD_CDC_Setup                           0x08003d61   Thumb Code   138  usbd_cdc.o(i.USBD_CDC_Setup)
    i.USBD_CDC_TransmitPacket                0x08003df0   Section        0  usbd_cdc.o(i.USBD_CDC_TransmitPacket)
    i.USBD_ClrClassConfig                    0x08003e28   Section        0  usbd_core.o(i.USBD_ClrClassConfig)
    i.USBD_ClrFeature                        0x08003e3e   Section        0  usbd_ctlreq.o(i.USBD_ClrFeature)
    USBD_ClrFeature                          0x08003e3f   Thumb Code    68  usbd_ctlreq.o(i.USBD_ClrFeature)
    i.USBD_CtlContinueRx                     0x08003e82   Section        0  usbd_ioreq.o(i.USBD_CtlContinueRx)
    i.USBD_CtlContinueSendData               0x08003e9a   Section        0  usbd_ioreq.o(i.USBD_CtlContinueSendData)
    i.USBD_CtlError                          0x08003eb2   Section        0  usbd_ctlreq.o(i.USBD_CtlError)
    i.USBD_CtlPrepareRx                      0x08003eca   Section        0  usbd_ioreq.o(i.USBD_CtlPrepareRx)
    i.USBD_CtlReceiveStatus                  0x08003ef2   Section        0  usbd_ioreq.o(i.USBD_CtlReceiveStatus)
    i.USBD_CtlSendData                       0x08003f0c   Section        0  usbd_ioreq.o(i.USBD_CtlSendData)
    i.USBD_CtlSendStatus                     0x08003f2e   Section        0  usbd_ioreq.o(i.USBD_CtlSendStatus)
    i.USBD_FS_ConfigStrDescriptor            0x08003f48   Section        0  usbd_desc.o(i.USBD_FS_ConfigStrDescriptor)
    i.USBD_FS_DeviceDescriptor               0x08003f7c   Section        0  usbd_desc.o(i.USBD_FS_DeviceDescriptor)
    i.USBD_FS_InterfaceStrDescriptor         0x08003f8c   Section        0  usbd_desc.o(i.USBD_FS_InterfaceStrDescriptor)
    i.USBD_FS_LangIDStrDescriptor            0x08003fc4   Section        0  usbd_desc.o(i.USBD_FS_LangIDStrDescriptor)
    i.USBD_FS_ManufacturerStrDescriptor      0x08003fd4   Section        0  usbd_desc.o(i.USBD_FS_ManufacturerStrDescriptor)
    i.USBD_FS_ProductStrDescriptor           0x08004000   Section        0  usbd_desc.o(i.USBD_FS_ProductStrDescriptor)
    i.USBD_FS_SerialStrDescriptor            0x08004040   Section        0  usbd_desc.o(i.USBD_FS_SerialStrDescriptor)
    i.USBD_GetConfig                         0x08004078   Section        0  usbd_ctlreq.o(i.USBD_GetConfig)
    USBD_GetConfig                           0x08004079   Thumb Code    80  usbd_ctlreq.o(i.USBD_GetConfig)
    i.USBD_GetDescriptor                     0x080040c8   Section        0  usbd_ctlreq.o(i.USBD_GetDescriptor)
    USBD_GetDescriptor                       0x080040c9   Thumb Code   328  usbd_ctlreq.o(i.USBD_GetDescriptor)
    i.USBD_GetLen                            0x08004210   Section        0  usbd_ctlreq.o(i.USBD_GetLen)
    USBD_GetLen                              0x08004211   Thumb Code    20  usbd_ctlreq.o(i.USBD_GetLen)
    i.USBD_GetStatus                         0x08004224   Section        0  usbd_ctlreq.o(i.USBD_GetStatus)
    USBD_GetStatus                           0x08004225   Thumb Code    68  usbd_ctlreq.o(i.USBD_GetStatus)
    i.USBD_GetString                         0x08004268   Section        0  usbd_ctlreq.o(i.USBD_GetString)
    i.USBD_Init                              0x080042ba   Section        0  usbd_core.o(i.USBD_Init)
    i.USBD_LL_ClearStallEP                   0x080042ec   Section        0  usbd_conf.o(i.USBD_LL_ClearStallEP)
    i.USBD_LL_CloseEP                        0x08004300   Section        0  usbd_conf.o(i.USBD_LL_CloseEP)
    i.USBD_LL_DataInStage                    0x08004314   Section        0  usbd_core.o(i.USBD_LL_DataInStage)
    i.USBD_LL_DataOutStage                   0x080043ee   Section        0  usbd_core.o(i.USBD_LL_DataOutStage)
    i.USBD_LL_GetRxDataSize                  0x08004474   Section        0  usbd_conf.o(i.USBD_LL_GetRxDataSize)
    i.USBD_LL_Init                           0x08004488   Section        0  usbd_conf.o(i.USBD_LL_Init)
    i.USBD_LL_IsStallEP                      0x08004510   Section        0  usbd_conf.o(i.USBD_LL_IsStallEP)
    i.USBD_LL_OpenEP                         0x08004540   Section        0  usbd_conf.o(i.USBD_LL_OpenEP)
    i.USBD_LL_PrepareReceive                 0x08004560   Section        0  usbd_conf.o(i.USBD_LL_PrepareReceive)
    i.USBD_LL_Reset                          0x08004580   Section        0  usbd_core.o(i.USBD_LL_Reset)
    i.USBD_LL_Resume                         0x080045c4   Section        0  usbd_core.o(i.USBD_LL_Resume)
    i.USBD_LL_SOF                            0x080045d2   Section        0  usbd_core.o(i.USBD_LL_SOF)
    i.USBD_LL_SetSpeed                       0x080045f4   Section        0  usbd_core.o(i.USBD_LL_SetSpeed)
    i.USBD_LL_SetUSBAddress                  0x080045fc   Section        0  usbd_conf.o(i.USBD_LL_SetUSBAddress)
    i.USBD_LL_SetupStage                     0x08004610   Section        0  usbd_core.o(i.USBD_LL_SetupStage)
    i.USBD_LL_StallEP                        0x0800467e   Section        0  usbd_conf.o(i.USBD_LL_StallEP)
    i.USBD_LL_Start                          0x08004692   Section        0  usbd_conf.o(i.USBD_LL_Start)
    i.USBD_LL_Suspend                        0x080046a2   Section        0  usbd_core.o(i.USBD_LL_Suspend)
    i.USBD_LL_Transmit                       0x080046b6   Section        0  usbd_conf.o(i.USBD_LL_Transmit)
    i.USBD_ParseSetupRequest                 0x080046d6   Section        0  usbd_ctlreq.o(i.USBD_ParseSetupRequest)
    i.USBD_RegisterClass                     0x080046fe   Section        0  usbd_core.o(i.USBD_RegisterClass)
    i.USBD_RunTestMode                       0x0800470e   Section        0  usbd_core.o(i.USBD_RunTestMode)
    i.USBD_SetAddress                        0x08004714   Section        0  usbd_ctlreq.o(i.USBD_SetAddress)
    USBD_SetAddress                          0x08004715   Thumb Code    84  usbd_ctlreq.o(i.USBD_SetAddress)
    i.USBD_SetClassConfig                    0x08004768   Section        0  usbd_core.o(i.USBD_SetClassConfig)
    i.USBD_SetConfig                         0x0800478c   Section        0  usbd_ctlreq.o(i.USBD_SetConfig)
    USBD_SetConfig                           0x0800478d   Thumb Code   218  usbd_ctlreq.o(i.USBD_SetConfig)
    i.USBD_SetFeature                        0x0800486c   Section        0  usbd_ctlreq.o(i.USBD_SetFeature)
    USBD_SetFeature                          0x0800486d   Thumb Code    36  usbd_ctlreq.o(i.USBD_SetFeature)
    i.USBD_Start                             0x08004890   Section        0  usbd_core.o(i.USBD_Start)
    i.USBD_StdDevReq                         0x0800489e   Section        0  usbd_ctlreq.o(i.USBD_StdDevReq)
    i.USBD_StdEPReq                          0x08004910   Section        0  usbd_ctlreq.o(i.USBD_StdEPReq)
    i.USBD_StdItfReq                         0x08004a66   Section        0  usbd_ctlreq.o(i.USBD_StdItfReq)
    i.USBD_static_free                       0x08004ab0   Section        0  usbd_conf.o(i.USBD_static_free)
    i.USBD_static_malloc                     0x08004ab4   Section        0  usbd_conf.o(i.USBD_static_malloc)
    i.USB_ActivateEndpoint                   0x08004ac0   Section        0  stm32f1xx_ll_usb.o(i.USB_ActivateEndpoint)
    i.USB_CoreInit                           0x08004e6a   Section        0  stm32f1xx_ll_usb.o(i.USB_CoreInit)
    i.USB_DeactivateEndpoint                 0x08004e72   Section        0  stm32f1xx_ll_usb.o(i.USB_DeactivateEndpoint)
    i.USB_DevConnect                         0x08005086   Section        0  stm32f1xx_ll_usb.o(i.USB_DevConnect)
    i.USB_DevDisconnect                      0x0800508c   Section        0  stm32f1xx_ll_usb.o(i.USB_DevDisconnect)
    i.USB_DevInit                            0x08005092   Section        0  stm32f1xx_ll_usb.o(i.USB_DevInit)
    i.USB_DisableGlobalInt                   0x080050a8   Section        0  stm32f1xx_ll_usb.o(i.USB_DisableGlobalInt)
    i.USB_EP0_OutStart                       0x080050be   Section        0  stm32f1xx_ll_usb.o(i.USB_EP0_OutStart)
    i.USB_EPClearStall                       0x080050c4   Section        0  stm32f1xx_ll_usb.o(i.USB_EPClearStall)
    i.USB_EPSetStall                         0x08005178   Section        0  stm32f1xx_ll_usb.o(i.USB_EPSetStall)
    i.USB_EPStartXfer                        0x080051fe   Section        0  stm32f1xx_ll_usb.o(i.USB_EPStartXfer)
    i.USB_EnableGlobalInt                    0x08005530   Section        0  stm32f1xx_ll_usb.o(i.USB_EnableGlobalInt)
    i.USB_HP_CAN1_TX_IRQHandler              0x08005548   Section        0  stm32f1xx_it.o(i.USB_HP_CAN1_TX_IRQHandler)
    i.USB_LP_CAN1_RX0_IRQHandler             0x08005558   Section        0  stm32f1xx_it.o(i.USB_LP_CAN1_RX0_IRQHandler)
    i.USB_ReadInterrupts                     0x08005568   Section        0  stm32f1xx_ll_usb.o(i.USB_ReadInterrupts)
    i.USB_ReadPMA                            0x08005572   Section        0  stm32f1xx_ll_usb.o(i.USB_ReadPMA)
    i.USB_SetCurrentMode                     0x0800559a   Section        0  stm32f1xx_ll_usb.o(i.USB_SetCurrentMode)
    i.USB_SetDevAddress                      0x080055a0   Section        0  stm32f1xx_ll_usb.o(i.USB_SetDevAddress)
    i.USB_WritePMA                           0x080055ae   Section        0  stm32f1xx_ll_usb.o(i.USB_WritePMA)
    i.UsageFault_Handler                     0x080055f0   Section        0  stm32f1xx_it.o(i.UsageFault_Handler)
    i.__0sprintf$8                           0x080055f4   Section        0  printf8.o(i.__0sprintf$8)
    i.__scatterload_copy                     0x0800561c   Section       14  handlers.o(i.__scatterload_copy)
    i.__scatterload_null                     0x0800562a   Section        2  handlers.o(i.__scatterload_null)
    i.__scatterload_zeroinit                 0x0800562c   Section       14  handlers.o(i.__scatterload_zeroinit)
    i._printf_core                           0x0800563c   Section        0  printf8.o(i._printf_core)
    _printf_core                             0x0800563d   Thumb Code   996  printf8.o(i._printf_core)
    i._printf_post_padding                   0x08005a4c   Section        0  printf8.o(i._printf_post_padding)
    _printf_post_padding                     0x08005a4d   Thumb Code    36  printf8.o(i._printf_post_padding)
    i._printf_pre_padding                    0x08005a70   Section        0  printf8.o(i._printf_pre_padding)
    _printf_pre_padding                      0x08005a71   Thumb Code    46  printf8.o(i._printf_pre_padding)
    i._sputc                                 0x08005a9e   Section        0  printf8.o(i._sputc)
    _sputc                                   0x08005a9f   Thumb Code    10  printf8.o(i._sputc)
    i.cbInit                                 0x08005aa8   Section        0  main.o(i.cbInit)
    i.cbPopFront                             0x08005adc   Section        0  main.o(i.cbPopFront)
    i.cbPushBack                             0x08005b12   Section        0  main.o(i.cbPushBack)
    i.main                                   0x08005b4c   Section        0  main.o(i.main)
    i.malloc                                 0x08005d54   Section        0  malloc.o(i.malloc)
    .constdata                               0x08005dc0   Section       12  main.o(.constdata)
    .constdata                               0x08005dcc   Section       24  system_stm32f1xx.o(.constdata)
    .constdata                               0x08005de4   Section       64  ctype_c.o(.constdata)
    .data                                    0x20000000   Section       52  usbd_desc.o(.data)
    .data                                    0x20000034   Section       22  tim.o(.data)
    .data                                    0x2000004c   Section       16  usbd_cdc_if.o(.data)
    .data                                    0x2000005c   Section        4  system_stm32f1xx.o(.data)
    .data                                    0x20000060   Section        4  stm32f1xx_hal.o(.data)
    uwTick                                   0x20000060   Data           4  stm32f1xx_hal.o(.data)
    .data                                    0x20000064   Section      272  usbd_cdc.o(.data)
    USBD_CDC_DeviceQualifierDesc             0x20000064   Data          10  usbd_cdc.o(.data)
    ifalt                                    0x20000173   Data           1  usbd_cdc.o(.data)
    .data                                    0x20000174   Section        1  usbd_ctlreq.o(.data)
    cfgidx                                   0x20000174   Data           1  usbd_ctlreq.o(.data)
    .data                                    0x20000178   Section        4  mvars.o(.data)
    .data                                    0x2000017c   Section        4  mvars.o(.data)
    .bss                                     0x20000180   Section      512  usbd_desc.o(.bss)
    .bss                                     0x20000380   Section      144  tim.o(.bss)
    .bss                                     0x20000410   Section      128  usbd_cdc_if.o(.bss)
    .bss                                     0x20000490   Section     1600  usbd_conf.o(.bss)
    mem                                      0x200008b0   Data         544  usbd_conf.o(.bss)
    .bss                                     0x20000ad0   Section     1364  main.o(.bss)
    .bss                                     0x20001024   Section      548  usb_device.o(.bss)
    .bss                                     0x20001248   Section       64  usart.o(.bss)
    HEAP                                     0x20001288   Section     1024  startup_stm32f103xb.o(HEAP)
    STACK                                    0x20001688   Section     2048  startup_stm32f103xb.o(STACK)

    Global Symbols

    Symbol Name                              Value     Ov Type        Size  Object(Section)

    BuildAttributes$$THM_ISAv4$P$D$K$B$S$PE$A:L22UL41UL21$X:L11$S22US41US21$IEEE1$IW$USESV6$~STKCKD$USESV7$~SHL$OSPACE$ROPI$EBA8$MICROLIB$REQ8$PRES8$EABIv2 0x00000000   Number         0  anon$$obj.o ABSOLUTE
    __ARM_use_no_argv                        0x00000000   Number         0  main.o ABSOLUTE
    _printf_a                                0x00000000   Number         0  stubs.o ABSOLUTE
    _printf_c                                0x00000000   Number         0  stubs.o ABSOLUTE
    _printf_charcount                        0x00000000   Number         0  stubs.o ABSOLUTE
    _printf_d                                0x00000000   Number         0  stubs.o ABSOLUTE
    _printf_e                                0x00000000   Number         0  stubs.o ABSOLUTE
    _printf_f                                0x00000000   Number         0  stubs.o ABSOLUTE
    _printf_flags                            0x00000000   Number         0  stubs.o ABSOLUTE
    _printf_fp_dec                           0x00000000   Number         0  stubs.o ABSOLUTE
    _printf_fp_hex                           0x00000000   Number         0  stubs.o ABSOLUTE
    _printf_g                                0x00000000   Number         0  stubs.o ABSOLUTE
    _printf_i                                0x00000000   Number         0  stubs.o ABSOLUTE
    _printf_int_dec                          0x00000000   Number         0  stubs.o ABSOLUTE
    _printf_l                                0x00000000   Number         0  stubs.o ABSOLUTE
    _printf_lc                               0x00000000   Number         0  stubs.o ABSOLUTE
    _printf_ll                               0x00000000   Number         0  stubs.o ABSOLUTE
    _printf_lld                              0x00000000   Number         0  stubs.o ABSOLUTE
    _printf_lli                              0x00000000   Number         0  stubs.o ABSOLUTE
    _printf_llo                              0x00000000   Number         0  stubs.o ABSOLUTE
    _printf_llu                              0x00000000   Number         0  stubs.o ABSOLUTE
    _printf_llx                              0x00000000   Number         0  stubs.o ABSOLUTE
    _printf_longlong_dec                     0x00000000   Number         0  stubs.o ABSOLUTE
    _printf_longlong_hex                     0x00000000   Number         0  stubs.o ABSOLUTE
    _printf_longlong_oct                     0x00000000   Number         0  stubs.o ABSOLUTE
    _printf_ls                               0x00000000   Number         0  stubs.o ABSOLUTE
    _printf_mbtowc                           0x00000000   Number         0  stubs.o ABSOLUTE
    _printf_n                                0x00000000   Number         0  stubs.o ABSOLUTE
    _printf_o                                0x00000000   Number         0  stubs.o ABSOLUTE
    _printf_p                                0x00000000   Number         0  stubs.o ABSOLUTE
    _printf_percent                          0x00000000   Number         0  stubs.o ABSOLUTE
    _printf_pre_padding                      0x00000000   Number         0  stubs.o ABSOLUTE
    _printf_return_value                     0x00000000   Number         0  stubs.o ABSOLUTE
    _printf_s                                0x00000000   Number         0  stubs.o ABSOLUTE
    _printf_sizespec                         0x00000000   Number         0  stubs.o ABSOLUTE
    _printf_str                              0x00000000   Number         0  stubs.o ABSOLUTE
    _printf_truncate_signed                  0x00000000   Number         0  stubs.o ABSOLUTE
    _printf_truncate_unsigned                0x00000000   Number         0  stubs.o ABSOLUTE
    _printf_u                                0x00000000   Number         0  stubs.o ABSOLUTE
    _printf_wc                               0x00000000   Number         0  stubs.o ABSOLUTE
    _printf_wctomb                           0x00000000   Number         0  stubs.o ABSOLUTE
    _printf_widthprec                        0x00000000   Number         0  stubs.o ABSOLUTE
    _printf_x                                0x00000000   Number         0  stubs.o ABSOLUTE
    __cpp_initialize__aeabi_                  - Undefined Weak Reference
    __cxa_finalize                            - Undefined Weak Reference
    _clock_init                               - Undefined Weak Reference
    _microlib_exit                            - Undefined Weak Reference
    _scanf_longlong                           - Undefined Weak Reference
    _scanf_real                               - Undefined Weak Reference
    _scanf_string                             - Undefined Weak Reference
    __Vectors_Size                           0x000000ec   Number         0  startup_stm32f103xb.o ABSOLUTE
    __Vectors                                0x08000000   Data           4  startup_stm32f103xb.o(RESET)
    __Vectors_End                            0x080000ec   Data           0  startup_stm32f103xb.o(RESET)
    __main                                   0x080000ed   Thumb Code     0  entry.o(.ARM.Collect$$$$00000000)
    _main_stk                                0x080000ed   Thumb Code     0  entry2.o(.ARM.Collect$$$$00000001)
    _main_scatterload                        0x080000f1   Thumb Code     0  entry5.o(.ARM.Collect$$$$00000004)
    __main_after_scatterload                 0x080000f5   Thumb Code     0  entry5.o(.ARM.Collect$$$$00000004)
    _main_clock                              0x080000f5   Thumb Code     0  entry7b.o(.ARM.Collect$$$$00000008)
    _main_cpp_init                           0x080000f5   Thumb Code     0  entry8b.o(.ARM.Collect$$$$0000000A)
    _main_init                               0x080000f5   Thumb Code     0  entry9a.o(.ARM.Collect$$$$0000000B)
    __rt_final_cpp                           0x080000fd   Thumb Code     0  entry10a.o(.ARM.Collect$$$$0000000D)
    __rt_final_exit                          0x080000fd   Thumb Code     0  entry11a.o(.ARM.Collect$$$$0000000F)
    Reset_Handler                            0x08000101   Thumb Code     8  startup_stm32f103xb.o(.text)
    ADC1_2_IRQHandler                        0x0800011b   Thumb Code     0  startup_stm32f103xb.o(.text)
    CAN1_RX1_IRQHandler                      0x0800011b   Thumb Code     0  startup_stm32f103xb.o(.text)
    CAN1_SCE_IRQHandler                      0x0800011b   Thumb Code     0  startup_stm32f103xb.o(.text)
    DMA1_Channel1_IRQHandler                 0x0800011b   Thumb Code     0  startup_stm32f103xb.o(.text)
    DMA1_Channel2_IRQHandler                 0x0800011b   Thumb Code     0  startup_stm32f103xb.o(.text)
    DMA1_Channel3_IRQHandler                 0x0800011b   Thumb Code     0  startup_stm32f103xb.o(.text)
    DMA1_Channel4_IRQHandler                 0x0800011b   Thumb Code     0  startup_stm32f103xb.o(.text)
    DMA1_Channel5_IRQHandler                 0x0800011b   Thumb Code     0  startup_stm32f103xb.o(.text)
    DMA1_Channel6_IRQHandler                 0x0800011b   Thumb Code     0  startup_stm32f103xb.o(.text)
    DMA1_Channel7_IRQHandler                 0x0800011b   Thumb Code     0  startup_stm32f103xb.o(.text)
    EXTI0_IRQHandler                         0x0800011b   Thumb Code     0  startup_stm32f103xb.o(.text)
    EXTI15_10_IRQHandler                     0x0800011b   Thumb Code     0  startup_stm32f103xb.o(.text)
    EXTI1_IRQHandler                         0x0800011b   Thumb Code     0  startup_stm32f103xb.o(.text)
    EXTI2_IRQHandler                         0x0800011b   Thumb Code     0  startup_stm32f103xb.o(.text)
    EXTI3_IRQHandler                         0x0800011b   Thumb Code     0  startup_stm32f103xb.o(.text)
    EXTI4_IRQHandler                         0x0800011b   Thumb Code     0  startup_stm32f103xb.o(.text)
    EXTI9_5_IRQHandler                       0x0800011b   Thumb Code     0  startup_stm32f103xb.o(.text)
    FLASH_IRQHandler                         0x0800011b   Thumb Code     0  startup_stm32f103xb.o(.text)
    I2C1_ER_IRQHandler                       0x0800011b   Thumb Code     0  startup_stm32f103xb.o(.text)
    I2C1_EV_IRQHandler                       0x0800011b   Thumb Code     0  startup_stm32f103xb.o(.text)
    I2C2_ER_IRQHandler                       0x0800011b   Thumb Code     0  startup_stm32f103xb.o(.text)
    I2C2_EV_IRQHandler                       0x0800011b   Thumb Code     0  startup_stm32f103xb.o(.text)
    PVD_IRQHandler                           0x0800011b   Thumb Code     0  startup_stm32f103xb.o(.text)
    RCC_IRQHandler                           0x0800011b   Thumb Code     0  startup_stm32f103xb.o(.text)
    RTC_Alarm_IRQHandler                     0x0800011b   Thumb Code     0  startup_stm32f103xb.o(.text)
    RTC_IRQHandler                           0x0800011b   Thumb Code     0  startup_stm32f103xb.o(.text)
    SPI1_IRQHandler                          0x0800011b   Thumb Code     0  startup_stm32f103xb.o(.text)
    SPI2_IRQHandler                          0x0800011b   Thumb Code     0  startup_stm32f103xb.o(.text)
    TAMPER_IRQHandler                        0x0800011b   Thumb Code     0  startup_stm32f103xb.o(.text)
    TIM1_BRK_IRQHandler                      0x0800011b   Thumb Code     0  startup_stm32f103xb.o(.text)
    TIM1_CC_IRQHandler                       0x0800011b   Thumb Code     0  startup_stm32f103xb.o(.text)
    TIM1_TRG_COM_IRQHandler                  0x0800011b   Thumb Code     0  startup_stm32f103xb.o(.text)
    TIM1_UP_IRQHandler                       0x0800011b   Thumb Code     0  startup_stm32f103xb.o(.text)
    TIM4_IRQHandler                          0x0800011b   Thumb Code     0  startup_stm32f103xb.o(.text)
    USART1_IRQHandler                        0x0800011b   Thumb Code     0  startup_stm32f103xb.o(.text)
    USART2_IRQHandler                        0x0800011b   Thumb Code     0  startup_stm32f103xb.o(.text)
    USART3_IRQHandler                        0x0800011b   Thumb Code     0  startup_stm32f103xb.o(.text)
    USBWakeUp_IRQHandler                     0x0800011b   Thumb Code     0  startup_stm32f103xb.o(.text)
    WWDG_IRQHandler                          0x0800011b   Thumb Code     0  startup_stm32f103xb.o(.text)
    __aeabi_llsr                             0x08000125   Thumb Code    32  llushr.o(.text)
    _ll_ushift_r                             0x08000125   Thumb Code     0  llushr.o(.text)
    __aeabi_memcpy                           0x08000145   Thumb Code    36  memcpya.o(.text)
    __aeabi_memcpy4                          0x08000145   Thumb Code     0  memcpya.o(.text)
    __aeabi_memcpy8                          0x08000145   Thumb Code     0  memcpya.o(.text)
    memcmp                                   0x08000169   Thumb Code    26  memcmp.o(.text)
    __0sscanf                                0x08000185   Thumb Code    48  __0sscanf.o(.text)
    _scanf_int                               0x080001bd   Thumb Code   332  _scanf_int.o(.text)
    __aeabi_uldivmod                         0x08000309   Thumb Code    98  uldiv.o(.text)
    _chval                                   0x0800036b   Thumb Code    28  _chval.o(.text)
    __vfscanf_char                           0x08000395   Thumb Code    20  scanf_char.o(.text)
    _sgetc                                   0x080003b1   Thumb Code    30  _sgetc.o(.text)
    _sbackspace                              0x080003cf   Thumb Code    34  _sgetc.o(.text)
    __scatterload                            0x080003f1   Thumb Code    28  init.o(.text)
    __scatterload_rt2                        0x080003f1   Thumb Code     0  init.o(.text)
    __aeabi_llsl                             0x08000415   Thumb Code    30  llshl.o(.text)
    _ll_shift_l                              0x08000415   Thumb Code     0  llshl.o(.text)
    isspace                                  0x08000433   Thumb Code    10  isspace_c.o(.text)
    __vfscanf                                0x0800043d   Thumb Code   808  _scanf.o(.text)
    __ctype_lookup                           0x08000769   Thumb Code    34  ctype_c.o(.text)
    __decompress                             0x08000791   Thumb Code     0  __dczerorl2.o(.text)
    __decompress1                            0x08000791   Thumb Code    86  __dczerorl2.o(.text)
    BusFault_Handler                         0x080007e7   Thumb Code     4  stm32f1xx_it.o(i.BusFault_Handler)
    CDC_Transmit_FS                          0x08000881   Thumb Code    50  usbd_cdc_if.o(i.CDC_Transmit_FS)
    CRCInit                                  0x080008b9   Thumb Code    48  main.o(i.CRCInit)
    CalcCRC                                  0x080008ed   Thumb Code    38  main.o(i.CalcCRC)
    DebugMon_Handler                         0x08000919   Thumb Code     2  stm32f1xx_it.o(i.DebugMon_Handler)
    Error_Handler                            0x0800091b   Thumb Code     4  main.o(i.Error_Handler)
    GenerateHUFrame                          0x08000921   Thumb Code    62  tim.o(i.GenerateHUFrame)
    HAL_Delay                                0x08000965   Thumb Code    26  stm32f1xx_hal.o(i.HAL_Delay)
    HAL_GPIO_Init                            0x08000981   Thumb Code   764  stm32f1xx_hal_gpio.o(i.HAL_GPIO_Init)
    HAL_GPIO_WritePin                        0x08000c9d   Thumb Code    12  stm32f1xx_hal_gpio.o(i.HAL_GPIO_WritePin)
    HAL_GetTick                              0x08000ca9   Thumb Code     6  stm32f1xx_hal.o(i.HAL_GetTick)
    HAL_IncTick                              0x08000cb5   Thumb Code    12  stm32f1xx_hal.o(i.HAL_IncTick)
    HAL_Init                                 0x08000cc5   Thumb Code    34  stm32f1xx_hal.o(i.HAL_Init)
    HAL_InitTick                             0x08000ced   Thumb Code    36  stm32f1xx_hal.o(i.HAL_InitTick)
    HAL_MspInit                              0x08000d11   Thumb Code   130  stm32f1xx_hal_msp.o(i.HAL_MspInit)
    HAL_NVIC_EnableIRQ                       0x08000d9d   Thumb Code    26  stm32f1xx_hal_cortex.o(i.HAL_NVIC_EnableIRQ)
    HAL_NVIC_SetPriority                     0x08000db7   Thumb Code   124  stm32f1xx_hal_cortex.o(i.HAL_NVIC_SetPriority)
    HAL_NVIC_SetPriorityGrouping             0x08000e35   Thumb Code    32  stm32f1xx_hal_cortex.o(i.HAL_NVIC_SetPriorityGrouping)
    HAL_PCDEx_PMAConfig                      0x08000e5d   Thumb Code    62  stm32f1xx_hal_pcd_ex.o(i.HAL_PCDEx_PMAConfig)
    HAL_PCDEx_SetConnectionState             0x08000e9b   Thumb Code     2  usbd_conf.o(i.HAL_PCDEx_SetConnectionState)
    HAL_PCD_DataInStageCallback              0x08000e9d   Thumb Code    28  usbd_conf.o(i.HAL_PCD_DataInStageCallback)
    HAL_PCD_DataOutStageCallback             0x08000eb9   Thumb Code    28  usbd_conf.o(i.HAL_PCD_DataOutStageCallback)
    HAL_PCD_EP_Close                         0x08000ed5   Thumb Code   100  stm32f1xx_hal_pcd.o(i.HAL_PCD_EP_Close)
    HAL_PCD_EP_ClrStall                      0x08000f39   Thumb Code    98  stm32f1xx_hal_pcd.o(i.HAL_PCD_EP_ClrStall)
    HAL_PCD_EP_GetRxCount                    0x08000f9b   Thumb Code    20  stm32f1xx_hal_pcd.o(i.HAL_PCD_EP_GetRxCount)
    HAL_PCD_EP_Open                          0x08000faf   Thumb Code   118  stm32f1xx_hal_pcd.o(i.HAL_PCD_EP_Open)
    HAL_PCD_EP_Receive                       0x08001025   Thumb Code   106  stm32f1xx_hal_pcd.o(i.HAL_PCD_EP_Receive)
    HAL_PCD_EP_SetStall                      0x0800108f   Thumb Code   114  stm32f1xx_hal_pcd.o(i.HAL_PCD_EP_SetStall)
    HAL_PCD_EP_Transmit                      0x08001101   Thumb Code   108  stm32f1xx_hal_pcd.o(i.HAL_PCD_EP_Transmit)
    HAL_PCD_IRQHandler                       0x0800116d   Thumb Code   356  stm32f1xx_hal_pcd.o(i.HAL_PCD_IRQHandler)
    HAL_PCD_Init                             0x080012d1   Thumb Code   282  stm32f1xx_hal_pcd.o(i.HAL_PCD_Init)
    HAL_PCD_MspInit                          0x080013ed   Thumb Code    74  usbd_conf.o(i.HAL_PCD_MspInit)
    HAL_PCD_ResetCallback                    0x08001441   Thumb Code    42  usbd_conf.o(i.HAL_PCD_ResetCallback)
    HAL_PCD_ResumeCallback                   0x0800146b   Thumb Code    14  usbd_conf.o(i.HAL_PCD_ResumeCallback)
    HAL_PCD_SOFCallback                      0x08001479   Thumb Code    14  usbd_conf.o(i.HAL_PCD_SOFCallback)
    HAL_PCD_SetAddress                       0x08001487   Thumb Code    54  stm32f1xx_hal_pcd.o(i.HAL_PCD_SetAddress)
    HAL_PCD_SetupStageCallback               0x080014bd   Thumb Code    18  usbd_conf.o(i.HAL_PCD_SetupStageCallback)
    HAL_PCD_Start                            0x080014cf   Thumb Code    60  stm32f1xx_hal_pcd.o(i.HAL_PCD_Start)
    HAL_PCD_SuspendCallback                  0x0800150d   Thumb Code    30  usbd_conf.o(i.HAL_PCD_SuspendCallback)
    HAL_RCCEx_PeriphCLKConfig                0x08001531   Thumb Code   366  stm32f1xx_hal_rcc_ex.o(i.HAL_RCCEx_PeriphCLKConfig)
    HAL_RCC_CSSCallback                      0x080016ad   Thumb Code     2  stm32f1xx_hal_rcc.o(i.HAL_RCC_CSSCallback)
    HAL_RCC_ClockConfig                      0x080016b1   Thumb Code   648  stm32f1xx_hal_rcc.o(i.HAL_RCC_ClockConfig)
    HAL_RCC_EnableCSS                        0x08001949   Thumb Code    20  stm32f1xx_hal_rcc.o(i.HAL_RCC_EnableCSS)
    HAL_RCC_GetHCLKFreq                      0x08001961   Thumb Code     6  stm32f1xx_hal_rcc.o(i.HAL_RCC_GetHCLKFreq)
    HAL_RCC_GetPCLK1Freq                     0x0800196d   Thumb Code    36  stm32f1xx_hal_rcc.o(i.HAL_RCC_GetPCLK1Freq)
    HAL_RCC_GetPCLK2Freq                     0x08001999   Thumb Code    36  stm32f1xx_hal_rcc.o(i.HAL_RCC_GetPCLK2Freq)
    HAL_RCC_GetSysClockFreq                  0x080019c5   Thumb Code   146  stm32f1xx_hal_rcc.o(i.HAL_RCC_GetSysClockFreq)
    HAL_RCC_NMI_IRQHandler                   0x08001a79   Thumb Code    26  stm32f1xx_hal_rcc.o(i.HAL_RCC_NMI_IRQHandler)
    HAL_RCC_OscConfig                        0x08001a99   Thumb Code  2164  stm32f1xx_hal_rcc.o(i.HAL_RCC_OscConfig)
    HAL_SYSTICK_CLKSourceConfig              0x08002311   Thumb Code    40  stm32f1xx_hal_cortex.o(i.HAL_SYSTICK_CLKSourceConfig)
    HAL_SYSTICK_Callback                     0x08002339   Thumb Code     2  stm32f1xx_hal_cortex.o(i.HAL_SYSTICK_Callback)
    HAL_SYSTICK_Config                       0x0800233b   Thumb Code    52  stm32f1xx_hal_cortex.o(i.HAL_SYSTICK_Config)
    HAL_SYSTICK_IRQHandler                   0x0800236f   Thumb Code     8  stm32f1xx_hal_cortex.o(i.HAL_SYSTICK_IRQHandler)
    HAL_TIMEx_BreakCallback                  0x08002377   Thumb Code     2  stm32f1xx_hal_tim_ex.o(i.HAL_TIMEx_BreakCallback)
    HAL_TIMEx_CommutationCallback            0x08002379   Thumb Code     2  stm32f1xx_hal_tim_ex.o(i.HAL_TIMEx_CommutationCallback)
    HAL_TIMEx_MasterConfigSynchronization    0x0800237b   Thumb Code    98  stm32f1xx_hal_tim_ex.o(i.HAL_TIMEx_MasterConfigSynchronization)
    HAL_TIM_Base_Init                        0x080023dd   Thumb Code    52  stm32f1xx_hal_tim.o(i.HAL_TIM_Base_Init)
    HAL_TIM_Base_MspInit                     0x08002411   Thumb Code   134  tim.o(i.HAL_TIM_Base_MspInit)
    HAL_TIM_Base_Start                       0x080024a5   Thumb Code    30  stm32f1xx_hal_tim.o(i.HAL_TIM_Base_Start)
    HAL_TIM_Base_Start_IT                    0x080024c3   Thumb Code    30  stm32f1xx_hal_tim.o(i.HAL_TIM_Base_Start_IT)
    HAL_TIM_Base_Stop_IT                     0x080024e1   Thumb Code    56  stm32f1xx_hal_tim.o(i.HAL_TIM_Base_Stop_IT)
    HAL_TIM_ConfigClockSource                0x08002519   Thumb Code   306  stm32f1xx_hal_tim.o(i.HAL_TIM_ConfigClockSource)
    HAL_TIM_IC_CaptureCallback               0x0800264d   Thumb Code   298  tim.o(i.HAL_TIM_IC_CaptureCallback)
    HAL_TIM_IC_ConfigChannel                 0x08002799   Thumb Code   224  stm32f1xx_hal_tim.o(i.HAL_TIM_IC_ConfigChannel)
    HAL_TIM_IC_Init                          0x08002879   Thumb Code    52  stm32f1xx_hal_tim.o(i.HAL_TIM_IC_Init)
    HAL_TIM_IC_MspInit                       0x080028ad   Thumb Code     2  stm32f1xx_hal_tim.o(i.HAL_TIM_IC_MspInit)
    HAL_TIM_IC_Start_IT                      0x080028af   Thumb Code   108  stm32f1xx_hal_tim.o(i.HAL_TIM_IC_Start_IT)
    HAL_TIM_IRQHandler                       0x0800291b   Thumb Code   406  stm32f1xx_hal_tim.o(i.HAL_TIM_IRQHandler)
    HAL_TIM_OC_DelayElapsedCallback          0x08002ab1   Thumb Code     2  stm32f1xx_hal_tim.o(i.HAL_TIM_OC_DelayElapsedCallback)
    HAL_TIM_OnePulse_Init                    0x08002ab3   Thumb Code    76  stm32f1xx_hal_tim.o(i.HAL_TIM_OnePulse_Init)
    HAL_TIM_OnePulse_MspInit                 0x08002aff   Thumb Code     2  stm32f1xx_hal_tim.o(i.HAL_TIM_OnePulse_MspInit)
    HAL_TIM_PWM_PulseFinishedCallback        0x08002b01   Thumb Code     2  stm32f1xx_hal_tim.o(i.HAL_TIM_PWM_PulseFinishedCallback)
    HAL_TIM_PeriodElapsedCallback            0x08002b05   Thumb Code   228  tim.o(i.HAL_TIM_PeriodElapsedCallback)
    HAL_TIM_SlaveConfigSynchronization       0x08002c19   Thumb Code    86  stm32f1xx_hal_tim.o(i.HAL_TIM_SlaveConfigSynchronization)
    HAL_TIM_TriggerCallback                  0x08002c6f   Thumb Code     2  stm32f1xx_hal_tim.o(i.HAL_TIM_TriggerCallback)
    HAL_UART_Init                            0x08002c71   Thumb Code   110  stm32f1xx_hal_uart.o(i.HAL_UART_Init)
    HAL_UART_MspInit                         0x08002ce1   Thumb Code    86  usart.o(i.HAL_UART_MspInit)
    HardFault_Handler                        0x08002d45   Thumb Code     4  stm32f1xx_it.o(i.HardFault_Handler)
    MX_GPIO_Init                             0x08002d49   Thumb Code   182  gpio.o(i.MX_GPIO_Init)
    MX_TIM2_Init                             0x08002e0d   Thumb Code   178  tim.o(i.MX_TIM2_Init)
    MX_TIM3_Init                             0x08002ec5   Thumb Code    96  tim.o(i.MX_TIM3_Init)
    MX_USART1_UART_Init                      0x08002f2d   Thumb Code    46  usart.o(i.MX_USART1_UART_Init)
    MX_USB_DEVICE_Init                       0x08002f65   Thumb Code    36  usb_device.o(i.MX_USB_DEVICE_Init)
    MemManage_Handler                        0x08002f99   Thumb Code     4  stm32f1xx_it.o(i.MemManage_Handler)
    NMI_Handler                              0x08002f9d   Thumb Code     8  stm32f1xx_it.o(i.NMI_Handler)
    PendSV_Handler                           0x08003421   Thumb Code     2  stm32f1xx_it.o(i.PendSV_Handler)
    SVC_Handler                              0x08003423   Thumb Code     2  stm32f1xx_it.o(i.SVC_Handler)
    SendBytes                                0x08003425   Thumb Code   168  tim.o(i.SendBytes)
    SendFrame                                0x080034d9   Thumb Code    84  tim.o(i.SendFrame)
    SendSOF                                  0x08003535   Thumb Code    86  tim.o(i.SendSOF)
    SysTick_Handler                          0x08003599   Thumb Code    12  stm32f1xx_it.o(i.SysTick_Handler)
    SystemClock_Config                       0x080035a5   Thumb Code   146  main.o(i.SystemClock_Config)
    SystemInit                               0x08003639   Thumb Code    70  system_stm32f1xx.o(i.SystemInit)
    TIM2_IRQHandler                          0x08003691   Thumb Code    10  stm32f1xx_it.o(i.TIM2_IRQHandler)
    TIM3_IRQHandler                          0x080036a1   Thumb Code    10  stm32f1xx_it.o(i.TIM3_IRQHandler)
    TIM_Base_SetConfig                       0x080036b1   Thumb Code    94  stm32f1xx_hal_tim.o(i.TIM_Base_SetConfig)
    TIM_CCxChannelCmd                        0x0800371d   Thumb Code    28  stm32f1xx_hal_tim.o(i.TIM_CCxChannelCmd)
    TIM_TI1_SetConfig                        0x08003835   Thumb Code    94  stm32f1xx_hal_tim.o(i.TIM_TI1_SetConfig)
    USBD_CDC_GetDeviceQualifierDescriptor    0x08003c11   Thumb Code    10  usbd_cdc.o(i.USBD_CDC_GetDeviceQualifierDescriptor)
    USBD_CDC_ReceivePacket                   0x08003cf7   Thumb Code    58  usbd_cdc.o(i.USBD_CDC_ReceivePacket)
    USBD_CDC_RegisterInterface               0x08003d31   Thumb Code    14  usbd_cdc.o(i.USBD_CDC_RegisterInterface)
    USBD_CDC_SetRxBuffer                     0x08003d3f   Thumb Code    14  usbd_cdc.o(i.USBD_CDC_SetRxBuffer)
    USBD_CDC_SetTxBuffer                     0x08003d4d   Thumb Code    20  usbd_cdc.o(i.USBD_CDC_SetTxBuffer)
    USBD_CDC_TransmitPacket                  0x08003df1   Thumb Code    56  usbd_cdc.o(i.USBD_CDC_TransmitPacket)
    USBD_ClrClassConfig                      0x08003e29   Thumb Code    22  usbd_core.o(i.USBD_ClrClassConfig)
    USBD_CtlContinueRx                       0x08003e83   Thumb Code    24  usbd_ioreq.o(i.USBD_CtlContinueRx)
    USBD_CtlContinueSendData                 0x08003e9b   Thumb Code    24  usbd_ioreq.o(i.USBD_CtlContinueSendData)
    USBD_CtlError                            0x08003eb3   Thumb Code    24  usbd_ctlreq.o(i.USBD_CtlError)
    USBD_CtlPrepareRx                        0x08003ecb   Thumb Code    40  usbd_ioreq.o(i.USBD_CtlPrepareRx)
    USBD_CtlReceiveStatus                    0x08003ef3   Thumb Code    26  usbd_ioreq.o(i.USBD_CtlReceiveStatus)
    USBD_CtlSendData                         0x08003f0d   Thumb Code    34  usbd_ioreq.o(i.USBD_CtlSendData)
    USBD_CtlSendStatus                       0x08003f2f   Thumb Code    26  usbd_ioreq.o(i.USBD_CtlSendStatus)
    USBD_FS_ConfigStrDescriptor              0x08003f49   Thumb Code    34  usbd_desc.o(i.USBD_FS_ConfigStrDescriptor)
    USBD_FS_DeviceDescriptor                 0x08003f7d   Thumb Code    10  usbd_desc.o(i.USBD_FS_DeviceDescriptor)
    USBD_FS_InterfaceStrDescriptor           0x08003f8d   Thumb Code    34  usbd_desc.o(i.USBD_FS_InterfaceStrDescriptor)
    USBD_FS_LangIDStrDescriptor              0x08003fc5   Thumb Code    10  usbd_desc.o(i.USBD_FS_LangIDStrDescriptor)
    USBD_FS_ManufacturerStrDescriptor        0x08003fd5   Thumb Code    20  usbd_desc.o(i.USBD_FS_ManufacturerStrDescriptor)
    USBD_FS_ProductStrDescriptor             0x08004001   Thumb Code    34  usbd_desc.o(i.USBD_FS_ProductStrDescriptor)
    USBD_FS_SerialStrDescriptor              0x08004041   Thumb Code    34  usbd_desc.o(i.USBD_FS_SerialStrDescriptor)
    USBD_GetString                           0x08004269   Thumb Code    82  usbd_ctlreq.o(i.USBD_GetString)
    USBD_Init                                0x080042bb   Thumb Code    50  usbd_core.o(i.USBD_Init)
    USBD_LL_ClearStallEP                     0x080042ed   Thumb Code    20  usbd_conf.o(i.USBD_LL_ClearStallEP)
    USBD_LL_CloseEP                          0x08004301   Thumb Code    20  usbd_conf.o(i.USBD_LL_CloseEP)
    USBD_LL_DataInStage                      0x08004315   Thumb Code   218  usbd_core.o(i.USBD_LL_DataInStage)
    USBD_LL_DataOutStage                     0x080043ef   Thumb Code   134  usbd_core.o(i.USBD_LL_DataOutStage)
    USBD_LL_GetRxDataSize                    0x08004475   Thumb Code    18  usbd_conf.o(i.USBD_LL_GetRxDataSize)
    USBD_LL_Init                             0x08004489   Thumb Code   126  usbd_conf.o(i.USBD_LL_Init)
    USBD_LL_IsStallEP                        0x08004511   Thumb Code    48  usbd_conf.o(i.USBD_LL_IsStallEP)
    USBD_LL_OpenEP                           0x08004541   Thumb Code    32  usbd_conf.o(i.USBD_LL_OpenEP)
    USBD_LL_PrepareReceive                   0x08004561   Thumb Code    32  usbd_conf.o(i.USBD_LL_PrepareReceive)
    USBD_LL_Reset                            0x08004581   Thumb Code    68  usbd_core.o(i.USBD_LL_Reset)
    USBD_LL_Resume                           0x080045c5   Thumb Code    14  usbd_core.o(i.USBD_LL_Resume)
    USBD_LL_SOF                              0x080045d3   Thumb Code    34  usbd_core.o(i.USBD_LL_SOF)
    USBD_LL_SetSpeed                         0x080045f5   Thumb Code     8  usbd_core.o(i.USBD_LL_SetSpeed)
    USBD_LL_SetUSBAddress                    0x080045fd   Thumb Code    20  usbd_conf.o(i.USBD_LL_SetUSBAddress)
    USBD_LL_SetupStage                       0x08004611   Thumb Code   110  usbd_core.o(i.USBD_LL_SetupStage)
    USBD_LL_StallEP                          0x0800467f   Thumb Code    20  usbd_conf.o(i.USBD_LL_StallEP)
    USBD_LL_Start                            0x08004693   Thumb Code    16  usbd_conf.o(i.USBD_LL_Start)
    USBD_LL_Suspend                          0x080046a3   Thumb Code    20  usbd_core.o(i.USBD_LL_Suspend)
    USBD_LL_Transmit                         0x080046b7   Thumb Code    32  usbd_conf.o(i.USBD_LL_Transmit)
    USBD_ParseSetupRequest                   0x080046d7   Thumb Code    40  usbd_ctlreq.o(i.USBD_ParseSetupRequest)
    USBD_RegisterClass                       0x080046ff   Thumb Code    16  usbd_core.o(i.USBD_RegisterClass)
    USBD_RunTestMode                         0x0800470f   Thumb Code     6  usbd_core.o(i.USBD_RunTestMode)
    USBD_SetClassConfig                      0x08004769   Thumb Code    34  usbd_core.o(i.USBD_SetClassConfig)
    USBD_Start                               0x08004891   Thumb Code    14  usbd_core.o(i.USBD_Start)
    USBD_StdDevReq                           0x0800489f   Thumb Code   114  usbd_ctlreq.o(i.USBD_StdDevReq)
    USBD_StdEPReq                            0x08004911   Thumb Code   342  usbd_ctlreq.o(i.USBD_StdEPReq)
    USBD_StdItfReq                           0x08004a67   Thumb Code    74  usbd_ctlreq.o(i.USBD_StdItfReq)
    USBD_static_free                         0x08004ab1   Thumb Code     2  usbd_conf.o(i.USBD_static_free)
    USBD_static_malloc                       0x08004ab5   Thumb Code     6  usbd_conf.o(i.USBD_static_malloc)
    USB_ActivateEndpoint                     0x08004ac1   Thumb Code   938  stm32f1xx_ll_usb.o(i.USB_ActivateEndpoint)
    USB_CoreInit                             0x08004e6b   Thumb Code     8  stm32f1xx_ll_usb.o(i.USB_CoreInit)
    USB_DeactivateEndpoint                   0x08004e73   Thumb Code   532  stm32f1xx_ll_usb.o(i.USB_DeactivateEndpoint)
    USB_DevConnect                           0x08005087   Thumb Code     6  stm32f1xx_ll_usb.o(i.USB_DevConnect)
    USB_DevDisconnect                        0x0800508d   Thumb Code     6  stm32f1xx_ll_usb.o(i.USB_DevDisconnect)
    USB_DevInit                              0x08005093   Thumb Code    22  stm32f1xx_ll_usb.o(i.USB_DevInit)
    USB_DisableGlobalInt                     0x080050a9   Thumb Code    22  stm32f1xx_ll_usb.o(i.USB_DisableGlobalInt)
    USB_EP0_OutStart                         0x080050bf   Thumb Code     6  stm32f1xx_ll_usb.o(i.USB_EP0_OutStart)
    USB_EPClearStall                         0x080050c5   Thumb Code   180  stm32f1xx_ll_usb.o(i.USB_EPClearStall)
    USB_EPSetStall                           0x08005179   Thumb Code   134  stm32f1xx_ll_usb.o(i.USB_EPSetStall)
    USB_EPStartXfer                          0x080051ff   Thumb Code   818  stm32f1xx_ll_usb.o(i.USB_EPStartXfer)
    USB_EnableGlobalInt                      0x08005531   Thumb Code    22  stm32f1xx_ll_usb.o(i.USB_EnableGlobalInt)
    USB_HP_CAN1_TX_IRQHandler                0x08005549   Thumb Code    10  stm32f1xx_it.o(i.USB_HP_CAN1_TX_IRQHandler)
    USB_LP_CAN1_RX0_IRQHandler               0x08005559   Thumb Code    10  stm32f1xx_it.o(i.USB_LP_CAN1_RX0_IRQHandler)
    USB_ReadInterrupts                       0x08005569   Thumb Code    10  stm32f1xx_ll_usb.o(i.USB_ReadInterrupts)
    USB_ReadPMA                              0x08005573   Thumb Code    40  stm32f1xx_ll_usb.o(i.USB_ReadPMA)
    USB_SetCurrentMode                       0x0800559b   Thumb Code     6  stm32f1xx_ll_usb.o(i.USB_SetCurrentMode)
    USB_SetDevAddress                        0x080055a1   Thumb Code    14  stm32f1xx_ll_usb.o(i.USB_SetDevAddress)
    USB_WritePMA                             0x080055af   Thumb Code    66  stm32f1xx_ll_usb.o(i.USB_WritePMA)
    UsageFault_Handler                       0x080055f1   Thumb Code     4  stm32f1xx_it.o(i.UsageFault_Handler)
    __0sprintf$8                             0x080055f5   Thumb Code    34  printf8.o(i.__0sprintf$8)
    __1sprintf$8                             0x080055f5   Thumb Code     0  printf8.o(i.__0sprintf$8)
    __2sprintf                               0x080055f5   Thumb Code     0  printf8.o(i.__0sprintf$8)
    __scatterload_copy                       0x0800561d   Thumb Code    14  handlers.o(i.__scatterload_copy)
    __scatterload_null                       0x0800562b   Thumb Code     2  handlers.o(i.__scatterload_null)
    __scatterload_zeroinit                   0x0800562d   Thumb Code    14  handlers.o(i.__scatterload_zeroinit)
    cbInit                                   0x08005aa9   Thumb Code    52  main.o(i.cbInit)
    cbPopFront                               0x08005add   Thumb Code    54  main.o(i.cbPopFront)
    cbPushBack                               0x08005b13   Thumb Code    56  main.o(i.cbPushBack)
    main                                     0x08005b4d   Thumb Code   466  main.o(i.main)
    malloc                                   0x08005d55   Thumb Code    92  malloc.o(i.malloc)
    AHBPrescTable                            0x08005dcc   Data          16  system_stm32f1xx.o(.constdata)
    APBPrescTable                            0x08005ddc   Data           8  system_stm32f1xx.o(.constdata)
    __ctype_categories                       0x08005de4   Data          64  ctype_c.o(.constdata)
    Region$$Table$$Base                      0x08005e24   Number         0  anon$$obj.o(Region$$Table)
    Region$$Table$$Limit                     0x08005e44   Number         0  anon$$obj.o(Region$$Table)
    FS_Desc                                  0x20000000   Data          28  usbd_desc.o(.data)
    USBD_FS_DeviceDesc                       0x2000001c   Data          18  usbd_desc.o(.data)
    USBD_LangIDDesc                          0x20000030   Data           4  usbd_desc.o(.data)
    inFramePtr                               0x20000034   Data           4  tim.o(.data)
    outFramePtr                              0x20000038   Data           4  tim.o(.data)
    bFrame                                   0x2000003c   Data           1  tim.o(.data)
    bFrameTx                                 0x2000003d   Data           1  tim.o(.data)
    bHUReady                                 0x2000003e   Data           1  tim.o(.data)
    inFrameBit                               0x2000003f   Data           1  tim.o(.data)
    inFrameLen                               0x20000040   Data           1  tim.o(.data)
    outFrameLen                              0x20000041   Data           1  tim.o(.data)
    huInitRequest                            0x20000042   Data           3  tim.o(.data)
    huInitResponse                           0x20000045   Data           2  tim.o(.data)
    huResponseHeaders                        0x20000047   Data           3  tim.o(.data)
    USBD_Interface_fops_FS                   0x2000004c   Data          16  usbd_cdc_if.o(.data)
    SystemCoreClock                          0x2000005c   Data           4  system_stm32f1xx.o(.data)
    USBD_CDC                                 0x20000070   Data          56  usbd_cdc.o(.data)
    USBD_CDC_CfgHSDesc                       0x200000a8   Data          67  usbd_cdc.o(.data)
    USBD_CDC_CfgFSDesc                       0x200000ec   Data          67  usbd_cdc.o(.data)
    USBD_CDC_OtherSpeedCfgDesc               0x20000130   Data          67  usbd_cdc.o(.data)
    __microlib_freelist                      0x20000178   Data           4  mvars.o(.data)
    __microlib_freelist_initialised          0x2000017c   Data           4  mvars.o(.data)
    USBD_StrDesc                             0x20000180   Data         512  usbd_desc.o(.bss)
    htim2                                    0x20000380   Data          60  tim.o(.bss)
    htim3                                    0x200003bc   Data          60  tim.o(.bss)
    inFrame                                  0x200003f8   Data          12  tim.o(.bss)
    outFrame                                 0x20000404   Data          12  tim.o(.bss)
    UserRxBufferFS                           0x20000410   Data          64  usbd_cdc_if.o(.bss)
    UserTxBufferFS                           0x20000450   Data          64  usbd_cdc_if.o(.bss)
    hpcd_USB_FS                              0x20000490   Data        1056  usbd_conf.o(.bss)
    usbTransmit                              0x20000ad0   Data        1024  main.o(.bss)
    crcTable                                 0x20000ed0   Data         256  main.o(.bss)
    cbSWRxBuffer                             0x20000fd0   Data          28  main.o(.bss)
    cbSWTxBuffer                             0x20000fec   Data          28  main.o(.bss)
    cbUSBRxBuffer                            0x20001008   Data          28  main.o(.bss)
    hUsbDeviceFS                             0x20001024   Data         548  usb_device.o(.bss)
    huart1                                   0x20001248   Data          64  usart.o(.bss)
    __heap_base                              0x20001288   Data           0  startup_stm32f103xb.o(HEAP)
    __heap_limit                             0x20001688   Data           0  startup_stm32f103xb.o(HEAP)
    __initial_sp                             0x20001e88   Data           0  startup_stm32f103xb.o(STACK)



==============================================================================

Memory Map of the image

  Image Entry point : 0x080000ed

  Load Region LR_IROM1 (Base: 0x08000000, Size: 0x00005fc4, Max: 0x00010000, ABSOLUTE, COMPRESSED[0x00005f18])

    Execution Region ER_IROM1 (Base: 0x08000000, Size: 0x00005e44, Max: 0x00010000, ABSOLUTE)

    Base Addr    Size         Type   Attr      Idx    E Section Name        Object

    0x08000000   0x000000ec   Data   RO         3844    RESET               startup_stm32f103xb.o
    0x080000ec   0x00000000   Code   RO         3849  * .ARM.Collect$$$$00000000  mc_w.l(entry.o)
    0x080000ec   0x00000004   Code   RO         4153    .ARM.Collect$$$$00000001  mc_w.l(entry2.o)
    0x080000f0   0x00000004   Code   RO         4156    .ARM.Collect$$$$00000004  mc_w.l(entry5.o)
    0x080000f4   0x00000000   Code   RO         4158    .ARM.Collect$$$$00000008  mc_w.l(entry7b.o)
    0x080000f4   0x00000000   Code   RO         4160    .ARM.Collect$$$$0000000A  mc_w.l(entry8b.o)
    0x080000f4   0x00000008   Code   RO         4161    .ARM.Collect$$$$0000000B  mc_w.l(entry9a.o)
    0x080000fc   0x00000000   Code   RO         4163    .ARM.Collect$$$$0000000D  mc_w.l(entry10a.o)
    0x080000fc   0x00000000   Code   RO         4165    .ARM.Collect$$$$0000000F  mc_w.l(entry11a.o)
    0x080000fc   0x00000004   Code   RO         4154    .ARM.Collect$$$$00002712  mc_w.l(entry2.o)
    0x08000100   0x00000024   Code   RO         3845    .text               startup_stm32f103xb.o
    0x08000124   0x00000020   Code   RO         3852    .text               mc_w.l(llushr.o)
    0x08000144   0x00000024   Code   RO         3854    .text               mc_w.l(memcpya.o)
    0x08000168   0x0000001a   Code   RO         3856    .text               mc_w.l(memcmp.o)
    0x08000182   0x00000002   PAD
    0x08000184   0x00000038   Code   RO         4149    .text               mc_w.l(__0sscanf.o)
    0x080001bc   0x0000014c   Code   RO         4151    .text               mc_w.l(_scanf_int.o)
    0x08000308   0x00000062   Code   RO         4172    .text               mc_w.l(uldiv.o)
    0x0800036a   0x0000001c   Code   RO         4176    .text               mc_w.l(_chval.o)
    0x08000386   0x00000002   PAD
    0x08000388   0x00000028   Code   RO         4178    .text               mc_w.l(scanf_char.o)
    0x080003b0   0x00000040   Code   RO         4180    .text               mc_w.l(_sgetc.o)
    0x080003f0   0x00000024   Code   RO         4193    .text               mc_w.l(init.o)
    0x08000414   0x0000001e   Code   RO         4196    .text               mc_w.l(llshl.o)
    0x08000432   0x0000000a   Code   RO         4200    .text               mc_w.l(isspace_c.o)
    0x0800043c   0x0000032c   Code   RO         4202    .text               mc_w.l(_scanf.o)
    0x08000768   0x00000028   Code   RO         4207    .text               mc_w.l(ctype_c.o)
    0x08000790   0x00000056   Code   RO         4218    .text               mc_w.l(__dczerorl2.o)
    0x080007e6   0x00000004   Code   RO            4    i.BusFault_Handler  stm32f1xx_it.o
    0x080007ea   0x00000044   Code   RO          428    i.CDC_Control_FS    usbd_cdc_if.o
    0x0800082e   0x00000004   Code   RO          429    i.CDC_DeInit_FS     usbd_cdc_if.o
    0x08000832   0x00000002   PAD
    0x08000834   0x00000024   Code   RO          430    i.CDC_Init_FS       usbd_cdc_if.o
    0x08000858   0x00000028   Code   RO          431    i.CDC_Receive_FS    usbd_cdc_if.o
    0x08000880   0x00000038   Code   RO          432    i.CDC_Transmit_FS   usbd_cdc_if.o
    0x080008b8   0x00000034   Code   RO          715    i.CRCInit           main.o
    0x080008ec   0x0000002c   Code   RO          716    i.CalcCRC           main.o
    0x08000918   0x00000002   Code   RO            5    i.DebugMon_Handler  stm32f1xx_it.o
    0x0800091a   0x00000004   Code   RO          717    i.Error_Handler     main.o
    0x0800091e   0x00000002   PAD
    0x08000920   0x00000044   Code   RO          318    i.GenerateHUFrame   tim.o
    0x08000964   0x0000001a   Code   RO          958    i.HAL_Delay         stm32f1xx_hal.o
    0x0800097e   0x00000002   PAD
    0x08000980   0x0000031c   Code   RO         1435    i.HAL_GPIO_Init     stm32f1xx_hal_gpio.o
    0x08000c9c   0x0000000c   Code   RO         1439    i.HAL_GPIO_WritePin  stm32f1xx_hal_gpio.o
    0x08000ca8   0x0000000c   Code   RO          962    i.HAL_GetTick       stm32f1xx_hal.o
    0x08000cb4   0x00000010   Code   RO          963    i.HAL_IncTick       stm32f1xx_hal.o
    0x08000cc4   0x00000028   Code   RO          964    i.HAL_Init          stm32f1xx_hal.o
    0x08000cec   0x00000024   Code   RO          965    i.HAL_InitTick      stm32f1xx_hal.o
    0x08000d10   0x0000008c   Code   RO          691    i.HAL_MspInit       stm32f1xx_hal_msp.o
    0x08000d9c   0x0000001a   Code   RO         2494    i.HAL_NVIC_EnableIRQ  stm32f1xx_hal_cortex.o
    0x08000db6   0x0000007c   Code   RO         2500    i.HAL_NVIC_SetPriority  stm32f1xx_hal_cortex.o
    0x08000e32   0x00000002   PAD
    0x08000e34   0x00000028   Code   RO         2501    i.HAL_NVIC_SetPriorityGrouping  stm32f1xx_hal_cortex.o
    0x08000e5c   0x0000003e   Code   RO         1085    i.HAL_PCDEx_PMAConfig  stm32f1xx_hal_pcd_ex.o
    0x08000e9a   0x00000002   Code   RO          484    i.HAL_PCDEx_SetConnectionState  usbd_conf.o
    0x08000e9c   0x0000001c   Code   RO          486    i.HAL_PCD_DataInStageCallback  usbd_conf.o
    0x08000eb8   0x0000001c   Code   RO          487    i.HAL_PCD_DataOutStageCallback  usbd_conf.o
    0x08000ed4   0x00000064   Code   RO         1226    i.HAL_PCD_EP_Close  stm32f1xx_hal_pcd.o
    0x08000f38   0x00000062   Code   RO         1227    i.HAL_PCD_EP_ClrStall  stm32f1xx_hal_pcd.o
    0x08000f9a   0x00000014   Code   RO         1229    i.HAL_PCD_EP_GetRxCount  stm32f1xx_hal_pcd.o
    0x08000fae   0x00000076   Code   RO         1230    i.HAL_PCD_EP_Open   stm32f1xx_hal_pcd.o
    0x08001024   0x0000006a   Code   RO         1231    i.HAL_PCD_EP_Receive  stm32f1xx_hal_pcd.o
    0x0800108e   0x00000072   Code   RO         1232    i.HAL_PCD_EP_SetStall  stm32f1xx_hal_pcd.o
    0x08001100   0x0000006c   Code   RO         1233    i.HAL_PCD_EP_Transmit  stm32f1xx_hal_pcd.o
    0x0800116c   0x00000164   Code   RO         1235    i.HAL_PCD_IRQHandler  stm32f1xx_hal_pcd.o
    0x080012d0   0x0000011a   Code   RO         1238    i.HAL_PCD_Init      stm32f1xx_hal_pcd.o
    0x080013ea   0x00000002   PAD
    0x080013ec   0x00000054   Code   RO          492    i.HAL_PCD_MspInit   usbd_conf.o
    0x08001440   0x0000002a   Code   RO          493    i.HAL_PCD_ResetCallback  usbd_conf.o
    0x0800146a   0x0000000e   Code   RO          494    i.HAL_PCD_ResumeCallback  usbd_conf.o
    0x08001478   0x0000000e   Code   RO          495    i.HAL_PCD_SOFCallback  usbd_conf.o
    0x08001486   0x00000036   Code   RO         1244    i.HAL_PCD_SetAddress  stm32f1xx_hal_pcd.o
    0x080014bc   0x00000012   Code   RO          496    i.HAL_PCD_SetupStageCallback  usbd_conf.o
    0x080014ce   0x0000003c   Code   RO         1246    i.HAL_PCD_Start     stm32f1xx_hal_pcd.o
    0x0800150a   0x00000002   PAD
    0x0800150c   0x00000024   Code   RO          497    i.HAL_PCD_SuspendCallback  usbd_conf.o
    0x08001530   0x0000017c   Code   RO         3029    i.HAL_RCCEx_PeriphCLKConfig  stm32f1xx_hal_rcc_ex.o
    0x080016ac   0x00000002   Code   RO         1115    i.HAL_RCC_CSSCallback  stm32f1xx_hal_rcc.o
    0x080016ae   0x00000002   PAD
    0x080016b0   0x00000298   Code   RO         1116    i.HAL_RCC_ClockConfig  stm32f1xx_hal_rcc.o
    0x08001948   0x00000018   Code   RO         1119    i.HAL_RCC_EnableCSS  stm32f1xx_hal_rcc.o
    0x08001960   0x0000000c   Code   RO         1121    i.HAL_RCC_GetHCLKFreq  stm32f1xx_hal_rcc.o
    0x0800196c   0x0000002c   Code   RO         1123    i.HAL_RCC_GetPCLK1Freq  stm32f1xx_hal_rcc.o
    0x08001998   0x0000002c   Code   RO         1124    i.HAL_RCC_GetPCLK2Freq  stm32f1xx_hal_rcc.o
    0x080019c4   0x000000b4   Code   RO         1125    i.HAL_RCC_GetSysClockFreq  stm32f1xx_hal_rcc.o
    0x08001a78   0x00000020   Code   RO         1127    i.HAL_RCC_NMI_IRQHandler  stm32f1xx_hal_rcc.o
    0x08001a98   0x00000878   Code   RO         1128    i.HAL_RCC_OscConfig  stm32f1xx_hal_rcc.o
    0x08002310   0x00000028   Code   RO         2503    i.HAL_SYSTICK_CLKSourceConfig  stm32f1xx_hal_cortex.o
    0x08002338   0x00000002   Code   RO         2504    i.HAL_SYSTICK_Callback  stm32f1xx_hal_cortex.o
    0x0800233a   0x00000034   Code   RO         2505    i.HAL_SYSTICK_Config  stm32f1xx_hal_cortex.o
    0x0800236e   0x00000008   Code   RO         2506    i.HAL_SYSTICK_IRQHandler  stm32f1xx_hal_cortex.o
    0x08002376   0x00000002   Code   RO         2691    i.HAL_TIMEx_BreakCallback  stm32f1xx_hal_tim_ex.o
    0x08002378   0x00000002   Code   RO         2692    i.HAL_TIMEx_CommutationCallback  stm32f1xx_hal_tim_ex.o
    0x0800237a   0x00000062   Code   RO         2708    i.HAL_TIMEx_MasterConfigSynchronization  stm32f1xx_hal_tim_ex.o
    0x080023dc   0x00000034   Code   RO         1661    i.HAL_TIM_Base_Init  stm32f1xx_hal_tim.o
    0x08002410   0x00000094   Code   RO          320    i.HAL_TIM_Base_MspInit  tim.o
    0x080024a4   0x0000001e   Code   RO         1664    i.HAL_TIM_Base_Start  stm32f1xx_hal_tim.o
    0x080024c2   0x0000001e   Code   RO         1666    i.HAL_TIM_Base_Start_IT  stm32f1xx_hal_tim.o
    0x080024e0   0x00000038   Code   RO         1669    i.HAL_TIM_Base_Stop_IT  stm32f1xx_hal_tim.o
    0x08002518   0x00000132   Code   RO         1670    i.HAL_TIM_ConfigClockSource  stm32f1xx_hal_tim.o
    0x0800264a   0x00000002   PAD
    0x0800264c   0x0000014c   Code   RO          321    i.HAL_TIM_IC_CaptureCallback  tim.o
    0x08002798   0x000000e0   Code   RO         1691    i.HAL_TIM_IC_ConfigChannel  stm32f1xx_hal_tim.o
    0x08002878   0x00000034   Code   RO         1694    i.HAL_TIM_IC_Init   stm32f1xx_hal_tim.o
    0x080028ac   0x00000002   Code   RO         1696    i.HAL_TIM_IC_MspInit  stm32f1xx_hal_tim.o
    0x080028ae   0x0000006c   Code   RO         1699    i.HAL_TIM_IC_Start_IT  stm32f1xx_hal_tim.o
    0x0800291a   0x00000196   Code   RO         1703    i.HAL_TIM_IRQHandler  stm32f1xx_hal_tim.o
    0x08002ab0   0x00000002   Code   RO         1706    i.HAL_TIM_OC_DelayElapsedCallback  stm32f1xx_hal_tim.o
    0x08002ab2   0x0000004c   Code   RO         1720    i.HAL_TIM_OnePulse_Init  stm32f1xx_hal_tim.o
    0x08002afe   0x00000002   Code   RO         1722    i.HAL_TIM_OnePulse_MspInit  stm32f1xx_hal_tim.o
    0x08002b00   0x00000002   Code   RO         1733    i.HAL_TIM_PWM_PulseFinishedCallback  stm32f1xx_hal_tim.o
    0x08002b02   0x00000002   PAD
    0x08002b04   0x00000114   Code   RO          322    i.HAL_TIM_PeriodElapsedCallback  tim.o
    0x08002c18   0x00000056   Code   RO         1742    i.HAL_TIM_SlaveConfigSynchronization  stm32f1xx_hal_tim.o
    0x08002c6e   0x00000002   Code   RO         1744    i.HAL_TIM_TriggerCallback  stm32f1xx_hal_tim.o
    0x08002c70   0x0000006e   Code   RO         3221    i.HAL_UART_Init     stm32f1xx_hal_uart.o
    0x08002cde   0x00000002   PAD
    0x08002ce0   0x00000064   Code   RO          873    i.HAL_UART_MspInit  usart.o
    0x08002d44   0x00000004   Code   RO            6    i.HardFault_Handler  stm32f1xx_it.o
    0x08002d48   0x000000c4   Code   RO          200    i.MX_GPIO_Init      gpio.o
    0x08002e0c   0x000000b8   Code   RO          323    i.MX_TIM2_Init      tim.o
    0x08002ec4   0x00000068   Code   RO          324    i.MX_TIM3_Init      tim.o
    0x08002f2c   0x00000038   Code   RO          874    i.MX_USART1_UART_Init  usart.o
    0x08002f64   0x00000034   Code   RO          811    i.MX_USB_DEVICE_Init  usb_device.o
    0x08002f98   0x00000004   Code   RO            7    i.MemManage_Handler  stm32f1xx_it.o
    0x08002f9c   0x00000008   Code   RO            8    i.NMI_Handler       stm32f1xx_it.o
    0x08002fa4   0x00000010   Code   RO         2507    i.NVIC_GetPriorityGrouping  stm32f1xx_hal_cortex.o
    0x08002fb4   0x00000028   Code   RO         2508    i.NVIC_SetPriority  stm32f1xx_hal_cortex.o
    0x08002fdc   0x00000444   Code   RO         1249    i.PCD_EP_ISR_Handler  stm32f1xx_hal_pcd.o
    0x08003420   0x00000002   Code   RO            9    i.PendSV_Handler    stm32f1xx_it.o
    0x08003422   0x00000002   Code   RO           10    i.SVC_Handler       stm32f1xx_it.o
    0x08003424   0x000000b4   Code   RO          325    i.SendBytes         tim.o
    0x080034d8   0x0000005c   Code   RO          326    i.SendFrame         tim.o
    0x08003534   0x00000064   Code   RO          327    i.SendSOF           tim.o
    0x08003598   0x0000000c   Code   RO           11    i.SysTick_Handler   stm32f1xx_it.o
    0x080035a4   0x00000092   Code   RO          718    i.SystemClock_Config  main.o
    0x08003636   0x00000002   PAD
    0x08003638   0x00000058   Code   RO          915    i.SystemInit        system_stm32f1xx.o
    0x08003690   0x00000010   Code   RO           12    i.TIM2_IRQHandler   stm32f1xx_it.o
    0x080036a0   0x00000010   Code   RO           13    i.TIM3_IRQHandler   stm32f1xx_it.o
    0x080036b0   0x0000006c   Code   RO         1745    i.TIM_Base_SetConfig  stm32f1xx_hal_tim.o
    0x0800371c   0x0000001c   Code   RO         1746    i.TIM_CCxChannelCmd  stm32f1xx_hal_tim.o
    0x08003738   0x00000018   Code   RO         1752    i.TIM_ETR_SetConfig  stm32f1xx_hal_tim.o
    0x08003750   0x00000014   Code   RO         1753    i.TIM_ITRx_SetConfig  stm32f1xx_hal_tim.o
    0x08003764   0x000000a4   Code   RO         1758    i.TIM_SlaveTimer_SetConfig  stm32f1xx_hal_tim.o
    0x08003808   0x0000002a   Code   RO         1759    i.TIM_TI1_ConfigInputStage  stm32f1xx_hal_tim.o
    0x08003832   0x00000002   PAD
    0x08003834   0x0000006c   Code   RO         1760    i.TIM_TI1_SetConfig  stm32f1xx_hal_tim.o
    0x080038a0   0x0000002c   Code   RO         1761    i.TIM_TI2_ConfigInputStage  stm32f1xx_hal_tim.o
    0x080038cc   0x0000003e   Code   RO         1762    i.TIM_TI2_SetConfig  stm32f1xx_hal_tim.o
    0x0800390a   0x0000003c   Code   RO         1763    i.TIM_TI3_SetConfig  stm32f1xx_hal_tim.o
    0x08003946   0x00000040   Code   RO         1764    i.TIM_TI4_SetConfig  stm32f1xx_hal_tim.o
    0x08003986   0x00000002   PAD
    0x08003988   0x000001c8   Code   RO         3241    i.UART_SetConfig    stm32f1xx_hal_uart.o
    0x08003b50   0x0000001a   Code   RO         3645    i.USBD_CDC_DataIn   usbd_cdc.o
    0x08003b6a   0x00000034   Code   RO         3646    i.USBD_CDC_DataOut  usbd_cdc.o
    0x08003b9e   0x00000040   Code   RO         3647    i.USBD_CDC_DeInit   usbd_cdc.o
    0x08003bde   0x00000032   Code   RO         3648    i.USBD_CDC_EP0_RxReady  usbd_cdc.o
    0x08003c10   0x00000010   Code   RO         3649    i.USBD_CDC_GetDeviceQualifierDescriptor  usbd_cdc.o
    0x08003c20   0x00000010   Code   RO         3650    i.USBD_CDC_GetFSCfgDesc  usbd_cdc.o
    0x08003c30   0x00000010   Code   RO         3651    i.USBD_CDC_GetHSCfgDesc  usbd_cdc.o
    0x08003c40   0x00000010   Code   RO         3652    i.USBD_CDC_GetOtherSpeedCfgDesc  usbd_cdc.o
    0x08003c50   0x000000a6   Code   RO         3653    i.USBD_CDC_Init     usbd_cdc.o
    0x08003cf6   0x0000003a   Code   RO         3654    i.USBD_CDC_ReceivePacket  usbd_cdc.o
    0x08003d30   0x0000000e   Code   RO         3655    i.USBD_CDC_RegisterInterface  usbd_cdc.o
    0x08003d3e   0x0000000e   Code   RO         3656    i.USBD_CDC_SetRxBuffer  usbd_cdc.o
    0x08003d4c   0x00000014   Code   RO         3657    i.USBD_CDC_SetTxBuffer  usbd_cdc.o
    0x08003d60   0x00000090   Code   RO         3658    i.USBD_CDC_Setup    usbd_cdc.o
    0x08003df0   0x00000038   Code   RO         3659    i.USBD_CDC_TransmitPacket  usbd_cdc.o
    0x08003e28   0x00000016   Code   RO         3447    i.USBD_ClrClassConfig  usbd_core.o
    0x08003e3e   0x00000044   Code   RO         3750    i.USBD_ClrFeature   usbd_ctlreq.o
    0x08003e82   0x00000018   Code   RO         3585    i.USBD_CtlContinueRx  usbd_ioreq.o
    0x08003e9a   0x00000018   Code   RO         3586    i.USBD_CtlContinueSendData  usbd_ioreq.o
    0x08003eb2   0x00000018   Code   RO         3751    i.USBD_CtlError     usbd_ctlreq.o
    0x08003eca   0x00000028   Code   RO         3587    i.USBD_CtlPrepareRx  usbd_ioreq.o
    0x08003ef2   0x0000001a   Code   RO         3588    i.USBD_CtlReceiveStatus  usbd_ioreq.o
    0x08003f0c   0x00000022   Code   RO         3589    i.USBD_CtlSendData  usbd_ioreq.o
    0x08003f2e   0x0000001a   Code   RO         3590    i.USBD_CtlSendStatus  usbd_ioreq.o
    0x08003f48   0x00000034   Code   RO          227    i.USBD_FS_ConfigStrDescriptor  usbd_desc.o
    0x08003f7c   0x00000010   Code   RO          228    i.USBD_FS_DeviceDescriptor  usbd_desc.o
    0x08003f8c   0x00000038   Code   RO          229    i.USBD_FS_InterfaceStrDescriptor  usbd_desc.o
    0x08003fc4   0x00000010   Code   RO          230    i.USBD_FS_LangIDStrDescriptor  usbd_desc.o
    0x08003fd4   0x0000002c   Code   RO          231    i.USBD_FS_ManufacturerStrDescriptor  usbd_desc.o
    0x08004000   0x00000040   Code   RO          232    i.USBD_FS_ProductStrDescriptor  usbd_desc.o
    0x08004040   0x00000038   Code   RO          233    i.USBD_FS_SerialStrDescriptor  usbd_desc.o
    0x08004078   0x00000050   Code   RO         3752    i.USBD_GetConfig    usbd_ctlreq.o
    0x080040c8   0x00000148   Code   RO         3753    i.USBD_GetDescriptor  usbd_ctlreq.o
    0x08004210   0x00000014   Code   RO         3754    i.USBD_GetLen       usbd_ctlreq.o
    0x08004224   0x00000044   Code   RO         3755    i.USBD_GetStatus    usbd_ctlreq.o
    0x08004268   0x00000052   Code   RO         3756    i.USBD_GetString    usbd_ctlreq.o
    0x080042ba   0x00000032   Code   RO         3449    i.USBD_Init         usbd_core.o
    0x080042ec   0x00000014   Code   RO          498    i.USBD_LL_ClearStallEP  usbd_conf.o
    0x08004300   0x00000014   Code   RO          499    i.USBD_LL_CloseEP   usbd_conf.o
    0x08004314   0x000000da   Code   RO         3450    i.USBD_LL_DataInStage  usbd_core.o
    0x080043ee   0x00000086   Code   RO         3451    i.USBD_LL_DataOutStage  usbd_core.o
    0x08004474   0x00000012   Code   RO          503    i.USBD_LL_GetRxDataSize  usbd_conf.o
    0x08004486   0x00000002   PAD
    0x08004488   0x00000088   Code   RO          504    i.USBD_LL_Init      usbd_conf.o
    0x08004510   0x00000030   Code   RO          505    i.USBD_LL_IsStallEP  usbd_conf.o
    0x08004540   0x00000020   Code   RO          506    i.USBD_LL_OpenEP    usbd_conf.o
    0x08004560   0x00000020   Code   RO          507    i.USBD_LL_PrepareReceive  usbd_conf.o
    0x08004580   0x00000044   Code   RO         3456    i.USBD_LL_Reset     usbd_core.o
    0x080045c4   0x0000000e   Code   RO         3457    i.USBD_LL_Resume    usbd_core.o
    0x080045d2   0x00000022   Code   RO         3458    i.USBD_LL_SOF       usbd_core.o
    0x080045f4   0x00000008   Code   RO         3459    i.USBD_LL_SetSpeed  usbd_core.o
    0x080045fc   0x00000014   Code   RO          508    i.USBD_LL_SetUSBAddress  usbd_conf.o
    0x08004610   0x0000006e   Code   RO         3460    i.USBD_LL_SetupStage  usbd_core.o
    0x0800467e   0x00000014   Code   RO          509    i.USBD_LL_StallEP   usbd_conf.o
    0x08004692   0x00000010   Code   RO          510    i.USBD_LL_Start     usbd_conf.o
    0x080046a2   0x00000014   Code   RO         3461    i.USBD_LL_Suspend   usbd_core.o
    0x080046b6   0x00000020   Code   RO          512    i.USBD_LL_Transmit  usbd_conf.o
    0x080046d6   0x00000028   Code   RO         3757    i.USBD_ParseSetupRequest  usbd_ctlreq.o
    0x080046fe   0x00000010   Code   RO         3462    i.USBD_RegisterClass  usbd_core.o
    0x0800470e   0x00000006   Code   RO         3463    i.USBD_RunTestMode  usbd_core.o
    0x08004714   0x00000054   Code   RO         3758    i.USBD_SetAddress   usbd_ctlreq.o
    0x08004768   0x00000022   Code   RO         3464    i.USBD_SetClassConfig  usbd_core.o
    0x0800478a   0x00000002   PAD
    0x0800478c   0x000000e0   Code   RO         3759    i.USBD_SetConfig    usbd_ctlreq.o
    0x0800486c   0x00000024   Code   RO         3760    i.USBD_SetFeature   usbd_ctlreq.o
    0x08004890   0x0000000e   Code   RO         3465    i.USBD_Start        usbd_core.o
    0x0800489e   0x00000072   Code   RO         3761    i.USBD_StdDevReq    usbd_ctlreq.o
    0x08004910   0x00000156   Code   RO         3762    i.USBD_StdEPReq     usbd_ctlreq.o
    0x08004a66   0x0000004a   Code   RO         3763    i.USBD_StdItfReq    usbd_ctlreq.o
    0x08004ab0   0x00000002   Code   RO          513    i.USBD_static_free  usbd_conf.o
    0x08004ab2   0x00000002   PAD
    0x08004ab4   0x0000000c   Code   RO          514    i.USBD_static_malloc  usbd_conf.o
    0x08004ac0   0x000003aa   Code   RO         2300    i.USB_ActivateEndpoint  stm32f1xx_ll_usb.o
    0x08004e6a   0x00000008   Code   RO         2303    i.USB_CoreInit      stm32f1xx_ll_usb.o
    0x08004e72   0x00000214   Code   RO         2305    i.USB_DeactivateEndpoint  stm32f1xx_ll_usb.o
    0x08005086   0x00000006   Code   RO         2306    i.USB_DevConnect    stm32f1xx_ll_usb.o
    0x0800508c   0x00000006   Code   RO         2307    i.USB_DevDisconnect  stm32f1xx_ll_usb.o
    0x08005092   0x00000016   Code   RO         2308    i.USB_DevInit       stm32f1xx_ll_usb.o
    0x080050a8   0x00000016   Code   RO         2309    i.USB_DisableGlobalInt  stm32f1xx_ll_usb.o
    0x080050be   0x00000006   Code   RO         2310    i.USB_EP0_OutStart  stm32f1xx_ll_usb.o
    0x080050c4   0x000000b4   Code   RO         2311    i.USB_EPClearStall  stm32f1xx_ll_usb.o
    0x08005178   0x00000086   Code   RO         2312    i.USB_EPSetStall    stm32f1xx_ll_usb.o
    0x080051fe   0x00000332   Code   RO         2313    i.USB_EPStartXfer   stm32f1xx_ll_usb.o
    0x08005530   0x00000016   Code   RO         2314    i.USB_EnableGlobalInt  stm32f1xx_ll_usb.o
    0x08005546   0x00000002   PAD
    0x08005548   0x00000010   Code   RO           14    i.USB_HP_CAN1_TX_IRQHandler  stm32f1xx_it.o
    0x08005558   0x00000010   Code   RO           15    i.USB_LP_CAN1_RX0_IRQHandler  stm32f1xx_it.o
    0x08005568   0x0000000a   Code   RO         2321    i.USB_ReadInterrupts  stm32f1xx_ll_usb.o
    0x08005572   0x00000028   Code   RO         2322    i.USB_ReadPMA       stm32f1xx_ll_usb.o
    0x0800559a   0x00000006   Code   RO         2324    i.USB_SetCurrentMode  stm32f1xx_ll_usb.o
    0x080055a0   0x0000000e   Code   RO         2325    i.USB_SetDevAddress  stm32f1xx_ll_usb.o
    0x080055ae   0x00000042   Code   RO         2327    i.USB_WritePMA      stm32f1xx_ll_usb.o
    0x080055f0   0x00000004   Code   RO           16    i.UsageFault_Handler  stm32f1xx_it.o
    0x080055f4   0x00000028   Code   RO         4069    i.__0sprintf$8      mc_w.l(printf8.o)
    0x0800561c   0x0000000e   Code   RO         4212    i.__scatterload_copy  mc_w.l(handlers.o)
    0x0800562a   0x00000002   Code   RO         4213    i.__scatterload_null  mc_w.l(handlers.o)
    0x0800562c   0x0000000e   Code   RO         4214    i.__scatterload_zeroinit  mc_w.l(handlers.o)
    0x0800563a   0x00000002   PAD
    0x0800563c   0x00000410   Code   RO         4074    i._printf_core      mc_w.l(printf8.o)
    0x08005a4c   0x00000024   Code   RO         4075    i._printf_post_padding  mc_w.l(printf8.o)
    0x08005a70   0x0000002e   Code   RO         4076    i._printf_pre_padding  mc_w.l(printf8.o)
    0x08005a9e   0x0000000a   Code   RO         4078    i._sputc            mc_w.l(printf8.o)
    0x08005aa8   0x00000034   Code   RO          720    i.cbInit            main.o
    0x08005adc   0x00000036   Code   RO          721    i.cbPopFront        main.o
    0x08005b12   0x00000038   Code   RO          722    i.cbPushBack        main.o
    0x08005b4a   0x00000002   PAD
    0x08005b4c   0x00000208   Code   RO          723    i.main              main.o
    0x08005d54   0x0000006c   Code   RO         4122    i.malloc            mc_w.l(malloc.o)
    0x08005dc0   0x0000000c   Data   RO          725    .constdata          main.o
    0x08005dcc   0x00000018   Data   RO          916    .constdata          system_stm32f1xx.o
    0x08005de4   0x00000040   Data   RO         4208    .constdata          mc_w.l(ctype_c.o)
    0x08005e24   0x00000020   Data   RO         4210    Region$$Table       anon$$obj.o


    Execution Region RW_IRAM1 (Base: 0x20000000, Size: 0x00001e88, Max: 0x00005000, ABSOLUTE, COMPRESSED[0x000000d4])

    Base Addr    Size         Type   Attr      Idx    E Section Name        Object

    0x20000000   0x00000034   Data   RW          235    .data               usbd_desc.o
    0x20000034   0x00000016   Data   RW          329    .data               tim.o
    0x2000004a   0x00000002   PAD
    0x2000004c   0x00000010   Data   RW          434    .data               usbd_cdc_if.o
    0x2000005c   0x00000004   Data   RW          917    .data               system_stm32f1xx.o
    0x20000060   0x00000004   Data   RW          970    .data               stm32f1xx_hal.o
    0x20000064   0x00000110   Data   RW         3660    .data               usbd_cdc.o
    0x20000174   0x00000001   Data   RW         3764    .data               usbd_ctlreq.o
    0x20000175   0x00000003   PAD
    0x20000178   0x00000004   Data   RW         4174    .data               mc_w.l(mvars.o)
    0x2000017c   0x00000004   Data   RW         4175    .data               mc_w.l(mvars.o)
    0x20000180   0x00000200   Zero   RW          234    .bss                usbd_desc.o
    0x20000380   0x00000090   Zero   RW          328    .bss                tim.o
    0x20000410   0x00000080   Zero   RW          433    .bss                usbd_cdc_if.o
    0x20000490   0x00000640   Zero   RW          515    .bss                usbd_conf.o
    0x20000ad0   0x00000554   Zero   RW          724    .bss                main.o
    0x20001024   0x00000224   Zero   RW          812    .bss                usb_device.o
    0x20001248   0x00000040   Zero   RW          875    .bss                usart.o
    0x20001288   0x00000400   Zero   RW         3843    HEAP                startup_stm32f103xb.o
    0x20001688   0x00000800   Zero   RW         3842    STACK               startup_stm32f103xb.o


==============================================================================

Image component sizes


      Code (inc. data)   RO Data    RW Data    ZI Data      Debug   Object Name

       196         14          0          0          0        907   gpio.o
       928         64         12          0       1364       6261   main.o
        36          8        236          0       3072        760   startup_stm32f103xb.o
       130         16          0          4          0       3994   stm32f1xx_hal.o
       348         22          0          0          0      28609   stm32f1xx_hal_cortex.o
       808         32          0          0          0       3056   stm32f1xx_hal_gpio.o
       140         10          0          0          0        878   stm32f1xx_hal_msp.o
      2508          0          0          0          0      10905   stm32f1xx_hal_pcd.o
        62          0          0          0          0       1338   stm32f1xx_hal_pcd_ex.o
      3170        110          0          0          0       7899   stm32f1xx_hal_rcc.o
       380         14          0          0          0       1500   stm32f1xx_hal_rcc_ex.o
      2160         36          0          0          0      20434   stm32f1xx_hal_tim.o
       102          0          0          0          0       2522   stm32f1xx_hal_tim_ex.o
       566          6          0          0          0       1924   stm32f1xx_hal_uart.o
       106         24          0          0          0     468675   stm32f1xx_it.o
      2830          0          0          0          0      14495   stm32f1xx_ll_usb.o
        88         18         24          4          0       1547   system_stm32f1xx.o
      1484        150          0         22        144       8585   tim.o
       156         24          0          0         64       1550   usart.o
        52         16          0          0        548        672   usb_device.o
       728         30          0        272          0      13786   usbd_cdc.o
       204         26          0         16        128       5161   usbd_cdc_if.o
       674         32          0          0       1600      13173   usbd_conf.o
       748          0          0          0          0      10635   usbd_core.o
      1584         30          0          1          0      11268   usbd_ctlreq.o
       304        128          0         52        512       9579   usbd_desc.o
       174          0          0          0          0       4956   usbd_ioreq.o

    ----------------------------------------------------------------------
     20702        810        304        376       7432     655069   Object Totals
         0          0         32          0          0          0   (incl. Generated)
        36          0          0          5          0          0   (incl. Padding)

    ----------------------------------------------------------------------

      Code (inc. data)   RO Data    RW Data    ZI Data      Debug   Library Member Name

        56          8          0          0          0         84   __0sscanf.o
        86          0          0          0          0          0   __dczerorl2.o
        28          0          0          0          0         68   _chval.o
       812          4          0          0          0        112   _scanf.o
       332          0          0          0          0         96   _scanf_int.o
        64          0          0          0          0         84   _sgetc.o
        40          6         64          0          0         68   ctype_c.o
         0          0          0          0          0          0   entry.o
         0          0          0          0          0          0   entry10a.o
         0          0          0          0          0          0   entry11a.o
         8          4          0          0          0          0   entry2.o
         4          0          0          0          0          0   entry5.o
         0          0          0          0          0          0   entry7b.o
         0          0          0          0          0          0   entry8b.o
         8          4          0          0          0          0   entry9a.o
        30          0          0          0          0          0   handlers.o
        36          8          0          0          0         68   init.o
        10          0          0          0          0         68   isspace_c.o
        30          0          0          0          0         68   llshl.o
        32          0          0          0          0         68   llushr.o
       108         16          0          0          0         84   malloc.o
        26          0          0          0          0         80   memcmp.o
        36          0          0          0          0         68   memcpya.o
         0          0          0          8          0          0   mvars.o
      1172         50          0          0          0        420   printf8.o
        40          8          0          0          0         84   scanf_char.o
        98          0          0          0          0         92   uldiv.o

    ----------------------------------------------------------------------
      3062        108         64          8          0       1612   Library Totals
         6          0          0          0          0          0   (incl. Padding)

    ----------------------------------------------------------------------

      Code (inc. data)   RO Data    RW Data    ZI Data      Debug   Library Name

      3056        108         64          8          0       1612   mc_w.l

    ----------------------------------------------------------------------
      3062        108         64          8          0       1612   Library Totals

    ----------------------------------------------------------------------

==============================================================================


      Code (inc. data)   RO Data    RW Data    ZI Data      Debug   

     23764        918        368        384       7432     645525   Grand Totals
     23764        918        368        212       7432     645525   ELF Image Totals (compressed)
     23764        918        368        212          0          0   ROM Totals

==============================================================================

    Total RO  Size (Code + RO Data)                24132 (  23.57kB)
    Total RW  Size (RW Data + ZI Data)              7816 (   7.63kB)
    Total ROM Size (Code + RO Data + RW Data)      24344 (  23.77kB)

==============================================================================

