Component: ARM Compiler 5.06 update 3 (build 300) Tool: armlink [4d35c9]

==============================================================================

Section Cross References

    stm32f1xx_it.o(i.NMI_Handler) refers to stm32f1xx_hal_rcc.o(i.HAL_RCC_NMI_IRQHandler) for HAL_RCC_NMI_IRQHandler
    stm32f1xx_it.o(i.SysTick_Handler) refers to stm32f1xx_hal.o(i.HAL_IncTick) for HAL_IncTick
    stm32f1xx_it.o(i.SysTick_Handler) refers to stm32f1xx_hal_cortex.o(i.HAL_SYSTICK_IRQHandler) for HAL_SYSTICK_IRQHandler
    stm32f1xx_it.o(i.TIM2_IRQHandler) refers to stm32f1xx_hal_tim.o(i.HAL_TIM_IRQHandler) for HAL_TIM_IRQHandler
    stm32f1xx_it.o(i.TIM2_IRQHandler) refers to tim.o(.bss) for htim2
    stm32f1xx_it.o(i.TIM3_IRQHandler) refers to stm32f1xx_hal_tim.o(i.HAL_TIM_IRQHandler) for HAL_TIM_IRQHandler
    stm32f1xx_it.o(i.TIM3_IRQHandler) refers to tim.o(.bss) for htim3
    stm32f1xx_it.o(i.USB_HP_CAN1_TX_IRQHandler) refers to stm32f1xx_hal_pcd.o(i.HAL_PCD_IRQHandler) for HAL_PCD_IRQHandler
    stm32f1xx_it.o(i.USB_HP_CAN1_TX_IRQHandler) refers to usbd_conf.o(.bss) for hpcd_USB_FS
    stm32f1xx_it.o(i.USB_LP_CAN1_RX0_IRQHandler) refers to stm32f1xx_hal_pcd.o(i.HAL_PCD_IRQHandler) for HAL_PCD_IRQHandler
    stm32f1xx_it.o(i.USB_LP_CAN1_RX0_IRQHandler) refers to usbd_conf.o(.bss) for hpcd_USB_FS
    gpio.o(i.MX_GPIO_Init) refers to stm32f1xx_hal_gpio.o(i.HAL_GPIO_WritePin) for HAL_GPIO_WritePin
    gpio.o(i.MX_GPIO_Init) refers to stm32f1xx_hal_gpio.o(i.HAL_GPIO_Init) for HAL_GPIO_Init
    usbd_desc.o(i.USBD_FS_ConfigStrDescriptor) refers to usbd_ctlreq.o(i.USBD_GetString) for USBD_GetString
    usbd_desc.o(i.USBD_FS_ConfigStrDescriptor) refers to usbd_desc.o(.bss) for USBD_StrDesc
    usbd_desc.o(i.USBD_FS_DeviceDescriptor) refers to usbd_desc.o(.data) for USBD_FS_DeviceDesc
    usbd_desc.o(i.USBD_FS_InterfaceStrDescriptor) refers to usbd_ctlreq.o(i.USBD_GetString) for USBD_GetString
    usbd_desc.o(i.USBD_FS_InterfaceStrDescriptor) refers to usbd_desc.o(.bss) for USBD_StrDesc
    usbd_desc.o(i.USBD_FS_LangIDStrDescriptor) refers to usbd_desc.o(.data) for USBD_LangIDDesc
    usbd_desc.o(i.USBD_FS_ManufacturerStrDescriptor) refers to usbd_ctlreq.o(i.USBD_GetString) for USBD_GetString
    usbd_desc.o(i.USBD_FS_ManufacturerStrDescriptor) refers to usbd_desc.o(.bss) for USBD_StrDesc
    usbd_desc.o(i.USBD_FS_ProductStrDescriptor) refers to usbd_ctlreq.o(i.USBD_GetString) for USBD_GetString
    usbd_desc.o(i.USBD_FS_ProductStrDescriptor) refers to usbd_desc.o(.bss) for USBD_StrDesc
    usbd_desc.o(i.USBD_FS_SerialStrDescriptor) refers to usbd_ctlreq.o(i.USBD_GetString) for USBD_GetString
    usbd_desc.o(i.USBD_FS_SerialStrDescriptor) refers to usbd_desc.o(.bss) for USBD_StrDesc
    usbd_desc.o(.data) refers to usbd_desc.o(i.USBD_FS_DeviceDescriptor) for USBD_FS_DeviceDescriptor
    usbd_desc.o(.data) refers to usbd_desc.o(i.USBD_FS_LangIDStrDescriptor) for USBD_FS_LangIDStrDescriptor
    usbd_desc.o(.data) refers to usbd_desc.o(i.USBD_FS_ManufacturerStrDescriptor) for USBD_FS_ManufacturerStrDescriptor
    usbd_desc.o(.data) refers to usbd_desc.o(i.USBD_FS_ProductStrDescriptor) for USBD_FS_ProductStrDescriptor
    usbd_desc.o(.data) refers to usbd_desc.o(i.USBD_FS_SerialStrDescriptor) for USBD_FS_SerialStrDescriptor
    usbd_desc.o(.data) refers to usbd_desc.o(i.USBD_FS_ConfigStrDescriptor) for USBD_FS_ConfigStrDescriptor
    usbd_desc.o(.data) refers to usbd_desc.o(i.USBD_FS_InterfaceStrDescriptor) for USBD_FS_InterfaceStrDescriptor
    tim.o(i.DBLINK) refers to stm32f1xx_hal_gpio.o(i.HAL_GPIO_WritePin) for HAL_GPIO_WritePin
    tim.o(i.DRESET) refers to stm32f1xx_hal_gpio.o(i.HAL_GPIO_WritePin) for HAL_GPIO_WritePin
    tim.o(i.DSET) refers to stm32f1xx_hal_gpio.o(i.HAL_GPIO_WritePin) for HAL_GPIO_WritePin
    tim.o(i.GenerateHUFrame) refers to memcpya.o(.text) for __aeabi_memcpy
    tim.o(i.GenerateHUFrame) refers to main.o(i.CalcCRC) for CalcCRC
    tim.o(i.GenerateHUFrame) refers to tim.o(.data) for huResponseHeaders
    tim.o(i.HAL_TIM_Base_MspDeInit) refers to stm32f1xx_hal_gpio.o(i.HAL_GPIO_DeInit) for HAL_GPIO_DeInit
    tim.o(i.HAL_TIM_Base_MspDeInit) refers to stm32f1xx_hal_cortex.o(i.HAL_NVIC_DisableIRQ) for HAL_NVIC_DisableIRQ
    tim.o(i.HAL_TIM_Base_MspInit) refers to stm32f1xx_hal_gpio.o(i.HAL_GPIO_Init) for HAL_GPIO_Init
    tim.o(i.HAL_TIM_Base_MspInit) refers to stm32f1xx_hal_cortex.o(i.HAL_NVIC_SetPriority) for HAL_NVIC_SetPriority
    tim.o(i.HAL_TIM_Base_MspInit) refers to stm32f1xx_hal_cortex.o(i.HAL_NVIC_EnableIRQ) for HAL_NVIC_EnableIRQ
    tim.o(i.HAL_TIM_IC_CaptureCallback) refers to stm32f1xx_hal_tim.o(i.HAL_TIM_Base_Stop_IT) for HAL_TIM_Base_Stop_IT
    tim.o(i.HAL_TIM_IC_CaptureCallback) refers to stm32f1xx_hal_tim.o(i.HAL_TIM_Base_Start_IT) for HAL_TIM_Base_Start_IT
    tim.o(i.HAL_TIM_IC_CaptureCallback) refers to tim.o(.data) for bFrameTx
    tim.o(i.HAL_TIM_IC_CaptureCallback) refers to tim.o(.bss) for inFrame
[...]
    C:\Users\hunter\STM32Cube\Repository\STM32Cube_FW_F1_V1.4.0\Drivers\STM32F1xx_HAL_Driver\Src\stm32f1xx_hal_spi_ex.c 0x00000000   Number         0  stm32f1xx_hal_spi_ex.o ABSOLUTE
    C:\Users\hunter\STM32Cube\Repository\STM32Cube_FW_F1_V1.4.0\Drivers\STM32F1xx_HAL_Driver\Src\stm32f1xx_hal_tim.c 0x00000000   Number         0  stm32f1xx_hal_tim.o ABSOLUTE
    C:\Users\hunter\STM32Cube\Repository\STM32Cube_FW_F1_V1.4.0\Drivers\STM32F1xx_HAL_Driver\Src\stm32f1xx_hal_tim_ex.c 0x00000000   Number         0  stm32f1xx_hal_tim_ex.o ABSOLUTE
    C:\Users\hunter\STM32Cube\Repository\STM32Cube_FW_F1_V1.4.0\Drivers\STM32F1xx_HAL_Driver\Src\stm32f1xx_hal_uart.c 0x00000000   Number         0  stm32f1xx_hal_uart.o ABSOLUTE
    C:\Users\hunter\STM32Cube\Repository\STM32Cube_FW_F1_V1.4.0\Drivers\STM32F1xx_HAL_Driver\Src\stm32f1xx_ll_usb.c 0x00000000   Number         0  stm32f1xx_ll_usb.o ABSOLUTE
    C:\Users\hunter\STM32Cube\Repository\STM32Cube_FW_F1_V1.4.0\Middlewares\ST\STM32_USB_Device_Library\Class\CDC\Src\usbd_cdc.c 0x00000000   Number         0  usbd_cdc.o ABSOLUTE
    C:\Users\hunter\STM32Cube\Repository\STM32Cube_FW_F1_V1.4.0\Middlewares\ST\STM32_USB_Device_Library\Core\Src\usbd_core.c 0x00000000   Number         0  usbd_core.o ABSOLUTE
    C:\Users\hunter\STM32Cube\Repository\STM32Cube_FW_F1_V1.4.0\Middlewares\ST\STM32_USB_Device_Library\Core\Src\usbd_ctlreq.c 0x00000000   Number         0  usbd_ctlreq.o ABSOLUTE
    C:\Users\hunter\STM32Cube\Repository\STM32Cube_FW_F1_V1.4.0\Middlewares\ST\STM32_USB_Device_Library\Core\Src\usbd_ioreq.c 0x00000000   Number         0  usbd_ioreq.o ABSOLUTE
    dc.s                                     0x00000000   Number         0  dc.o ABSOLUTE
    handlers.s                               0x00000000   Number         0  handlers.o ABSOLUTE
    init.s                                   0x00000000   Number         0  init.o ABSOLUTE
    startup_stm32f103xb.s                    0x00000000   Number         0  startup_stm32f103xb.o ABSOLUTE
    RESET                                    0x08000000   Section      236  startup_stm32f103xb.o(RESET)
    .ARM.Collect$$$$00000000                 0x080000ec   Section        0  entry.o(.ARM.Collect$$$$00000000)
    .ARM.Collect$$$$00000001                 0x080000ec   Section        4  entry2.o(.ARM.Collect$$$$00000001)
    .ARM.Collect$$$$00000004                 0x080000f0   Section        4  entry5.o(.ARM.Collect$$$$00000004)
    .ARM.Collect$$$$00000008                 0x080000f4   Section        0  entry7b.o(.ARM.Collect$$$$00000008)
    .ARM.Collect$$$$0000000A                 0x080000f4   Section        0  entry8b.o(.ARM.Collect$$$$0000000A)
    .ARM.Collect$$$$0000000B                 0x080000f4   Section        8  entry9a.o(.ARM.Collect$$$$0000000B)
    .ARM.Collect$$$$0000000D                 0x080000fc   Section        0  entry10a.o(.ARM.Collect$$$$0000000D)
    .ARM.Collect$$$$0000000F                 0x080000fc   Section        0  entry11a.o(.ARM.Collect$$$$0000000F)
    .ARM.Collect$$$$00002712                 0x080000fc   Section        4  entry2.o(.ARM.Collect$$$$00002712)
    __lit__00000000                          0x080000fc   Data           4  entry2.o(.ARM.Collect$$$$00002712)
    .text                                    0x08000100   Section       36  startup_stm32f103xb.o(.text)
    .text                                    0x08000124   Section        0  memcpya.o(.text)
    .text                                    0x08000148   Section       36  init.o(.text)
    .text                                    0x0800016c   Section        0  __dczerorl2.o(.text)
    i.BusFault_Handler                       0x080001c2   Section        0  stm32f1xx_it.o(i.BusFault_Handler)
    i.CDC_Control_FS                         0x080001c6   Section        0  usbd_cdc_if.o(i.CDC_Control_FS)
    CDC_Control_FS                           0x080001c7   Thumb Code    68  usbd_cdc_if.o(i.CDC_Control_FS)
    i.CDC_DeInit_FS                          0x0800020a   Section        0  usbd_cdc_if.o(i.CDC_DeInit_FS)
    CDC_DeInit_FS                            0x0800020b   Thumb Code     4  usbd_cdc_if.o(i.CDC_DeInit_FS)
    i.CDC_Init_FS                            0x08000210   Section        0  usbd_cdc_if.o(i.CDC_Init_FS)
    CDC_Init_FS                              0x08000211   Thumb Code    24  usbd_cdc_if.o(i.CDC_Init_FS)
    i.CDC_Receive_FS                         0x08000234   Section        0  usbd_cdc_if.o(i.CDC_Receive_FS)
    CDC_Receive_FS                           0x08000235   Thumb Code    56  usbd_cdc_if.o(i.CDC_Receive_FS)
    i.CDC_Transmit_FS                        0x08000278   Section        0  usbd_cdc_if.o(i.CDC_Transmit_FS)
    i.CRCInit                                0x080002b0   Section        0  main.o(i.CRCInit)
    i.CalcCRC                                0x080002e4   Section        0  main.o(i.CalcCRC)
    i.DBLINK                                 0x08000310   Section        0  tim.o(i.DBLINK)
    i.DebugMon_Handler                       0x0800032c   Section        0  stm32f1xx_it.o(i.DebugMon_Handler)
    i.Error_Handler                          0x0800032e   Section        0  main.o(i.Error_Handler)
    i.HAL_Delay                              0x08000332   Section        0  stm32f1xx_hal.o(i.HAL_Delay)
    i.HAL_GPIO_Init                          0x0800034c   Section        0  stm32f1xx_hal_gpio.o(i.HAL_GPIO_Init)
    i.HAL_GPIO_WritePin                      0x08000668   Section        0  stm32f1xx_hal_gpio.o(i.HAL_GPIO_WritePin)
    i.HAL_GetTick                            0x08000674   Section        0  stm32f1xx_hal.o(i.HAL_GetTick)
    i.HAL_IncTick                            0x08000680   Section        0  stm32f1xx_hal.o(i.HAL_IncTick)
    i.HAL_Init                               0x08000690   Section        0  stm32f1xx_hal.o(i.HAL_Init)
    i.HAL_InitTick                           0x080006b8   Section        0  stm32f1xx_hal.o(i.HAL_InitTick)
    i.HAL_MspInit                            0x080006dc   Section        0  stm32f1xx_hal_msp.o(i.HAL_MspInit)
    i.HAL_NVIC_EnableIRQ                     0x08000768   Section        0  stm32f1xx_hal_cortex.o(i.HAL_NVIC_EnableIRQ)
    i.HAL_NVIC_SetPriority                   0x08000782   Section        0  stm32f1xx_hal_cortex.o(i.HAL_NVIC_SetPriority)
    i.HAL_NVIC_SetPriorityGrouping           0x08000800   Section        0  stm32f1xx_hal_cortex.o(i.HAL_NVIC_SetPriorityGrouping)
    i.HAL_PCDEx_PMAConfig                    0x08000828   Section        0  stm32f1xx_hal_pcd_ex.o(i.HAL_PCDEx_PMAConfig)
    i.HAL_PCDEx_SetConnectionState           0x08000866   Section        0  usbd_conf.o(i.HAL_PCDEx_SetConnectionState)
    i.HAL_PCD_DataInStageCallback            0x08000868   Section        0  usbd_conf.o(i.HAL_PCD_DataInStageCallback)
    i.HAL_PCD_DataOutStageCallback           0x08000884   Section        0  usbd_conf.o(i.HAL_PCD_DataOutStageCallback)
    i.HAL_PCD_EP_Close                       0x080008a0   Section        0  stm32f1xx_hal_pcd.o(i.HAL_PCD_EP_Close)
    i.HAL_PCD_EP_ClrStall                    0x08000904   Section        0  stm32f1xx_hal_pcd.o(i.HAL_PCD_EP_ClrStall)
    i.HAL_PCD_EP_GetRxCount                  0x08000966   Section        0  stm32f1xx_hal_pcd.o(i.HAL_PCD_EP_GetRxCount)
    i.HAL_PCD_EP_Open                        0x0800097a   Section        0  stm32f1xx_hal_pcd.o(i.HAL_PCD_EP_Open)
    i.HAL_PCD_EP_Receive                     0x080009f0   Section        0  stm32f1xx_hal_pcd.o(i.HAL_PCD_EP_Receive)
    i.HAL_PCD_EP_SetStall                    0x08000a5a   Section        0  stm32f1xx_hal_pcd.o(i.HAL_PCD_EP_SetStall)
    i.HAL_PCD_EP_Transmit                    0x08000acc   Section        0  stm32f1xx_hal_pcd.o(i.HAL_PCD_EP_Transmit)
    i.HAL_PCD_IRQHandler                     0x08000b38   Section        0  stm32f1xx_hal_pcd.o(i.HAL_PCD_IRQHandler)
    i.HAL_PCD_Init                           0x08000c9c   Section        0  stm32f1xx_hal_pcd.o(i.HAL_PCD_Init)
    i.HAL_PCD_MspInit                        0x08000db8   Section        0  usbd_conf.o(i.HAL_PCD_MspInit)
    i.HAL_PCD_ResetCallback                  0x08000e0c   Section        0  usbd_conf.o(i.HAL_PCD_ResetCallback)
    i.HAL_PCD_ResumeCallback                 0x08000e36   Section        0  usbd_conf.o(i.HAL_PCD_ResumeCallback)
    i.HAL_PCD_SOFCallback                    0x08000e44   Section        0  usbd_conf.o(i.HAL_PCD_SOFCallback)
    i.HAL_PCD_SetAddress                     0x08000e52   Section        0  stm32f1xx_hal_pcd.o(i.HAL_PCD_SetAddress)
    i.HAL_PCD_SetupStageCallback             0x08000e88   Section        0  usbd_conf.o(i.HAL_PCD_SetupStageCallback)
    i.HAL_PCD_Start                          0x08000e9a   Section        0  stm32f1xx_hal_pcd.o(i.HAL_PCD_Start)
    i.HAL_PCD_SuspendCallback                0x08000ed8   Section        0  usbd_conf.o(i.HAL_PCD_SuspendCallback)
    i.HAL_RCCEx_PeriphCLKConfig              0x08000efc   Section        0  stm32f1xx_hal_rcc_ex.o(i.HAL_RCCEx_PeriphCLKConfig)
    i.HAL_RCC_CSSCallback                    0x08001078   Section        0  stm32f1xx_hal_rcc.o(i.HAL_RCC_CSSCallback)
    i.HAL_RCC_ClockConfig                    0x0800107c   Section        0  stm32f1xx_hal_rcc.o(i.HAL_RCC_ClockConfig)
    i.HAL_RCC_EnableCSS                      0x08001314   Section        0  stm32f1xx_hal_rcc.o(i.HAL_RCC_EnableCSS)
    i.HAL_RCC_GetHCLKFreq                    0x0800132c   Section        0  stm32f1xx_hal_rcc.o(i.HAL_RCC_GetHCLKFreq)
    i.HAL_RCC_GetPCLK1Freq                   0x08001338   Section        0  stm32f1xx_hal_rcc.o(i.HAL_RCC_GetPCLK1Freq)
    i.HAL_RCC_GetPCLK2Freq                   0x08001364   Section        0  stm32f1xx_hal_rcc.o(i.HAL_RCC_GetPCLK2Freq)
    i.HAL_RCC_GetSysClockFreq                0x08001390   Section        0  stm32f1xx_hal_rcc.o(i.HAL_RCC_GetSysClockFreq)
    i.HAL_RCC_NMI_IRQHandler                 0x08001444   Section        0  stm32f1xx_hal_rcc.o(i.HAL_RCC_NMI_IRQHandler)
    i.HAL_RCC_OscConfig                      0x08001464   Section        0  stm32f1xx_hal_rcc.o(i.HAL_RCC_OscConfig)
    i.HAL_SYSTICK_CLKSourceConfig            0x08001cdc   Section        0  stm32f1xx_hal_cortex.o(i.HAL_SYSTICK_CLKSourceConfig)
    i.HAL_SYSTICK_Callback                   0x08001d04   Section        0  stm32f1xx_hal_cortex.o(i.HAL_SYSTICK_Callback)
    i.HAL_SYSTICK_Config                     0x08001d06   Section        0  stm32f1xx_hal_cortex.o(i.HAL_SYSTICK_Config)
    i.HAL_SYSTICK_IRQHandler                 0x08001d3a   Section        0  stm32f1xx_hal_cortex.o(i.HAL_SYSTICK_IRQHandler)
    i.HAL_TIMEx_BreakCallback                0x08001d42   Section        0  stm32f1xx_hal_tim_ex.o(i.HAL_TIMEx_BreakCallback)
    i.HAL_TIMEx_CommutationCallback          0x08001d44   Section        0  stm32f1xx_hal_tim_ex.o(i.HAL_TIMEx_CommutationCallback)
    i.HAL_TIMEx_MasterConfigSynchronization  0x08001d46   Section        0  stm32f1xx_hal_tim_ex.o(i.HAL_TIMEx_MasterConfigSynchronization)
    i.HAL_TIM_Base_Init                      0x08001da8   Section        0  stm32f1xx_hal_tim.o(i.HAL_TIM_Base_Init)
    i.HAL_TIM_Base_MspInit                   0x08001ddc   Section        0  tim.o(i.HAL_TIM_Base_MspInit)
    i.HAL_TIM_Base_Start                     0x08001e70   Section        0  stm32f1xx_hal_tim.o(i.HAL_TIM_Base_Start)
    i.HAL_TIM_Base_Start_IT                  0x08001e8e   Section        0  stm32f1xx_hal_tim.o(i.HAL_TIM_Base_Start_IT)
    i.HAL_TIM_Base_Stop_IT                   0x08001eac   Section        0  stm32f1xx_hal_tim.o(i.HAL_TIM_Base_Stop_IT)
    i.HAL_TIM_ConfigClockSource              0x08001ee4   Section        0  stm32f1xx_hal_tim.o(i.HAL_TIM_ConfigClockSource)
    i.HAL_TIM_IC_CaptureCallback             0x08002018   Section        0  tim.o(i.HAL_TIM_IC_CaptureCallback)
    i.HAL_TIM_IC_ConfigChannel               0x08002168   Section        0  stm32f1xx_hal_tim.o(i.HAL_TIM_IC_ConfigChannel)
    i.HAL_TIM_IC_Init                        0x08002248   Section        0  stm32f1xx_hal_tim.o(i.HAL_TIM_IC_Init)
    i.HAL_TIM_IC_MspInit                     0x0800227c   Section        0  stm32f1xx_hal_tim.o(i.HAL_TIM_IC_MspInit)
    i.HAL_TIM_IC_Start_IT                    0x0800227e   Section        0  stm32f1xx_hal_tim.o(i.HAL_TIM_IC_Start_IT)
    i.HAL_TIM_IRQHandler                     0x080022ea   Section        0  stm32f1xx_hal_tim.o(i.HAL_TIM_IRQHandler)
    i.HAL_TIM_OC_DelayElapsedCallback        0x08002480   Section        0  stm32f1xx_hal_tim.o(i.HAL_TIM_OC_DelayElapsedCallback)
    i.HAL_TIM_OnePulse_Init                  0x08002482   Section        0  stm32f1xx_hal_tim.o(i.HAL_TIM_OnePulse_Init)
    i.HAL_TIM_OnePulse_MspInit               0x080024ce   Section        0  stm32f1xx_hal_tim.o(i.HAL_TIM_OnePulse_MspInit)
    i.HAL_TIM_PWM_PulseFinishedCallback      0x080024d0   Section        0  stm32f1xx_hal_tim.o(i.HAL_TIM_PWM_PulseFinishedCallback)
    i.HAL_TIM_PeriodElapsedCallback          0x080024d4   Section        0  tim.o(i.HAL_TIM_PeriodElapsedCallback)
    i.HAL_TIM_SlaveConfigSynchronization     0x080025c8   Section        0  stm32f1xx_hal_tim.o(i.HAL_TIM_SlaveConfigSynchronization)
    i.HAL_TIM_TriggerCallback                0x0800261e   Section        0  stm32f1xx_hal_tim.o(i.HAL_TIM_TriggerCallback)
    i.HAL_UART_Init                          0x08002620   Section        0  stm32f1xx_hal_uart.o(i.HAL_UART_Init)
    i.HAL_UART_MspInit                       0x08002690   Section        0  usart.o(i.HAL_UART_MspInit)
    i.HardFault_Handler                      0x080026f4   Section        0  stm32f1xx_it.o(i.HardFault_Handler)
    i.MX_GPIO_Init                           0x080026f8   Section        0  gpio.o(i.MX_GPIO_Init)
    i.MX_TIM2_Init                           0x080027bc   Section        0  tim.o(i.MX_TIM2_Init)
    i.MX_TIM3_Init                           0x08002874   Section        0  tim.o(i.MX_TIM3_Init)
    i.MX_USART1_UART_Init                    0x080028e0   Section        0  usart.o(i.MX_USART1_UART_Init)
    i.MX_USB_DEVICE_Init                     0x08002918   Section        0  usb_device.o(i.MX_USB_DEVICE_Init)
    i.MemManage_Handler                      0x0800294c   Section        0  stm32f1xx_it.o(i.MemManage_Handler)
    i.NMI_Handler                            0x08002950   Section        0  stm32f1xx_it.o(i.NMI_Handler)
    i.NVIC_GetPriorityGrouping               0x08002958   Section        0  stm32f1xx_hal_cortex.o(i.NVIC_GetPriorityGrouping)
    NVIC_GetPriorityGrouping                 0x08002959   Thumb Code    10  stm32f1xx_hal_cortex.o(i.NVIC_GetPriorityGrouping)
    i.NVIC_SetPriority                       0x08002968   Section        0  stm32f1xx_hal_cortex.o(i.NVIC_SetPriority)
    NVIC_SetPriority                         0x08002969   Thumb Code    32  stm32f1xx_hal_cortex.o(i.NVIC_SetPriority)
    i.PCD_EP_ISR_Handler                     0x08002990   Section        0  stm32f1xx_hal_pcd.o(i.PCD_EP_ISR_Handler)
    PCD_EP_ISR_Handler                       0x08002991   Thumb Code  1092  stm32f1xx_hal_pcd.o(i.PCD_EP_ISR_Handler)
    i.PendSV_Handler                         0x08002dd4   Section        0  stm32f1xx_it.o(i.PendSV_Handler)
    i.SVC_Handler                            0x08002dd6   Section        0  stm32f1xx_it.o(i.SVC_Handler)
    i.SendBytes                              0x08002dd8   Section        0  tim.o(i.SendBytes)
    i.SendFrame                              0x08002e94   Section        0  tim.o(i.SendFrame)
    i.SendSOF                                0x08002ef0   Section        0  tim.o(i.SendSOF)
    i.SysTick_Handler                        0x08002f5c   Section        0  stm32f1xx_it.o(i.SysTick_Handler)
    i.SystemClock_Config                     0x08002f68   Section        0  main.o(i.SystemClock_Config)
    i.SystemInit                             0x08002ffc   Section        0  system_stm32f1xx.o(i.SystemInit)
    i.TIM2_IRQHandler                        0x08003054   Section        0  stm32f1xx_it.o(i.TIM2_IRQHandler)
    i.TIM3_IRQHandler                        0x08003064   Section        0  stm32f1xx_it.o(i.TIM3_IRQHandler)
    i.TIM_Base_SetConfig                     0x08003074   Section        0  stm32f1xx_hal_tim.o(i.TIM_Base_SetConfig)
    i.TIM_CCxChannelCmd                      0x080030e0   Section        0  stm32f1xx_hal_tim.o(i.TIM_CCxChannelCmd)
    i.TIM_ETR_SetConfig                      0x080030fc   Section        0  stm32f1xx_hal_tim.o(i.TIM_ETR_SetConfig)
    TIM_ETR_SetConfig                        0x080030fd   Thumb Code    24  stm32f1xx_hal_tim.o(i.TIM_ETR_SetConfig)
    i.TIM_ITRx_SetConfig                     0x08003114   Section        0  stm32f1xx_hal_tim.o(i.TIM_ITRx_SetConfig)
    TIM_ITRx_SetConfig                       0x08003115   Thumb Code    20  stm32f1xx_hal_tim.o(i.TIM_ITRx_SetConfig)
    i.TIM_SlaveTimer_SetConfig               0x08003128   Section        0  stm32f1xx_hal_tim.o(i.TIM_SlaveTimer_SetConfig)
    TIM_SlaveTimer_SetConfig                 0x08003129   Thumb Code   164  stm32f1xx_hal_tim.o(i.TIM_SlaveTimer_SetConfig)
    i.TIM_TI1_ConfigInputStage               0x080031cc   Section        0  stm32f1xx_hal_tim.o(i.TIM_TI1_ConfigInputStage)
    TIM_TI1_ConfigInputStage                 0x080031cd   Thumb Code    42  stm32f1xx_hal_tim.o(i.TIM_TI1_ConfigInputStage)
    i.TIM_TI1_SetConfig                      0x080031f8   Section        0  stm32f1xx_hal_tim.o(i.TIM_TI1_SetConfig)
    i.TIM_TI2_ConfigInputStage               0x08003264   Section        0  stm32f1xx_hal_tim.o(i.TIM_TI2_ConfigInputStage)
    TIM_TI2_ConfigInputStage                 0x08003265   Thumb Code    44  stm32f1xx_hal_tim.o(i.TIM_TI2_ConfigInputStage)
    i.TIM_TI2_SetConfig                      0x08003290   Section        0  stm32f1xx_hal_tim.o(i.TIM_TI2_SetConfig)
    TIM_TI2_SetConfig                        0x08003291   Thumb Code    62  stm32f1xx_hal_tim.o(i.TIM_TI2_SetConfig)
    i.TIM_TI3_SetConfig                      0x080032ce   Section        0  stm32f1xx_hal_tim.o(i.TIM_TI3_SetConfig)
    TIM_TI3_SetConfig                        0x080032cf   Thumb Code    60  stm32f1xx_hal_tim.o(i.TIM_TI3_SetConfig)
    i.TIM_TI4_SetConfig                      0x0800330a   Section        0  stm32f1xx_hal_tim.o(i.TIM_TI4_SetConfig)
    TIM_TI4_SetConfig                        0x0800330b   Thumb Code    64  stm32f1xx_hal_tim.o(i.TIM_TI4_SetConfig)
    i.UART_SetConfig                         0x0800334c   Section        0  stm32f1xx_hal_uart.o(i.UART_SetConfig)
    UART_SetConfig                           0x0800334d   Thumb Code   450  stm32f1xx_hal_uart.o(i.UART_SetConfig)
    i.USBD_CDC_DataIn                        0x08003514   Section        0  usbd_cdc.o(i.USBD_CDC_DataIn)
    USBD_CDC_DataIn                          0x08003515   Thumb Code    26  usbd_cdc.o(i.USBD_CDC_DataIn)
    i.USBD_CDC_DataOut                       0x0800352e   Section        0  usbd_cdc.o(i.USBD_CDC_DataOut)
    USBD_CDC_DataOut                         0x0800352f   Thumb Code    52  usbd_cdc.o(i.USBD_CDC_DataOut)
    i.USBD_CDC_DeInit                        0x08003562   Section        0  usbd_cdc.o(i.USBD_CDC_DeInit)
    USBD_CDC_DeInit                          0x08003563   Thumb Code    64  usbd_cdc.o(i.USBD_CDC_DeInit)
    i.USBD_CDC_EP0_RxReady                   0x080035a2   Section        0  usbd_cdc.o(i.USBD_CDC_EP0_RxReady)
    USBD_CDC_EP0_RxReady                     0x080035a3   Thumb Code    50  usbd_cdc.o(i.USBD_CDC_EP0_RxReady)
    i.USBD_CDC_GetDeviceQualifierDescriptor  0x080035d4   Section        0  usbd_cdc.o(i.USBD_CDC_GetDeviceQualifierDescriptor)
    i.USBD_CDC_GetFSCfgDesc                  0x080035e4   Section        0  usbd_cdc.o(i.USBD_CDC_GetFSCfgDesc)
    USBD_CDC_GetFSCfgDesc                    0x080035e5   Thumb Code    10  usbd_cdc.o(i.USBD_CDC_GetFSCfgDesc)
    i.USBD_CDC_GetHSCfgDesc                  0x080035f4   Section        0  usbd_cdc.o(i.USBD_CDC_GetHSCfgDesc)
    USBD_CDC_GetHSCfgDesc                    0x080035f5   Thumb Code    10  usbd_cdc.o(i.USBD_CDC_GetHSCfgDesc)
    i.USBD_CDC_GetOtherSpeedCfgDesc          0x08003604   Section        0  usbd_cdc.o(i.USBD_CDC_GetOtherSpeedCfgDesc)
    USBD_CDC_GetOtherSpeedCfgDesc            0x08003605   Thumb Code    10  usbd_cdc.o(i.USBD_CDC_GetOtherSpeedCfgDesc)
    i.USBD_CDC_Init                          0x08003614   Section        0  usbd_cdc.o(i.USBD_CDC_Init)
    USBD_CDC_Init                            0x08003615   Thumb Code   166  usbd_cdc.o(i.USBD_CDC_Init)
    i.USBD_CDC_ReceivePacket                 0x080036ba   Section        0  usbd_cdc.o(i.USBD_CDC_ReceivePacket)
    i.USBD_CDC_RegisterInterface             0x080036f4   Section        0  usbd_cdc.o(i.USBD_CDC_RegisterInterface)
    i.USBD_CDC_SetRxBuffer                   0x08003702   Section        0  usbd_cdc.o(i.USBD_CDC_SetRxBuffer)
    i.USBD_CDC_SetTxBuffer                   0x08003710   Section        0  usbd_cdc.o(i.USBD_CDC_SetTxBuffer)
    i.USBD_CDC_Setup                         0x08003724   Section        0  usbd_cdc.o(i.USBD_CDC_Setup)
    USBD_CDC_Setup                           0x08003725   Thumb Code   138  usbd_cdc.o(i.USBD_CDC_Setup)
    i.USBD_CDC_TransmitPacket                0x080037b4   Section        0  usbd_cdc.o(i.USBD_CDC_TransmitPacket)
    i.USBD_ClrClassConfig                    0x080037ec   Section        0  usbd_core.o(i.USBD_ClrClassConfig)
    i.USBD_ClrFeature                        0x08003802   Section        0  usbd_ctlreq.o(i.USBD_ClrFeature)
    USBD_ClrFeature                          0x08003803   Thumb Code    68  usbd_ctlreq.o(i.USBD_ClrFeature)
    i.USBD_CtlContinueRx                     0x08003846   Section        0  usbd_ioreq.o(i.USBD_CtlContinueRx)
    i.USBD_CtlContinueSendData               0x0800385e   Section        0  usbd_ioreq.o(i.USBD_CtlContinueSendData)
    i.USBD_CtlError                          0x08003876   Section        0  usbd_ctlreq.o(i.USBD_CtlError)
    i.USBD_CtlPrepareRx                      0x0800388e   Section        0  usbd_ioreq.o(i.USBD_CtlPrepareRx)
    i.USBD_CtlReceiveStatus                  0x080038b6   Section        0  usbd_ioreq.o(i.USBD_CtlReceiveStatus)
    i.USBD_CtlSendData                       0x080038d0   Section        0  usbd_ioreq.o(i.USBD_CtlSendData)
    i.USBD_CtlSendStatus                     0x080038f2   Section        0  usbd_ioreq.o(i.USBD_CtlSendStatus)
    i.USBD_FS_ConfigStrDescriptor            0x0800390c   Section        0  usbd_desc.o(i.USBD_FS_ConfigStrDescriptor)
    i.USBD_FS_DeviceDescriptor               0x08003940   Section        0  usbd_desc.o(i.USBD_FS_DeviceDescriptor)
    i.USBD_FS_InterfaceStrDescriptor         0x08003950   Section        0  usbd_desc.o(i.USBD_FS_InterfaceStrDescriptor)
    i.USBD_FS_LangIDStrDescriptor            0x08003988   Section        0  usbd_desc.o(i.USBD_FS_LangIDStrDescriptor)
    i.USBD_FS_ManufacturerStrDescriptor      0x08003998   Section        0  usbd_desc.o(i.USBD_FS_ManufacturerStrDescriptor)
    i.USBD_FS_ProductStrDescriptor           0x080039c4   Section        0  usbd_desc.o(i.USBD_FS_ProductStrDescriptor)
    i.USBD_FS_SerialStrDescriptor            0x08003a04   Section        0  usbd_desc.o(i.USBD_FS_SerialStrDescriptor)
    i.USBD_GetConfig                         0x08003a3c   Section        0  usbd_ctlreq.o(i.USBD_GetConfig)
    USBD_GetConfig                           0x08003a3d   Thumb Code    80  usbd_ctlreq.o(i.USBD_GetConfig)
    i.USBD_GetDescriptor                     0x08003a8c   Section        0  usbd_ctlreq.o(i.USBD_GetDescriptor)
    USBD_GetDescriptor                       0x08003a8d   Thumb Code   328  usbd_ctlreq.o(i.USBD_GetDescriptor)
    i.USBD_GetLen                            0x08003bd4   Section        0  usbd_ctlreq.o(i.USBD_GetLen)
    USBD_GetLen                              0x08003bd5   Thumb Code    20  usbd_ctlreq.o(i.USBD_GetLen)
    i.USBD_GetStatus                         0x08003be8   Section        0  usbd_ctlreq.o(i.USBD_GetStatus)
    USBD_GetStatus                           0x08003be9   Thumb Code    68  usbd_ctlreq.o(i.USBD_GetStatus)
    i.USBD_GetString                         0x08003c2c   Section        0  usbd_ctlreq.o(i.USBD_GetString)
    i.USBD_Init                              0x08003c7e   Section        0  usbd_core.o(i.USBD_Init)
    i.USBD_LL_ClearStallEP                   0x08003cb0   Section        0  usbd_conf.o(i.USBD_LL_ClearStallEP)
    i.USBD_LL_CloseEP                        0x08003cc4   Section        0  usbd_conf.o(i.USBD_LL_CloseEP)
    i.USBD_LL_DataInStage                    0x08003cd8   Section        0  usbd_core.o(i.USBD_LL_DataInStage)
    i.USBD_LL_DataOutStage                   0x08003db2   Section        0  usbd_core.o(i.USBD_LL_DataOutStage)
    i.USBD_LL_GetRxDataSize                  0x08003e38   Section        0  usbd_conf.o(i.USBD_LL_GetRxDataSize)
    i.USBD_LL_Init                           0x08003e4c   Section        0  usbd_conf.o(i.USBD_LL_Init)
    i.USBD_LL_IsStallEP                      0x08003ed4   Section        0  usbd_conf.o(i.USBD_LL_IsStallEP)
    i.USBD_LL_OpenEP                         0x08003f04   Section        0  usbd_conf.o(i.USBD_LL_OpenEP)
    i.USBD_LL_PrepareReceive                 0x08003f24   Section        0  usbd_conf.o(i.USBD_LL_PrepareReceive)
    i.USBD_LL_Reset                          0x08003f44   Section        0  usbd_core.o(i.USBD_LL_Reset)
    i.USBD_LL_Resume                         0x08003f88   Section        0  usbd_core.o(i.USBD_LL_Resume)
    i.USBD_LL_SOF                            0x08003f96   Section        0  usbd_core.o(i.USBD_LL_SOF)
    i.USBD_LL_SetSpeed                       0x08003fb8   Section        0  usbd_core.o(i.USBD_LL_SetSpeed)
    i.USBD_LL_SetUSBAddress                  0x08003fc0   Section        0  usbd_conf.o(i.USBD_LL_SetUSBAddress)
    i.USBD_LL_SetupStage                     0x08003fd4   Section        0  usbd_core.o(i.USBD_LL_SetupStage)
    i.USBD_LL_StallEP                        0x08004042   Section        0  usbd_conf.o(i.USBD_LL_StallEP)
    i.USBD_LL_Start                          0x08004056   Section        0  usbd_conf.o(i.USBD_LL_Start)
    i.USBD_LL_Suspend                        0x08004066   Section        0  usbd_core.o(i.USBD_LL_Suspend)
    i.USBD_LL_Transmit                       0x0800407a   Section        0  usbd_conf.o(i.USBD_LL_Transmit)
    i.USBD_ParseSetupRequest                 0x0800409a   Section        0  usbd_ctlreq.o(i.USBD_ParseSetupRequest)
    i.USBD_RegisterClass                     0x080040c2   Section        0  usbd_core.o(i.USBD_RegisterClass)
    i.USBD_RunTestMode                       0x080040d2   Section        0  usbd_core.o(i.USBD_RunTestMode)
    i.USBD_SetAddress                        0x080040d8   Section        0  usbd_ctlreq.o(i.USBD_SetAddress)
    USBD_SetAddress                          0x080040d9   Thumb Code    84  usbd_ctlreq.o(i.USBD_SetAddress)
    i.USBD_SetClassConfig                    0x0800412c   Section        0  usbd_core.o(i.USBD_SetClassConfig)
    i.USBD_SetConfig                         0x08004150   Section        0  usbd_ctlreq.o(i.USBD_SetConfig)
    USBD_SetConfig                           0x08004151   Thumb Code   218  usbd_ctlreq.o(i.USBD_SetConfig)
    i.USBD_SetFeature                        0x08004230   Section        0  usbd_ctlreq.o(i.USBD_SetFeature)
    USBD_SetFeature                          0x08004231   Thumb Code    36  usbd_ctlreq.o(i.USBD_SetFeature)
    i.USBD_Start                             0x08004254   Section        0  usbd_core.o(i.USBD_Start)
    i.USBD_StdDevReq                         0x08004262   Section        0  usbd_ctlreq.o(i.USBD_StdDevReq)
    i.USBD_StdEPReq                          0x080042d4   Section        0  usbd_ctlreq.o(i.USBD_StdEPReq)
    i.USBD_StdItfReq                         0x0800442a   Section        0  usbd_ctlreq.o(i.USBD_StdItfReq)
    i.USBD_static_free                       0x08004474   Section        0  usbd_conf.o(i.USBD_static_free)
    i.USBD_static_malloc                     0x08004478   Section        0  usbd_conf.o(i.USBD_static_malloc)
    i.USB_ActivateEndpoint                   0x08004484   Section        0  stm32f1xx_ll_usb.o(i.USB_ActivateEndpoint)
    i.USB_CoreInit                           0x0800482e   Section        0  stm32f1xx_ll_usb.o(i.USB_CoreInit)
    i.USB_DeactivateEndpoint                 0x08004836   Section        0  stm32f1xx_ll_usb.o(i.USB_DeactivateEndpoint)
    i.USB_DevConnect                         0x08004a4a   Section        0  stm32f1xx_ll_usb.o(i.USB_DevConnect)
    i.USB_DevDisconnect                      0x08004a50   Section        0  stm32f1xx_ll_usb.o(i.USB_DevDisconnect)
    i.USB_DevInit                            0x08004a56   Section        0  stm32f1xx_ll_usb.o(i.USB_DevInit)
    i.USB_DisableGlobalInt                   0x08004a6c   Section        0  stm32f1xx_ll_usb.o(i.USB_DisableGlobalInt)
    i.USB_EP0_OutStart                       0x08004a82   Section        0  stm32f1xx_ll_usb.o(i.USB_EP0_OutStart)
    i.USB_EPClearStall                       0x08004a88   Section        0  stm32f1xx_ll_usb.o(i.USB_EPClearStall)
    i.USB_EPSetStall                         0x08004b3c   Section        0  stm32f1xx_ll_usb.o(i.USB_EPSetStall)
    i.USB_EPStartXfer                        0x08004bc2   Section        0  stm32f1xx_ll_usb.o(i.USB_EPStartXfer)
    i.USB_EnableGlobalInt                    0x08004ef4   Section        0  stm32f1xx_ll_usb.o(i.USB_EnableGlobalInt)
    i.USB_HP_CAN1_TX_IRQHandler              0x08004f0c   Section        0  stm32f1xx_it.o(i.USB_HP_CAN1_TX_IRQHandler)
    i.USB_LP_CAN1_RX0_IRQHandler             0x08004f1c   Section        0  stm32f1xx_it.o(i.USB_LP_CAN1_RX0_IRQHandler)
    i.USB_ReadInterrupts                     0x08004f2c   Section        0  stm32f1xx_ll_usb.o(i.USB_ReadInterrupts)
    i.USB_ReadPMA                            0x08004f36   Section        0  stm32f1xx_ll_usb.o(i.USB_ReadPMA)
    i.USB_SetCurrentMode                     0x08004f5e   Section        0  stm32f1xx_ll_usb.o(i.USB_SetCurrentMode)
    i.USB_SetDevAddress                      0x08004f64   Section        0  stm32f1xx_ll_usb.o(i.USB_SetDevAddress)
    i.USB_WritePMA                           0x08004f72   Section        0  stm32f1xx_ll_usb.o(i.USB_WritePMA)
    i.UsageFault_Handler                     0x08004fb4   Section        0  stm32f1xx_it.o(i.UsageFault_Handler)
    i.__scatterload_copy                     0x08004fb8   Section       14  handlers.o(i.__scatterload_copy)
    i.__scatterload_null                     0x08004fc6   Section        2  handlers.o(i.__scatterload_null)
    i.__scatterload_zeroinit                 0x08004fc8   Section       14  handlers.o(i.__scatterload_zeroinit)
    i.cbInit                                 0x08004fd6   Section        0  main.o(i.cbInit)
    i.cbPopFront                             0x0800500a   Section        0  main.o(i.cbPopFront)
    i.cbPushBack                             0x08005040   Section        0  main.o(i.cbPushBack)
    i.main                                   0x08005078   Section        0  main.o(i.main)
    i.malloc                                 0x08005188   Section        0  malloc.o(i.malloc)
    .constdata                               0x080051f4   Section       24  system_stm32f1xx.o(.constdata)
    .data                                    0x20000000   Section       52  usbd_desc.o(.data)
    .data                                    0x20000034   Section       22  tim.o(.data)
    .data                                    0x2000004c   Section       16  usbd_cdc_if.o(.data)
    .data                                    0x2000005c   Section        1  main.o(.data)
    .data                                    0x20000060   Section        4  system_stm32f1xx.o(.data)
    .data                                    0x20000064   Section        4  stm32f1xx_hal.o(.data)
    uwTick                                   0x20000064   Data           4  stm32f1xx_hal.o(.data)
    .data                                    0x20000068   Section      272  usbd_cdc.o(.data)
    USBD_CDC_DeviceQualifierDesc             0x20000068   Data          10  usbd_cdc.o(.data)
    ifalt                                    0x20000177   Data           1  usbd_cdc.o(.data)
    .data                                    0x20000178   Section        1  usbd_ctlreq.o(.data)
    cfgidx                                   0x20000178   Data           1  usbd_ctlreq.o(.data)
    .data                                    0x2000017c   Section        4  mvars.o(.data)
    .data                                    0x20000180   Section        4  mvars.o(.data)
    .bss                                     0x20000184   Section      512  usbd_desc.o(.bss)
    .bss                                     0x20000384   Section      144  tim.o(.bss)
    .bss                                     0x20000414   Section      128  usbd_cdc_if.o(.bss)
    .bss                                     0x20000494   Section     1600  usbd_conf.o(.bss)
    mem                                      0x200008b4   Data         544  usbd_conf.o(.bss)
    .bss                                     0x20000ad4   Section     1364  main.o(.bss)
    .bss                                     0x20001028   Section      548  usb_device.o(.bss)
    .bss                                     0x2000124c   Section       64  usart.o(.bss)
    HEAP                                     0x20001290   Section     1024  startup_stm32f103xb.o(HEAP)
    STACK                                    0x20001690   Section     2048  startup_stm32f103xb.o(STACK)

    Global Symbols

    Symbol Name                              Value     Ov Type        Size  Object(Section)

    BuildAttributes$$THM_ISAv4$P$D$K$B$S$PE$A:L22UL41UL21$X:L11$S22US41US21$IEEE1$IW$USESV6$~STKCKD$USESV7$~SHL$OSPACE$EBA8$MICROLIB$REQ8$PRES8$EABIv2 0x00000000   Number         0  anon$$obj.o ABSOLUTE
    __ARM_use_no_argv                        0x00000000   Number         0  main.o ABSOLUTE
    __cpp_initialize__aeabi_                  - Undefined Weak Reference
    __cxa_finalize                            - Undefined Weak Reference
    _clock_init                               - Undefined Weak Reference
    _microlib_exit                            - Undefined Weak Reference
    __Vectors_Size                           0x000000ec   Number         0  startup_stm32f103xb.o ABSOLUTE
    __Vectors                                0x08000000   Data           4  startup_stm32f103xb.o(RESET)
    __Vectors_End                            0x080000ec   Data           0  startup_stm32f103xb.o(RESET)
    __main                                   0x080000ed   Thumb Code     0  entry.o(.ARM.Collect$$$$00000000)
    _main_stk                                0x080000ed   Thumb Code     0  entry2.o(.ARM.Collect$$$$00000001)
    _main_scatterload                        0x080000f1   Thumb Code     0  entry5.o(.ARM.Collect$$$$00000004)
    __main_after_scatterload                 0x080000f5   Thumb Code     0  entry5.o(.ARM.Collect$$$$00000004)
    _main_clock                              0x080000f5   Thumb Code     0  entry7b.o(.ARM.Collect$$$$00000008)
    _main_cpp_init                           0x080000f5   Thumb Code     0  entry8b.o(.ARM.Collect$$$$0000000A)
    _main_init                               0x080000f5   Thumb Code     0  entry9a.o(.ARM.Collect$$$$0000000B)
    __rt_final_cpp                           0x080000fd   Thumb Code     0  entry10a.o(.ARM.Collect$$$$0000000D)
    __rt_final_exit                          0x080000fd   Thumb Code     0  entry11a.o(.ARM.Collect$$$$0000000F)
    Reset_Handler                            0x08000101   Thumb Code     8  startup_stm32f103xb.o(.text)
    ADC1_2_IRQHandler                        0x0800011b   Thumb Code     0  startup_stm32f103xb.o(.text)
    CAN1_RX1_IRQHandler                      0x0800011b   Thumb Code     0  startup_stm32f103xb.o(.text)
    CAN1_SCE_IRQHandler                      0x0800011b   Thumb Code     0  startup_stm32f103xb.o(.text)
    DMA1_Channel1_IRQHandler                 0x0800011b   Thumb Code     0  startup_stm32f103xb.o(.text)
    DMA1_Channel2_IRQHandler                 0x0800011b   Thumb Code     0  startup_stm32f103xb.o(.text)
    DMA1_Channel3_IRQHandler                 0x0800011b   Thumb Code     0  startup_stm32f103xb.o(.text)
    DMA1_Channel4_IRQHandler                 0x0800011b   Thumb Code     0  startup_stm32f103xb.o(.text)
    DMA1_Channel5_IRQHandler                 0x0800011b   Thumb Code     0  startup_stm32f103xb.o(.text)
    DMA1_Channel6_IRQHandler                 0x0800011b   Thumb Code     0  startup_stm32f103xb.o(.text)
    DMA1_Channel7_IRQHandler                 0x0800011b   Thumb Code     0  startup_stm32f103xb.o(.text)
    EXTI0_IRQHandler                         0x0800011b   Thumb Code     0  startup_stm32f103xb.o(.text)
    EXTI15_10_IRQHandler                     0x0800011b   Thumb Code     0  startup_stm32f103xb.o(.text)
    EXTI1_IRQHandler                         0x0800011b   Thumb Code     0  startup_stm32f103xb.o(.text)
    EXTI2_IRQHandler                         0x0800011b   Thumb Code     0  startup_stm32f103xb.o(.text)
    EXTI3_IRQHandler                         0x0800011b   Thumb Code     0  startup_stm32f103xb.o(.text)
    EXTI4_IRQHandler                         0x0800011b   Thumb Code     0  startup_stm32f103xb.o(.text)
    EXTI9_5_IRQHandler                       0x0800011b   Thumb Code     0  startup_stm32f103xb.o(.text)
    FLASH_IRQHandler                         0x0800011b   Thumb Code     0  startup_stm32f103xb.o(.text)
    I2C1_ER_IRQHandler                       0x0800011b   Thumb Code     0  startup_stm32f103xb.o(.text)
    I2C1_EV_IRQHandler                       0x0800011b   Thumb Code     0  startup_stm32f103xb.o(.text)
    I2C2_ER_IRQHandler                       0x0800011b   Thumb Code     0  startup_stm32f103xb.o(.text)
    I2C2_EV_IRQHandler                       0x0800011b   Thumb Code     0  startup_stm32f103xb.o(.text)
    PVD_IRQHandler                           0x0800011b   Thumb Code     0  startup_stm32f103xb.o(.text)
    RCC_IRQHandler                           0x0800011b   Thumb Code     0  startup_stm32f103xb.o(.text)
    RTC_Alarm_IRQHandler                     0x0800011b   Thumb Code     0  startup_stm32f103xb.o(.text)
    RTC_IRQHandler                           0x0800011b   Thumb Code     0  startup_stm32f103xb.o(.text)
    SPI1_IRQHandler                          0x0800011b   Thumb Code     0  startup_stm32f103xb.o(.text)
    SPI2_IRQHandler                          0x0800011b   Thumb Code     0  startup_stm32f103xb.o(.text)
    TAMPER_IRQHandler                        0x0800011b   Thumb Code     0  startup_stm32f103xb.o(.text)
    TIM1_BRK_IRQHandler                      0x0800011b   Thumb Code     0  startup_stm32f103xb.o(.text)
    TIM1_CC_IRQHandler                       0x0800011b   Thumb Code     0  startup_stm32f103xb.o(.text)
    TIM1_TRG_COM_IRQHandler                  0x0800011b   Thumb Code     0  startup_stm32f103xb.o(.text)
    TIM1_UP_IRQHandler                       0x0800011b   Thumb Code     0  startup_stm32f103xb.o(.text)
    TIM4_IRQHandler                          0x0800011b   Thumb Code     0  startup_stm32f103xb.o(.text)
    USART1_IRQHandler                        0x0800011b   Thumb Code     0  startup_stm32f103xb.o(.text)
    USART2_IRQHandler                        0x0800011b   Thumb Code     0  startup_stm32f103xb.o(.text)
    USART3_IRQHandler                        0x0800011b   Thumb Code     0  startup_stm32f103xb.o(.text)
    USBWakeUp_IRQHandler                     0x0800011b   Thumb Code     0  startup_stm32f103xb.o(.text)
    WWDG_IRQHandler                          0x0800011b   Thumb Code     0  startup_stm32f103xb.o(.text)
    __aeabi_memcpy                           0x08000125   Thumb Code    36  memcpya.o(.text)
    __aeabi_memcpy4                          0x08000125   Thumb Code     0  memcpya.o(.text)
    __aeabi_memcpy8                          0x08000125   Thumb Code     0  memcpya.o(.text)
    __scatterload                            0x08000149   Thumb Code    28  init.o(.text)
    __scatterload_rt2                        0x08000149   Thumb Code     0  init.o(.text)
    __decompress                             0x0800016d   Thumb Code     0  __dczerorl2.o(.text)
    __decompress1                            0x0800016d   Thumb Code    86  __dczerorl2.o(.text)
    BusFault_Handler                         0x080001c3   Thumb Code     4  stm32f1xx_it.o(i.BusFault_Handler)
    CDC_Transmit_FS                          0x08000279   Thumb Code    50  usbd_cdc_if.o(i.CDC_Transmit_FS)
    CRCInit                                  0x080002b1   Thumb Code    48  main.o(i.CRCInit)
    CalcCRC                                  0x080002e5   Thumb Code    38  main.o(i.CalcCRC)
    DBLINK                                   0x08000311   Thumb Code    24  tim.o(i.DBLINK)
    DebugMon_Handler                         0x0800032d   Thumb Code     2  stm32f1xx_it.o(i.DebugMon_Handler)
    Error_Handler                            0x0800032f   Thumb Code     4  main.o(i.Error_Handler)
    HAL_Delay                                0x08000333   Thumb Code    26  stm32f1xx_hal.o(i.HAL_Delay)
    HAL_GPIO_Init                            0x0800034d   Thumb Code   764  stm32f1xx_hal_gpio.o(i.HAL_GPIO_Init)
    HAL_GPIO_WritePin                        0x08000669   Thumb Code    12  stm32f1xx_hal_gpio.o(i.HAL_GPIO_WritePin)
    HAL_GetTick                              0x08000675   Thumb Code     6  stm32f1xx_hal.o(i.HAL_GetTick)
    HAL_IncTick                              0x08000681   Thumb Code    12  stm32f1xx_hal.o(i.HAL_IncTick)
    HAL_Init                                 0x08000691   Thumb Code    34  stm32f1xx_hal.o(i.HAL_Init)
    HAL_InitTick                             0x080006b9   Thumb Code    36  stm32f1xx_hal.o(i.HAL_InitTick)
    HAL_MspInit                              0x080006dd   Thumb Code   130  stm32f1xx_hal_msp.o(i.HAL_MspInit)
    HAL_NVIC_EnableIRQ                       0x08000769   Thumb Code    26  stm32f1xx_hal_cortex.o(i.HAL_NVIC_EnableIRQ)
    HAL_NVIC_SetPriority                     0x08000783   Thumb Code   124  stm32f1xx_hal_cortex.o(i.HAL_NVIC_SetPriority)
    HAL_NVIC_SetPriorityGrouping             0x08000801   Thumb Code    32  stm32f1xx_hal_cortex.o(i.HAL_NVIC_SetPriorityGrouping)
    HAL_PCDEx_PMAConfig                      0x08000829   Thumb Code    62  stm32f1xx_hal_pcd_ex.o(i.HAL_PCDEx_PMAConfig)
    HAL_PCDEx_SetConnectionState             0x08000867   Thumb Code     2  usbd_conf.o(i.HAL_PCDEx_SetConnectionState)
    HAL_PCD_DataInStageCallback              0x08000869   Thumb Code    28  usbd_conf.o(i.HAL_PCD_DataInStageCallback)
    HAL_PCD_DataOutStageCallback             0x08000885   Thumb Code    28  usbd_conf.o(i.HAL_PCD_DataOutStageCallback)
    HAL_PCD_EP_Close                         0x080008a1   Thumb Code   100  stm32f1xx_hal_pcd.o(i.HAL_PCD_EP_Close)
    HAL_PCD_EP_ClrStall                      0x08000905   Thumb Code    98  stm32f1xx_hal_pcd.o(i.HAL_PCD_EP_ClrStall)
    HAL_PCD_EP_GetRxCount                    0x08000967   Thumb Code    20  stm32f1xx_hal_pcd.o(i.HAL_PCD_EP_GetRxCount)
    HAL_PCD_EP_Open                          0x0800097b   Thumb Code   118  stm32f1xx_hal_pcd.o(i.HAL_PCD_EP_Open)
    HAL_PCD_EP_Receive                       0x080009f1   Thumb Code   106  stm32f1xx_hal_pcd.o(i.HAL_PCD_EP_Receive)
    HAL_PCD_EP_SetStall                      0x08000a5b   Thumb Code   114  stm32f1xx_hal_pcd.o(i.HAL_PCD_EP_SetStall)
    HAL_PCD_EP_Transmit                      0x08000acd   Thumb Code   108  stm32f1xx_hal_pcd.o(i.HAL_PCD_EP_Transmit)
    HAL_PCD_IRQHandler                       0x08000b39   Thumb Code   356  stm32f1xx_hal_pcd.o(i.HAL_PCD_IRQHandler)
    HAL_PCD_Init                             0x08000c9d   Thumb Code   282  stm32f1xx_hal_pcd.o(i.HAL_PCD_Init)
    HAL_PCD_MspInit                          0x08000db9   Thumb Code    74  usbd_conf.o(i.HAL_PCD_MspInit)
    HAL_PCD_ResetCallback                    0x08000e0d   Thumb Code    42  usbd_conf.o(i.HAL_PCD_ResetCallback)
    HAL_PCD_ResumeCallback                   0x08000e37   Thumb Code    14  usbd_conf.o(i.HAL_PCD_ResumeCallback)
    HAL_PCD_SOFCallback                      0x08000e45   Thumb Code    14  usbd_conf.o(i.HAL_PCD_SOFCallback)
    HAL_PCD_SetAddress                       0x08000e53   Thumb Code    54  stm32f1xx_hal_pcd.o(i.HAL_PCD_SetAddress)
    HAL_PCD_SetupStageCallback               0x08000e89   Thumb Code    18  usbd_conf.o(i.HAL_PCD_SetupStageCallback)
    HAL_PCD_Start                            0x08000e9b   Thumb Code    60  stm32f1xx_hal_pcd.o(i.HAL_PCD_Start)
    HAL_PCD_SuspendCallback                  0x08000ed9   Thumb Code    30  usbd_conf.o(i.HAL_PCD_SuspendCallback)
    HAL_RCCEx_PeriphCLKConfig                0x08000efd   Thumb Code   366  stm32f1xx_hal_rcc_ex.o(i.HAL_RCCEx_PeriphCLKConfig)
    HAL_RCC_CSSCallback                      0x08001079   Thumb Code     2  stm32f1xx_hal_rcc.o(i.HAL_RCC_CSSCallback)
    HAL_RCC_ClockConfig                      0x0800107d   Thumb Code   648  stm32f1xx_hal_rcc.o(i.HAL_RCC_ClockConfig)
    HAL_RCC_EnableCSS                        0x08001315   Thumb Code    20  stm32f1xx_hal_rcc.o(i.HAL_RCC_EnableCSS)
    HAL_RCC_GetHCLKFreq                      0x0800132d   Thumb Code     6  stm32f1xx_hal_rcc.o(i.HAL_RCC_GetHCLKFreq)
    HAL_RCC_GetPCLK1Freq                     0x08001339   Thumb Code    36  stm32f1xx_hal_rcc.o(i.HAL_RCC_GetPCLK1Freq)
    HAL_RCC_GetPCLK2Freq                     0x08001365   Thumb Code    36  stm32f1xx_hal_rcc.o(i.HAL_RCC_GetPCLK2Freq)
    HAL_RCC_GetSysClockFreq                  0x08001391   Thumb Code   146  stm32f1xx_hal_rcc.o(i.HAL_RCC_GetSysClockFreq)
    HAL_RCC_NMI_IRQHandler                   0x08001445   Thumb Code    26  stm32f1xx_hal_rcc.o(i.HAL_RCC_NMI_IRQHandler)
    HAL_RCC_OscConfig                        0x08001465   Thumb Code  2164  stm32f1xx_hal_rcc.o(i.HAL_RCC_OscConfig)
    HAL_SYSTICK_CLKSourceConfig              0x08001cdd   Thumb Code    40  stm32f1xx_hal_cortex.o(i.HAL_SYSTICK_CLKSourceConfig)
    HAL_SYSTICK_Callback                     0x08001d05   Thumb Code     2  stm32f1xx_hal_cortex.o(i.HAL_SYSTICK_Callback)
    HAL_SYSTICK_Config                       0x08001d07   Thumb Code    52  stm32f1xx_hal_cortex.o(i.HAL_SYSTICK_Config)
    HAL_SYSTICK_IRQHandler                   0x08001d3b   Thumb Code     8  stm32f1xx_hal_cortex.o(i.HAL_SYSTICK_IRQHandler)
    HAL_TIMEx_BreakCallback                  0x08001d43   Thumb Code     2  stm32f1xx_hal_tim_ex.o(i.HAL_TIMEx_BreakCallback)
    HAL_TIMEx_CommutationCallback            0x08001d45   Thumb Code     2  stm32f1xx_hal_tim_ex.o(i.HAL_TIMEx_CommutationCallback)
    HAL_TIMEx_MasterConfigSynchronization    0x08001d47   Thumb Code    98  stm32f1xx_hal_tim_ex.o(i.HAL_TIMEx_MasterConfigSynchronization)
    HAL_TIM_Base_Init                        0x08001da9   Thumb Code    52  stm32f1xx_hal_tim.o(i.HAL_TIM_Base_Init)
    HAL_TIM_Base_MspInit                     0x08001ddd   Thumb Code   134  tim.o(i.HAL_TIM_Base_MspInit)
    HAL_TIM_Base_Start                       0x08001e71   Thumb Code    30  stm32f1xx_hal_tim.o(i.HAL_TIM_Base_Start)
    HAL_TIM_Base_Start_IT                    0x08001e8f   Thumb Code    30  stm32f1xx_hal_tim.o(i.HAL_TIM_Base_Start_IT)
    HAL_TIM_Base_Stop_IT                     0x08001ead   Thumb Code    56  stm32f1xx_hal_tim.o(i.HAL_TIM_Base_Stop_IT)
    HAL_TIM_ConfigClockSource                0x08001ee5   Thumb Code   306  stm32f1xx_hal_tim.o(i.HAL_TIM_ConfigClockSource)
    HAL_TIM_IC_CaptureCallback               0x08002019   Thumb Code   302  tim.o(i.HAL_TIM_IC_CaptureCallback)
    HAL_TIM_IC_ConfigChannel                 0x08002169   Thumb Code   224  stm32f1xx_hal_tim.o(i.HAL_TIM_IC_ConfigChannel)
    HAL_TIM_IC_Init                          0x08002249   Thumb Code    52  stm32f1xx_hal_tim.o(i.HAL_TIM_IC_Init)
    HAL_TIM_IC_MspInit                       0x0800227d   Thumb Code     2  stm32f1xx_hal_tim.o(i.HAL_TIM_IC_MspInit)
    HAL_TIM_IC_Start_IT                      0x0800227f   Thumb Code   108  stm32f1xx_hal_tim.o(i.HAL_TIM_IC_Start_IT)
    HAL_TIM_IRQHandler                       0x080022eb   Thumb Code   406  stm32f1xx_hal_tim.o(i.HAL_TIM_IRQHandler)
    HAL_TIM_OC_DelayElapsedCallback          0x08002481   Thumb Code     2  stm32f1xx_hal_tim.o(i.HAL_TIM_OC_DelayElapsedCallback)
    HAL_TIM_OnePulse_Init                    0x08002483   Thumb Code    76  stm32f1xx_hal_tim.o(i.HAL_TIM_OnePulse_Init)
    HAL_TIM_OnePulse_MspInit                 0x080024cf   Thumb Code     2  stm32f1xx_hal_tim.o(i.HAL_TIM_OnePulse_MspInit)
    HAL_TIM_PWM_PulseFinishedCallback        0x080024d1   Thumb Code     2  stm32f1xx_hal_tim.o(i.HAL_TIM_PWM_PulseFinishedCallback)
    HAL_TIM_PeriodElapsedCallback            0x080024d5   Thumb Code   206  tim.o(i.HAL_TIM_PeriodElapsedCallback)
    HAL_TIM_SlaveConfigSynchronization       0x080025c9   Thumb Code    86  stm32f1xx_hal_tim.o(i.HAL_TIM_SlaveConfigSynchronization)
    HAL_TIM_TriggerCallback                  0x0800261f   Thumb Code     2  stm32f1xx_hal_tim.o(i.HAL_TIM_TriggerCallback)
    HAL_UART_Init                            0x08002621   Thumb Code   110  stm32f1xx_hal_uart.o(i.HAL_UART_Init)
    HAL_UART_MspInit                         0x08002691   Thumb Code    86  usart.o(i.HAL_UART_MspInit)
    HardFault_Handler                        0x080026f5   Thumb Code     4  stm32f1xx_it.o(i.HardFault_Handler)
    MX_GPIO_Init                             0x080026f9   Thumb Code   182  gpio.o(i.MX_GPIO_Init)
    MX_TIM2_Init                             0x080027bd   Thumb Code   178  tim.o(i.MX_TIM2_Init)
    MX_TIM3_Init                             0x08002875   Thumb Code    98  tim.o(i.MX_TIM3_Init)
    MX_USART1_UART_Init                      0x080028e1   Thumb Code    46  usart.o(i.MX_USART1_UART_Init)
    MX_USB_DEVICE_Init                       0x08002919   Thumb Code    36  usb_device.o(i.MX_USB_DEVICE_Init)
    MemManage_Handler                        0x0800294d   Thumb Code     4  stm32f1xx_it.o(i.MemManage_Handler)
    NMI_Handler                              0x08002951   Thumb Code     8  stm32f1xx_it.o(i.NMI_Handler)
    PendSV_Handler                           0x08002dd5   Thumb Code     2  stm32f1xx_it.o(i.PendSV_Handler)
    SVC_Handler                              0x08002dd7   Thumb Code     2  stm32f1xx_it.o(i.SVC_Handler)
    SendBytes                                0x08002dd9   Thumb Code   176  tim.o(i.SendBytes)
    SendFrame                                0x08002e95   Thumb Code    84  tim.o(i.SendFrame)
    SendSOF                                  0x08002ef1   Thumb Code    94  tim.o(i.SendSOF)
    SysTick_Handler                          0x08002f5d   Thumb Code    12  stm32f1xx_it.o(i.SysTick_Handler)
    SystemClock_Config                       0x08002f69   Thumb Code   146  main.o(i.SystemClock_Config)
    SystemInit                               0x08002ffd   Thumb Code    70  system_stm32f1xx.o(i.SystemInit)
    TIM2_IRQHandler                          0x08003055   Thumb Code    10  stm32f1xx_it.o(i.TIM2_IRQHandler)
    TIM3_IRQHandler                          0x08003065   Thumb Code    10  stm32f1xx_it.o(i.TIM3_IRQHandler)
    TIM_Base_SetConfig                       0x08003075   Thumb Code    94  stm32f1xx_hal_tim.o(i.TIM_Base_SetConfig)
    TIM_CCxChannelCmd                        0x080030e1   Thumb Code    28  stm32f1xx_hal_tim.o(i.TIM_CCxChannelCmd)
    TIM_TI1_SetConfig                        0x080031f9   Thumb Code    94  stm32f1xx_hal_tim.o(i.TIM_TI1_SetConfig)
    USBD_CDC_GetDeviceQualifierDescriptor    0x080035d5   Thumb Code    10  usbd_cdc.o(i.USBD_CDC_GetDeviceQualifierDescriptor)
    USBD_CDC_ReceivePacket                   0x080036bb   Thumb Code    58  usbd_cdc.o(i.USBD_CDC_ReceivePacket)
    USBD_CDC_RegisterInterface               0x080036f5   Thumb Code    14  usbd_cdc.o(i.USBD_CDC_RegisterInterface)
    USBD_CDC_SetRxBuffer                     0x08003703   Thumb Code    14  usbd_cdc.o(i.USBD_CDC_SetRxBuffer)
    USBD_CDC_SetTxBuffer                     0x08003711   Thumb Code    20  usbd_cdc.o(i.USBD_CDC_SetTxBuffer)
    USBD_CDC_TransmitPacket                  0x080037b5   Thumb Code    56  usbd_cdc.o(i.USBD_CDC_TransmitPacket)
    USBD_ClrClassConfig                      0x080037ed   Thumb Code    22  usbd_core.o(i.USBD_ClrClassConfig)
    USBD_CtlContinueRx                       0x08003847   Thumb Code    24  usbd_ioreq.o(i.USBD_CtlContinueRx)
    USBD_CtlContinueSendData                 0x0800385f   Thumb Code    24  usbd_ioreq.o(i.USBD_CtlContinueSendData)
    USBD_CtlError                            0x08003877   Thumb Code    24  usbd_ctlreq.o(i.USBD_CtlError)
    USBD_CtlPrepareRx                        0x0800388f   Thumb Code    40  usbd_ioreq.o(i.USBD_CtlPrepareRx)
    USBD_CtlReceiveStatus                    0x080038b7   Thumb Code    26  usbd_ioreq.o(i.USBD_CtlReceiveStatus)
    USBD_CtlSendData                         0x080038d1   Thumb Code    34  usbd_ioreq.o(i.USBD_CtlSendData)
    USBD_CtlSendStatus                       0x080038f3   Thumb Code    26  usbd_ioreq.o(i.USBD_CtlSendStatus)
    USBD_FS_ConfigStrDescriptor              0x0800390d   Thumb Code    34  usbd_desc.o(i.USBD_FS_ConfigStrDescriptor)
    USBD_FS_DeviceDescriptor                 0x08003941   Thumb Code    10  usbd_desc.o(i.USBD_FS_DeviceDescriptor)
    USBD_FS_InterfaceStrDescriptor           0x08003951   Thumb Code    34  usbd_desc.o(i.USBD_FS_InterfaceStrDescriptor)
    USBD_FS_LangIDStrDescriptor              0x08003989   Thumb Code    10  usbd_desc.o(i.USBD_FS_LangIDStrDescriptor)
    USBD_FS_ManufacturerStrDescriptor        0x08003999   Thumb Code    20  usbd_desc.o(i.USBD_FS_ManufacturerStrDescriptor)
    USBD_FS_ProductStrDescriptor             0x080039c5   Thumb Code    34  usbd_desc.o(i.USBD_FS_ProductStrDescriptor)
    USBD_FS_SerialStrDescriptor              0x08003a05   Thumb Code    34  usbd_desc.o(i.USBD_FS_SerialStrDescriptor)
    USBD_GetString                           0x08003c2d   Thumb Code    82  usbd_ctlreq.o(i.USBD_GetString)
    USBD_Init                                0x08003c7f   Thumb Code    50  usbd_core.o(i.USBD_Init)
    USBD_LL_ClearStallEP                     0x08003cb1   Thumb Code    20  usbd_conf.o(i.USBD_LL_ClearStallEP)
    USBD_LL_CloseEP                          0x08003cc5   Thumb Code    20  usbd_conf.o(i.USBD_LL_CloseEP)
    USBD_LL_DataInStage                      0x08003cd9   Thumb Code   218  usbd_core.o(i.USBD_LL_DataInStage)
    USBD_LL_DataOutStage                     0x08003db3   Thumb Code   134  usbd_core.o(i.USBD_LL_DataOutStage)
    USBD_LL_GetRxDataSize                    0x08003e39   Thumb Code    18  usbd_conf.o(i.USBD_LL_GetRxDataSize)
    USBD_LL_Init                             0x08003e4d   Thumb Code   126  usbd_conf.o(i.USBD_LL_Init)
    USBD_LL_IsStallEP                        0x08003ed5   Thumb Code    48  usbd_conf.o(i.USBD_LL_IsStallEP)
    USBD_LL_OpenEP                           0x08003f05   Thumb Code    32  usbd_conf.o(i.USBD_LL_OpenEP)
    USBD_LL_PrepareReceive                   0x08003f25   Thumb Code    32  usbd_conf.o(i.USBD_LL_PrepareReceive)
    USBD_LL_Reset                            0x08003f45   Thumb Code    68  usbd_core.o(i.USBD_LL_Reset)
    USBD_LL_Resume                           0x08003f89   Thumb Code    14  usbd_core.o(i.USBD_LL_Resume)
    USBD_LL_SOF                              0x08003f97   Thumb Code    34  usbd_core.o(i.USBD_LL_SOF)
    USBD_LL_SetSpeed                         0x08003fb9   Thumb Code     8  usbd_core.o(i.USBD_LL_SetSpeed)
    USBD_LL_SetUSBAddress                    0x08003fc1   Thumb Code    20  usbd_conf.o(i.USBD_LL_SetUSBAddress)
    USBD_LL_SetupStage                       0x08003fd5   Thumb Code   110  usbd_core.o(i.USBD_LL_SetupStage)
    USBD_LL_StallEP                          0x08004043   Thumb Code    20  usbd_conf.o(i.USBD_LL_StallEP)
    USBD_LL_Start                            0x08004057   Thumb Code    16  usbd_conf.o(i.USBD_LL_Start)
    USBD_LL_Suspend                          0x08004067   Thumb Code    20  usbd_core.o(i.USBD_LL_Suspend)
    USBD_LL_Transmit                         0x0800407b   Thumb Code    32  usbd_conf.o(i.USBD_LL_Transmit)
    USBD_ParseSetupRequest                   0x0800409b   Thumb Code    40  usbd_ctlreq.o(i.USBD_ParseSetupRequest)
    USBD_RegisterClass                       0x080040c3   Thumb Code    16  usbd_core.o(i.USBD_RegisterClass)
    USBD_RunTestMode                         0x080040d3   Thumb Code     6  usbd_core.o(i.USBD_RunTestMode)
    USBD_SetClassConfig                      0x0800412d   Thumb Code    34  usbd_core.o(i.USBD_SetClassConfig)
    USBD_Start                               0x08004255   Thumb Code    14  usbd_core.o(i.USBD_Start)
    USBD_StdDevReq                           0x08004263   Thumb Code   114  usbd_ctlreq.o(i.USBD_StdDevReq)
    USBD_StdEPReq                            0x080042d5   Thumb Code   342  usbd_ctlreq.o(i.USBD_StdEPReq)
    USBD_StdItfReq                           0x0800442b   Thumb Code    74  usbd_ctlreq.o(i.USBD_StdItfReq)
    USBD_static_free                         0x08004475   Thumb Code     2  usbd_conf.o(i.USBD_static_free)
    USBD_static_malloc                       0x08004479   Thumb Code     6  usbd_conf.o(i.USBD_static_malloc)
    USB_ActivateEndpoint                     0x08004485   Thumb Code   938  stm32f1xx_ll_usb.o(i.USB_ActivateEndpoint)
    USB_CoreInit                             0x0800482f   Thumb Code     8  stm32f1xx_ll_usb.o(i.USB_CoreInit)
    USB_DeactivateEndpoint                   0x08004837   Thumb Code   532  stm32f1xx_ll_usb.o(i.USB_DeactivateEndpoint)
    USB_DevConnect                           0x08004a4b   Thumb Code     6  stm32f1xx_ll_usb.o(i.USB_DevConnect)
    USB_DevDisconnect                        0x08004a51   Thumb Code     6  stm32f1xx_ll_usb.o(i.USB_DevDisconnect)
    USB_DevInit                              0x08004a57   Thumb Code    22  stm32f1xx_ll_usb.o(i.USB_DevInit)
    USB_DisableGlobalInt                     0x08004a6d   Thumb Code    22  stm32f1xx_ll_usb.o(i.USB_DisableGlobalInt)
    USB_EP0_OutStart                         0x08004a83   Thumb Code     6  stm32f1xx_ll_usb.o(i.USB_EP0_OutStart)
    USB_EPClearStall                         0x08004a89   Thumb Code   180  stm32f1xx_ll_usb.o(i.USB_EPClearStall)
    USB_EPSetStall                           0x08004b3d   Thumb Code   134  stm32f1xx_ll_usb.o(i.USB_EPSetStall)
    USB_EPStartXfer                          0x08004bc3   Thumb Code   818  stm32f1xx_ll_usb.o(i.USB_EPStartXfer)
    USB_EnableGlobalInt                      0x08004ef5   Thumb Code    22  stm32f1xx_ll_usb.o(i.USB_EnableGlobalInt)
    USB_HP_CAN1_TX_IRQHandler                0x08004f0d   Thumb Code    10  stm32f1xx_it.o(i.USB_HP_CAN1_TX_IRQHandler)
    USB_LP_CAN1_RX0_IRQHandler               0x08004f1d   Thumb Code    10  stm32f1xx_it.o(i.USB_LP_CAN1_RX0_IRQHandler)
    USB_ReadInterrupts                       0x08004f2d   Thumb Code    10  stm32f1xx_ll_usb.o(i.USB_ReadInterrupts)
    USB_ReadPMA                              0x08004f37   Thumb Code    40  stm32f1xx_ll_usb.o(i.USB_ReadPMA)
    USB_SetCurrentMode                       0x08004f5f   Thumb Code     6  stm32f1xx_ll_usb.o(i.USB_SetCurrentMode)
    USB_SetDevAddress                        0x08004f65   Thumb Code    14  stm32f1xx_ll_usb.o(i.USB_SetDevAddress)
    USB_WritePMA                             0x08004f73   Thumb Code    66  stm32f1xx_ll_usb.o(i.USB_WritePMA)
    UsageFault_Handler                       0x08004fb5   Thumb Code     4  stm32f1xx_it.o(i.UsageFault_Handler)
    __scatterload_copy                       0x08004fb9   Thumb Code    14  handlers.o(i.__scatterload_copy)
    __scatterload_null                       0x08004fc7   Thumb Code     2  handlers.o(i.__scatterload_null)
    __scatterload_zeroinit                   0x08004fc9   Thumb Code    14  handlers.o(i.__scatterload_zeroinit)
    cbInit                                   0x08004fd7   Thumb Code    52  main.o(i.cbInit)
    cbPopFront                               0x0800500b   Thumb Code    54  main.o(i.cbPopFront)
    cbPushBack                               0x08005041   Thumb Code    56  main.o(i.cbPushBack)
    main                                     0x08005079   Thumb Code   252  main.o(i.main)
    malloc                                   0x08005189   Thumb Code    92  malloc.o(i.malloc)
    AHBPrescTable                            0x080051f4   Data          16  system_stm32f1xx.o(.constdata)
    APBPrescTable                            0x08005204   Data           8  system_stm32f1xx.o(.constdata)
    Region$$Table$$Base                      0x0800520c   Number         0  anon$$obj.o(Region$$Table)
    Region$$Table$$Limit                     0x0800522c   Number         0  anon$$obj.o(Region$$Table)
    FS_Desc                                  0x20000000   Data          28  usbd_desc.o(.data)
    USBD_FS_DeviceDesc                       0x2000001c   Data          18  usbd_desc.o(.data)
    USBD_LangIDDesc                          0x20000030   Data           4  usbd_desc.o(.data)
    inFramePtr                               0x20000034   Data           4  tim.o(.data)
    outFramePtr                              0x20000038   Data           4  tim.o(.data)
    bFrame                                   0x2000003c   Data           1  tim.o(.data)
    bFrameTx                                 0x2000003d   Data           1  tim.o(.data)
    bHUReady                                 0x2000003e   Data           1  tim.o(.data)
    inFrameBit                               0x2000003f   Data           1  tim.o(.data)
    inFrameLen                               0x20000040   Data           1  tim.o(.data)
    outFrameLen                              0x20000041   Data           1  tim.o(.data)
    huInitRequest                            0x20000042   Data           3  tim.o(.data)
    huInitResponse                           0x20000045   Data           2  tim.o(.data)
    huResponseHeaders                        0x20000047   Data           3  tim.o(.data)
    USBD_Interface_fops_FS                   0x2000004c   Data          16  usbd_cdc_if.o(.data)
    bCDCRxBufferCplt                         0x2000005c   Data           1  main.o(.data)
    SystemCoreClock                          0x20000060   Data           4  system_stm32f1xx.o(.data)
    USBD_CDC                                 0x20000074   Data          56  usbd_cdc.o(.data)
    USBD_CDC_CfgHSDesc                       0x200000ac   Data          67  usbd_cdc.o(.data)
    USBD_CDC_CfgFSDesc                       0x200000f0   Data          67  usbd_cdc.o(.data)
    USBD_CDC_OtherSpeedCfgDesc               0x20000134   Data          67  usbd_cdc.o(.data)
    __microlib_freelist                      0x2000017c   Data           4  mvars.o(.data)
    __microlib_freelist_initialised          0x20000180   Data           4  mvars.o(.data)
    USBD_StrDesc                             0x20000184   Data         512  usbd_desc.o(.bss)
    htim2                                    0x20000384   Data          60  tim.o(.bss)
    htim3                                    0x200003c0   Data          60  tim.o(.bss)
    inFrame                                  0x200003fc   Data          12  tim.o(.bss)
    outFrame                                 0x20000408   Data          12  tim.o(.bss)
    UserRxBufferFS                           0x20000414   Data          64  usbd_cdc_if.o(.bss)
    UserTxBufferFS                           0x20000454   Data          64  usbd_cdc_if.o(.bss)
    hpcd_USB_FS                              0x20000494   Data        1056  usbd_conf.o(.bss)
    usbTransmit                              0x20000ad4   Data        1024  main.o(.bss)
    crcTable                                 0x20000ed4   Data         256  main.o(.bss)
    cbSWRxBuffer                             0x20000fd4   Data          28  main.o(.bss)
    cbSWTxBuffer                             0x20000ff0   Data          28  main.o(.bss)
    cbCDCRxBuffer                            0x2000100c   Data          28  main.o(.bss)
    hUsbDeviceFS                             0x20001028   Data         548  usb_device.o(.bss)
    huart1                                   0x2000124c   Data          64  usart.o(.bss)
    __heap_base                              0x20001290   Data           0  startup_stm32f103xb.o(HEAP)
    __heap_limit                             0x20001690   Data           0  startup_stm32f103xb.o(HEAP)
    __initial_sp                             0x20001e90   Data           0  startup_stm32f103xb.o(STACK)



==============================================================================

Memory Map of the image

  Image Entry point : 0x080000ed

  Load Region LR_IROM1 (Base: 0x08000000, Size: 0x000053b0, Max: 0x00010000, ABSOLUTE, COMPRESSED[0x00005300])

    Execution Region ER_IROM1 (Base: 0x08000000, Size: 0x0000522c, Max: 0x00010000, ABSOLUTE)

    Base Addr    Size         Type   Attr      Idx    E Section Name        Object

    0x08000000   0x000000ec   Data   RO         3847    RESET               startup_stm32f103xb.o
    0x080000ec   0x00000000   Code   RO         3852  * .ARM.Collect$$$$00000000  mc_w.l(entry.o)
    0x080000ec   0x00000004   Code   RO         3889    .ARM.Collect$$$$00000001  mc_w.l(entry2.o)
    0x080000f0   0x00000004   Code   RO         3892    .ARM.Collect$$$$00000004  mc_w.l(entry5.o)
    0x080000f4   0x00000000   Code   RO         3894    .ARM.Collect$$$$00000008  mc_w.l(entry7b.o)
    0x080000f4   0x00000000   Code   RO         3896    .ARM.Collect$$$$0000000A  mc_w.l(entry8b.o)
    0x080000f4   0x00000008   Code   RO         3897    .ARM.Collect$$$$0000000B  mc_w.l(entry9a.o)
    0x080000fc   0x00000000   Code   RO         3899    .ARM.Collect$$$$0000000D  mc_w.l(entry10a.o)
    0x080000fc   0x00000000   Code   RO         3901    .ARM.Collect$$$$0000000F  mc_w.l(entry11a.o)
    0x080000fc   0x00000004   Code   RO         3890    .ARM.Collect$$$$00002712  mc_w.l(entry2.o)
    0x08000100   0x00000024   Code   RO         3848    .text               startup_stm32f103xb.o
    0x08000124   0x00000024   Code   RO         3857    .text               mc_w.l(memcpya.o)
    0x08000148   0x00000024   Code   RO         3905    .text               mc_w.l(init.o)
    0x0800016c   0x00000056   Code   RO         3915    .text               mc_w.l(__dczerorl2.o)
    0x080001c2   0x00000004   Code   RO            4    i.BusFault_Handler  stm32f1xx_it.o
    0x080001c6   0x00000044   Code   RO          431    i.CDC_Control_FS    usbd_cdc_if.o
    0x0800020a   0x00000004   Code   RO          432    i.CDC_DeInit_FS     usbd_cdc_if.o
    0x0800020e   0x00000002   PAD
    0x08000210   0x00000024   Code   RO          433    i.CDC_Init_FS       usbd_cdc_if.o
    0x08000234   0x00000044   Code   RO          434    i.CDC_Receive_FS    usbd_cdc_if.o
    0x08000278   0x00000038   Code   RO          435    i.CDC_Transmit_FS   usbd_cdc_if.o
    0x080002b0   0x00000034   Code   RO          718    i.CRCInit           main.o
    0x080002e4   0x0000002c   Code   RO          719    i.CalcCRC           main.o
    0x08000310   0x0000001c   Code   RO          315    i.DBLINK            tim.o
    0x0800032c   0x00000002   Code   RO            5    i.DebugMon_Handler  stm32f1xx_it.o
    0x0800032e   0x00000004   Code   RO          720    i.Error_Handler     main.o
    0x08000332   0x0000001a   Code   RO          961    i.HAL_Delay         stm32f1xx_hal.o
    0x0800034c   0x0000031c   Code   RO         1438    i.HAL_GPIO_Init     stm32f1xx_hal_gpio.o
    0x08000668   0x0000000c   Code   RO         1442    i.HAL_GPIO_WritePin  stm32f1xx_hal_gpio.o
    0x08000674   0x0000000c   Code   RO          965    i.HAL_GetTick       stm32f1xx_hal.o
    0x08000680   0x00000010   Code   RO          966    i.HAL_IncTick       stm32f1xx_hal.o
    0x08000690   0x00000028   Code   RO          967    i.HAL_Init          stm32f1xx_hal.o
    0x080006b8   0x00000024   Code   RO          968    i.HAL_InitTick      stm32f1xx_hal.o
    0x080006dc   0x0000008c   Code   RO          694    i.HAL_MspInit       stm32f1xx_hal_msp.o
    0x08000768   0x0000001a   Code   RO         2497    i.HAL_NVIC_EnableIRQ  stm32f1xx_hal_cortex.o
    0x08000782   0x0000007c   Code   RO         2503    i.HAL_NVIC_SetPriority  stm32f1xx_hal_cortex.o
    0x080007fe   0x00000002   PAD
    0x08000800   0x00000028   Code   RO         2504    i.HAL_NVIC_SetPriorityGrouping  stm32f1xx_hal_cortex.o
    0x08000828   0x0000003e   Code   RO         1088    i.HAL_PCDEx_PMAConfig  stm32f1xx_hal_pcd_ex.o
    0x08000866   0x00000002   Code   RO          487    i.HAL_PCDEx_SetConnectionState  usbd_conf.o
    0x08000868   0x0000001c   Code   RO          489    i.HAL_PCD_DataInStageCallback  usbd_conf.o
    0x08000884   0x0000001c   Code   RO          490    i.HAL_PCD_DataOutStageCallback  usbd_conf.o
    0x080008a0   0x00000064   Code   RO         1229    i.HAL_PCD_EP_Close  stm32f1xx_hal_pcd.o
    0x08000904   0x00000062   Code   RO         1230    i.HAL_PCD_EP_ClrStall  stm32f1xx_hal_pcd.o
    0x08000966   0x00000014   Code   RO         1232    i.HAL_PCD_EP_GetRxCount  stm32f1xx_hal_pcd.o
    0x0800097a   0x00000076   Code   RO         1233    i.HAL_PCD_EP_Open   stm32f1xx_hal_pcd.o
    0x080009f0   0x0000006a   Code   RO         1234    i.HAL_PCD_EP_Receive  stm32f1xx_hal_pcd.o
    0x08000a5a   0x00000072   Code   RO         1235    i.HAL_PCD_EP_SetStall  stm32f1xx_hal_pcd.o
    0x08000acc   0x0000006c   Code   RO         1236    i.HAL_PCD_EP_Transmit  stm32f1xx_hal_pcd.o
    0x08000b38   0x00000164   Code   RO         1238    i.HAL_PCD_IRQHandler  stm32f1xx_hal_pcd.o
    0x08000c9c   0x0000011a   Code   RO         1241    i.HAL_PCD_Init      stm32f1xx_hal_pcd.o
    0x08000db6   0x00000002   PAD
    0x08000db8   0x00000054   Code   RO          495    i.HAL_PCD_MspInit   usbd_conf.o
    0x08000e0c   0x0000002a   Code   RO          496    i.HAL_PCD_ResetCallback  usbd_conf.o
    0x08000e36   0x0000000e   Code   RO          497    i.HAL_PCD_ResumeCallback  usbd_conf.o
    0x08000e44   0x0000000e   Code   RO          498    i.HAL_PCD_SOFCallback  usbd_conf.o
    0x08000e52   0x00000036   Code   RO         1247    i.HAL_PCD_SetAddress  stm32f1xx_hal_pcd.o
    0x08000e88   0x00000012   Code   RO          499    i.HAL_PCD_SetupStageCallback  usbd_conf.o
    0x08000e9a   0x0000003c   Code   RO         1249    i.HAL_PCD_Start     stm32f1xx_hal_pcd.o
    0x08000ed6   0x00000002   PAD
    0x08000ed8   0x00000024   Code   RO          500    i.HAL_PCD_SuspendCallback  usbd_conf.o
    0x08000efc   0x0000017c   Code   RO         3032    i.HAL_RCCEx_PeriphCLKConfig  stm32f1xx_hal_rcc_ex.o
    0x08001078   0x00000002   Code   RO         1118    i.HAL_RCC_CSSCallback  stm32f1xx_hal_rcc.o
    0x0800107a   0x00000002   PAD
    0x0800107c   0x00000298   Code   RO         1119    i.HAL_RCC_ClockConfig  stm32f1xx_hal_rcc.o
    0x08001314   0x00000018   Code   RO         1122    i.HAL_RCC_EnableCSS  stm32f1xx_hal_rcc.o
    0x0800132c   0x0000000c   Code   RO         1124    i.HAL_RCC_GetHCLKFreq  stm32f1xx_hal_rcc.o
    0x08001338   0x0000002c   Code   RO         1126    i.HAL_RCC_GetPCLK1Freq  stm32f1xx_hal_rcc.o
    0x08001364   0x0000002c   Code   RO         1127    i.HAL_RCC_GetPCLK2Freq  stm32f1xx_hal_rcc.o
    0x08001390   0x000000b4   Code   RO         1128    i.HAL_RCC_GetSysClockFreq  stm32f1xx_hal_rcc.o
    0x08001444   0x00000020   Code   RO         1130    i.HAL_RCC_NMI_IRQHandler  stm32f1xx_hal_rcc.o
    0x08001464   0x00000878   Code   RO         1131    i.HAL_RCC_OscConfig  stm32f1xx_hal_rcc.o
    0x08001cdc   0x00000028   Code   RO         2506    i.HAL_SYSTICK_CLKSourceConfig  stm32f1xx_hal_cortex.o
    0x08001d04   0x00000002   Code   RO         2507    i.HAL_SYSTICK_Callback  stm32f1xx_hal_cortex.o
    0x08001d06   0x00000034   Code   RO         2508    i.HAL_SYSTICK_Config  stm32f1xx_hal_cortex.o
    0x08001d3a   0x00000008   Code   RO         2509    i.HAL_SYSTICK_IRQHandler  stm32f1xx_hal_cortex.o
    0x08001d42   0x00000002   Code   RO         2694    i.HAL_TIMEx_BreakCallback  stm32f1xx_hal_tim_ex.o
    0x08001d44   0x00000002   Code   RO         2695    i.HAL_TIMEx_CommutationCallback  stm32f1xx_hal_tim_ex.o
    0x08001d46   0x00000062   Code   RO         2711    i.HAL_TIMEx_MasterConfigSynchronization  stm32f1xx_hal_tim_ex.o
    0x08001da8   0x00000034   Code   RO         1664    i.HAL_TIM_Base_Init  stm32f1xx_hal_tim.o
    0x08001ddc   0x00000094   Code   RO          320    i.HAL_TIM_Base_MspInit  tim.o
    0x08001e70   0x0000001e   Code   RO         1667    i.HAL_TIM_Base_Start  stm32f1xx_hal_tim.o
    0x08001e8e   0x0000001e   Code   RO         1669    i.HAL_TIM_Base_Start_IT  stm32f1xx_hal_tim.o
    0x08001eac   0x00000038   Code   RO         1672    i.HAL_TIM_Base_Stop_IT  stm32f1xx_hal_tim.o
    0x08001ee4   0x00000132   Code   RO         1673    i.HAL_TIM_ConfigClockSource  stm32f1xx_hal_tim.o
    0x08002016   0x00000002   PAD
    0x08002018   0x00000150   Code   RO          321    i.HAL_TIM_IC_CaptureCallback  tim.o
    0x08002168   0x000000e0   Code   RO         1694    i.HAL_TIM_IC_ConfigChannel  stm32f1xx_hal_tim.o
    0x08002248   0x00000034   Code   RO         1697    i.HAL_TIM_IC_Init   stm32f1xx_hal_tim.o
    0x0800227c   0x00000002   Code   RO         1699    i.HAL_TIM_IC_MspInit  stm32f1xx_hal_tim.o
    0x0800227e   0x0000006c   Code   RO         1702    i.HAL_TIM_IC_Start_IT  stm32f1xx_hal_tim.o
    0x080022ea   0x00000196   Code   RO         1706    i.HAL_TIM_IRQHandler  stm32f1xx_hal_tim.o
    0x08002480   0x00000002   Code   RO         1709    i.HAL_TIM_OC_DelayElapsedCallback  stm32f1xx_hal_tim.o
    0x08002482   0x0000004c   Code   RO         1723    i.HAL_TIM_OnePulse_Init  stm32f1xx_hal_tim.o
    0x080024ce   0x00000002   Code   RO         1725    i.HAL_TIM_OnePulse_MspInit  stm32f1xx_hal_tim.o
    0x080024d0   0x00000002   Code   RO         1736    i.HAL_TIM_PWM_PulseFinishedCallback  stm32f1xx_hal_tim.o
    0x080024d2   0x00000002   PAD
    0x080024d4   0x000000f4   Code   RO          322    i.HAL_TIM_PeriodElapsedCallback  tim.o
    0x080025c8   0x00000056   Code   RO         1745    i.HAL_TIM_SlaveConfigSynchronization  stm32f1xx_hal_tim.o
    0x0800261e   0x00000002   Code   RO         1747    i.HAL_TIM_TriggerCallback  stm32f1xx_hal_tim.o
    0x08002620   0x0000006e   Code   RO         3224    i.HAL_UART_Init     stm32f1xx_hal_uart.o
    0x0800268e   0x00000002   PAD
    0x08002690   0x00000064   Code   RO          876    i.HAL_UART_MspInit  usart.o
    0x080026f4   0x00000004   Code   RO            6    i.HardFault_Handler  stm32f1xx_it.o
    0x080026f8   0x000000c4   Code   RO          200    i.MX_GPIO_Init      gpio.o
    0x080027bc   0x000000b8   Code   RO          323    i.MX_TIM2_Init      tim.o
    0x08002874   0x0000006c   Code   RO          324    i.MX_TIM3_Init      tim.o
    0x080028e0   0x00000038   Code   RO          877    i.MX_USART1_UART_Init  usart.o
    0x08002918   0x00000034   Code   RO          814    i.MX_USB_DEVICE_Init  usb_device.o
    0x0800294c   0x00000004   Code   RO            7    i.MemManage_Handler  stm32f1xx_it.o
    0x08002950   0x00000008   Code   RO            8    i.NMI_Handler       stm32f1xx_it.o
    0x08002958   0x00000010   Code   RO         2510    i.NVIC_GetPriorityGrouping  stm32f1xx_hal_cortex.o
    0x08002968   0x00000028   Code   RO         2511    i.NVIC_SetPriority  stm32f1xx_hal_cortex.o
    0x08002990   0x00000444   Code   RO         1252    i.PCD_EP_ISR_Handler  stm32f1xx_hal_pcd.o
    0x08002dd4   0x00000002   Code   RO            9    i.PendSV_Handler    stm32f1xx_it.o
    0x08002dd6   0x00000002   Code   RO           10    i.SVC_Handler       stm32f1xx_it.o
    0x08002dd8   0x000000bc   Code   RO          325    i.SendBytes         tim.o
    0x08002e94   0x0000005c   Code   RO          326    i.SendFrame         tim.o
    0x08002ef0   0x0000006c   Code   RO          327    i.SendSOF           tim.o
    0x08002f5c   0x0000000c   Code   RO           11    i.SysTick_Handler   stm32f1xx_it.o
    0x08002f68   0x00000092   Code   RO          721    i.SystemClock_Config  main.o
    0x08002ffa   0x00000002   PAD
    0x08002ffc   0x00000058   Code   RO          918    i.SystemInit        system_stm32f1xx.o
    0x08003054   0x00000010   Code   RO           12    i.TIM2_IRQHandler   stm32f1xx_it.o
    0x08003064   0x00000010   Code   RO           13    i.TIM3_IRQHandler   stm32f1xx_it.o
    0x08003074   0x0000006c   Code   RO         1748    i.TIM_Base_SetConfig  stm32f1xx_hal_tim.o
    0x080030e0   0x0000001c   Code   RO         1749    i.TIM_CCxChannelCmd  stm32f1xx_hal_tim.o
    0x080030fc   0x00000018   Code   RO         1755    i.TIM_ETR_SetConfig  stm32f1xx_hal_tim.o
    0x08003114   0x00000014   Code   RO         1756    i.TIM_ITRx_SetConfig  stm32f1xx_hal_tim.o
    0x08003128   0x000000a4   Code   RO         1761    i.TIM_SlaveTimer_SetConfig  stm32f1xx_hal_tim.o
    0x080031cc   0x0000002a   Code   RO         1762    i.TIM_TI1_ConfigInputStage  stm32f1xx_hal_tim.o
    0x080031f6   0x00000002   PAD
    0x080031f8   0x0000006c   Code   RO         1763    i.TIM_TI1_SetConfig  stm32f1xx_hal_tim.o
    0x08003264   0x0000002c   Code   RO         1764    i.TIM_TI2_ConfigInputStage  stm32f1xx_hal_tim.o
    0x08003290   0x0000003e   Code   RO         1765    i.TIM_TI2_SetConfig  stm32f1xx_hal_tim.o
    0x080032ce   0x0000003c   Code   RO         1766    i.TIM_TI3_SetConfig  stm32f1xx_hal_tim.o
    0x0800330a   0x00000040   Code   RO         1767    i.TIM_TI4_SetConfig  stm32f1xx_hal_tim.o
    0x0800334a   0x00000002   PAD
    0x0800334c   0x000001c8   Code   RO         3244    i.UART_SetConfig    stm32f1xx_hal_uart.o
    0x08003514   0x0000001a   Code   RO         3648    i.USBD_CDC_DataIn   usbd_cdc.o
    0x0800352e   0x00000034   Code   RO         3649    i.USBD_CDC_DataOut  usbd_cdc.o
    0x08003562   0x00000040   Code   RO         3650    i.USBD_CDC_DeInit   usbd_cdc.o
    0x080035a2   0x00000032   Code   RO         3651    i.USBD_CDC_EP0_RxReady  usbd_cdc.o
    0x080035d4   0x00000010   Code   RO         3652    i.USBD_CDC_GetDeviceQualifierDescriptor  usbd_cdc.o
    0x080035e4   0x00000010   Code   RO         3653    i.USBD_CDC_GetFSCfgDesc  usbd_cdc.o
    0x080035f4   0x00000010   Code   RO         3654    i.USBD_CDC_GetHSCfgDesc  usbd_cdc.o
    0x08003604   0x00000010   Code   RO         3655    i.USBD_CDC_GetOtherSpeedCfgDesc  usbd_cdc.o
    0x08003614   0x000000a6   Code   RO         3656    i.USBD_CDC_Init     usbd_cdc.o
    0x080036ba   0x0000003a   Code   RO         3657    i.USBD_CDC_ReceivePacket  usbd_cdc.o
    0x080036f4   0x0000000e   Code   RO         3658    i.USBD_CDC_RegisterInterface  usbd_cdc.o
    0x08003702   0x0000000e   Code   RO         3659    i.USBD_CDC_SetRxBuffer  usbd_cdc.o
    0x08003710   0x00000014   Code   RO         3660    i.USBD_CDC_SetTxBuffer  usbd_cdc.o
    0x08003724   0x00000090   Code   RO         3661    i.USBD_CDC_Setup    usbd_cdc.o
    0x080037b4   0x00000038   Code   RO         3662    i.USBD_CDC_TransmitPacket  usbd_cdc.o
    0x080037ec   0x00000016   Code   RO         3450    i.USBD_ClrClassConfig  usbd_core.o
    0x08003802   0x00000044   Code   RO         3753    i.USBD_ClrFeature   usbd_ctlreq.o
    0x08003846   0x00000018   Code   RO         3588    i.USBD_CtlContinueRx  usbd_ioreq.o
    0x0800385e   0x00000018   Code   RO         3589    i.USBD_CtlContinueSendData  usbd_ioreq.o
    0x08003876   0x00000018   Code   RO         3754    i.USBD_CtlError     usbd_ctlreq.o
    0x0800388e   0x00000028   Code   RO         3590    i.USBD_CtlPrepareRx  usbd_ioreq.o
    0x080038b6   0x0000001a   Code   RO         3591    i.USBD_CtlReceiveStatus  usbd_ioreq.o
    0x080038d0   0x00000022   Code   RO         3592    i.USBD_CtlSendData  usbd_ioreq.o
    0x080038f2   0x0000001a   Code   RO         3593    i.USBD_CtlSendStatus  usbd_ioreq.o
    0x0800390c   0x00000034   Code   RO          227    i.USBD_FS_ConfigStrDescriptor  usbd_desc.o
    0x08003940   0x00000010   Code   RO          228    i.USBD_FS_DeviceDescriptor  usbd_desc.o
    0x08003950   0x00000038   Code   RO          229    i.USBD_FS_InterfaceStrDescriptor  usbd_desc.o
    0x08003988   0x00000010   Code   RO          230    i.USBD_FS_LangIDStrDescriptor  usbd_desc.o
    0x08003998   0x0000002c   Code   RO          231    i.USBD_FS_ManufacturerStrDescriptor  usbd_desc.o
    0x080039c4   0x00000040   Code   RO          232    i.USBD_FS_ProductStrDescriptor  usbd_desc.o
    0x08003a04   0x00000038   Code   RO          233    i.USBD_FS_SerialStrDescriptor  usbd_desc.o
    0x08003a3c   0x00000050   Code   RO         3755    i.USBD_GetConfig    usbd_ctlreq.o
    0x08003a8c   0x00000148   Code   RO         3756    i.USBD_GetDescriptor  usbd_ctlreq.o
    0x08003bd4   0x00000014   Code   RO         3757    i.USBD_GetLen       usbd_ctlreq.o
    0x08003be8   0x00000044   Code   RO         3758    i.USBD_GetStatus    usbd_ctlreq.o
    0x08003c2c   0x00000052   Code   RO         3759    i.USBD_GetString    usbd_ctlreq.o
    0x08003c7e   0x00000032   Code   RO         3452    i.USBD_Init         usbd_core.o
    0x08003cb0   0x00000014   Code   RO          501    i.USBD_LL_ClearStallEP  usbd_conf.o
    0x08003cc4   0x00000014   Code   RO          502    i.USBD_LL_CloseEP   usbd_conf.o
    0x08003cd8   0x000000da   Code   RO         3453    i.USBD_LL_DataInStage  usbd_core.o
    0x08003db2   0x00000086   Code   RO         3454    i.USBD_LL_DataOutStage  usbd_core.o
    0x08003e38   0x00000012   Code   RO          506    i.USBD_LL_GetRxDataSize  usbd_conf.o
    0x08003e4a   0x00000002   PAD
    0x08003e4c   0x00000088   Code   RO          507    i.USBD_LL_Init      usbd_conf.o
    0x08003ed4   0x00000030   Code   RO          508    i.USBD_LL_IsStallEP  usbd_conf.o
    0x08003f04   0x00000020   Code   RO          509    i.USBD_LL_OpenEP    usbd_conf.o
    0x08003f24   0x00000020   Code   RO          510    i.USBD_LL_PrepareReceive  usbd_conf.o
    0x08003f44   0x00000044   Code   RO         3459    i.USBD_LL_Reset     usbd_core.o
    0x08003f88   0x0000000e   Code   RO         3460    i.USBD_LL_Resume    usbd_core.o
    0x08003f96   0x00000022   Code   RO         3461    i.USBD_LL_SOF       usbd_core.o
    0x08003fb8   0x00000008   Code   RO         3462    i.USBD_LL_SetSpeed  usbd_core.o
    0x08003fc0   0x00000014   Code   RO          511    i.USBD_LL_SetUSBAddress  usbd_conf.o
    0x08003fd4   0x0000006e   Code   RO         3463    i.USBD_LL_SetupStage  usbd_core.o
    0x08004042   0x00000014   Code   RO          512    i.USBD_LL_StallEP   usbd_conf.o
    0x08004056   0x00000010   Code   RO          513    i.USBD_LL_Start     usbd_conf.o
    0x08004066   0x00000014   Code   RO         3464    i.USBD_LL_Suspend   usbd_core.o
    0x0800407a   0x00000020   Code   RO          515    i.USBD_LL_Transmit  usbd_conf.o
    0x0800409a   0x00000028   Code   RO         3760    i.USBD_ParseSetupRequest  usbd_ctlreq.o
    0x080040c2   0x00000010   Code   RO         3465    i.USBD_RegisterClass  usbd_core.o
    0x080040d2   0x00000006   Code   RO         3466    i.USBD_RunTestMode  usbd_core.o
    0x080040d8   0x00000054   Code   RO         3761    i.USBD_SetAddress   usbd_ctlreq.o
    0x0800412c   0x00000022   Code   RO         3467    i.USBD_SetClassConfig  usbd_core.o
    0x0800414e   0x00000002   PAD
    0x08004150   0x000000e0   Code   RO         3762    i.USBD_SetConfig    usbd_ctlreq.o
    0x08004230   0x00000024   Code   RO         3763    i.USBD_SetFeature   usbd_ctlreq.o
    0x08004254   0x0000000e   Code   RO         3468    i.USBD_Start        usbd_core.o
    0x08004262   0x00000072   Code   RO         3764    i.USBD_StdDevReq    usbd_ctlreq.o
    0x080042d4   0x00000156   Code   RO         3765    i.USBD_StdEPReq     usbd_ctlreq.o
    0x0800442a   0x0000004a   Code   RO         3766    i.USBD_StdItfReq    usbd_ctlreq.o
    0x08004474   0x00000002   Code   RO          516    i.USBD_static_free  usbd_conf.o
    0x08004476   0x00000002   PAD
    0x08004478   0x0000000c   Code   RO          517    i.USBD_static_malloc  usbd_conf.o
    0x08004484   0x000003aa   Code   RO         2303    i.USB_ActivateEndpoint  stm32f1xx_ll_usb.o
    0x0800482e   0x00000008   Code   RO         2306    i.USB_CoreInit      stm32f1xx_ll_usb.o
    0x08004836   0x00000214   Code   RO         2308    i.USB_DeactivateEndpoint  stm32f1xx_ll_usb.o
    0x08004a4a   0x00000006   Code   RO         2309    i.USB_DevConnect    stm32f1xx_ll_usb.o
    0x08004a50   0x00000006   Code   RO         2310    i.USB_DevDisconnect  stm32f1xx_ll_usb.o
    0x08004a56   0x00000016   Code   RO         2311    i.USB_DevInit       stm32f1xx_ll_usb.o
    0x08004a6c   0x00000016   Code   RO         2312    i.USB_DisableGlobalInt  stm32f1xx_ll_usb.o
    0x08004a82   0x00000006   Code   RO         2313    i.USB_EP0_OutStart  stm32f1xx_ll_usb.o
    0x08004a88   0x000000b4   Code   RO         2314    i.USB_EPClearStall  stm32f1xx_ll_usb.o
    0x08004b3c   0x00000086   Code   RO         2315    i.USB_EPSetStall    stm32f1xx_ll_usb.o
    0x08004bc2   0x00000332   Code   RO         2316    i.USB_EPStartXfer   stm32f1xx_ll_usb.o
    0x08004ef4   0x00000016   Code   RO         2317    i.USB_EnableGlobalInt  stm32f1xx_ll_usb.o
    0x08004f0a   0x00000002   PAD
    0x08004f0c   0x00000010   Code   RO           14    i.USB_HP_CAN1_TX_IRQHandler  stm32f1xx_it.o
    0x08004f1c   0x00000010   Code   RO           15    i.USB_LP_CAN1_RX0_IRQHandler  stm32f1xx_it.o
    0x08004f2c   0x0000000a   Code   RO         2324    i.USB_ReadInterrupts  stm32f1xx_ll_usb.o
    0x08004f36   0x00000028   Code   RO         2325    i.USB_ReadPMA       stm32f1xx_ll_usb.o
    0x08004f5e   0x00000006   Code   RO         2327    i.USB_SetCurrentMode  stm32f1xx_ll_usb.o
    0x08004f64   0x0000000e   Code   RO         2328    i.USB_SetDevAddress  stm32f1xx_ll_usb.o
    0x08004f72   0x00000042   Code   RO         2330    i.USB_WritePMA      stm32f1xx_ll_usb.o
    0x08004fb4   0x00000004   Code   RO           16    i.UsageFault_Handler  stm32f1xx_it.o
    0x08004fb8   0x0000000e   Code   RO         3909    i.__scatterload_copy  mc_w.l(handlers.o)
    0x08004fc6   0x00000002   Code   RO         3910    i.__scatterload_null  mc_w.l(handlers.o)
    0x08004fc8   0x0000000e   Code   RO         3911    i.__scatterload_zeroinit  mc_w.l(handlers.o)
    0x08004fd6   0x00000034   Code   RO          723    i.cbInit            main.o
    0x0800500a   0x00000036   Code   RO          724    i.cbPopFront        main.o
    0x08005040   0x00000038   Code   RO          725    i.cbPushBack        main.o
    0x08005078   0x00000110   Code   RO          726    i.main              main.o
    0x08005188   0x0000006c   Code   RO         3862    i.malloc            mc_w.l(malloc.o)
    0x080051f4   0x00000018   Data   RO          919    .constdata          system_stm32f1xx.o
    0x0800520c   0x00000020   Data   RO         3907    Region$$Table       anon$$obj.o


    Execution Region RW_IRAM1 (Base: 0x20000000, Size: 0x00001e90, Max: 0x00005000, ABSOLUTE, COMPRESSED[0x000000d4])

    Base Addr    Size         Type   Attr      Idx    E Section Name        Object

    0x20000000   0x00000034   Data   RW          235    .data               usbd_desc.o
    0x20000034   0x00000016   Data   RW          329    .data               tim.o
    0x2000004a   0x00000002   PAD
    0x2000004c   0x00000010   Data   RW          437    .data               usbd_cdc_if.o
    0x2000005c   0x00000001   Data   RW          728    .data               main.o
    0x2000005d   0x00000003   PAD
    0x20000060   0x00000004   Data   RW          920    .data               system_stm32f1xx.o
    0x20000064   0x00000004   Data   RW          973    .data               stm32f1xx_hal.o
    0x20000068   0x00000110   Data   RW         3663    .data               usbd_cdc.o
    0x20000178   0x00000001   Data   RW         3767    .data               usbd_ctlreq.o
    0x20000179   0x00000003   PAD
    0x2000017c   0x00000004   Data   RW         3903    .data               mc_w.l(mvars.o)
    0x20000180   0x00000004   Data   RW         3904    .data               mc_w.l(mvars.o)
    0x20000184   0x00000200   Zero   RW          234    .bss                usbd_desc.o
    0x20000384   0x00000090   Zero   RW          328    .bss                tim.o
    0x20000414   0x00000080   Zero   RW          436    .bss                usbd_cdc_if.o
    0x20000494   0x00000640   Zero   RW          518    .bss                usbd_conf.o
    0x20000ad4   0x00000554   Zero   RW          727    .bss                main.o
    0x20001028   0x00000224   Zero   RW          815    .bss                usb_device.o
    0x2000124c   0x00000040   Zero   RW          878    .bss                usart.o
    0x2000128c   0x00000004   PAD
    0x20001290   0x00000400   Zero   RW         3846    HEAP                startup_stm32f103xb.o
    0x20001690   0x00000800   Zero   RW         3845    STACK               startup_stm32f103xb.o


==============================================================================

Image component sizes


      Code (inc. data)   RO Data    RW Data    ZI Data      Debug   Object Name

       196         14          0          0          0        907   gpio.o
       680         30          0          1       1364       5750   main.o
        36          8        236          0       3072        760   startup_stm32f103xb.o
       130         16          0          4          0       3994   stm32f1xx_hal.o
       348         22          0          0          0      28609   stm32f1xx_hal_cortex.o
       808         32          0          0          0       3056   stm32f1xx_hal_gpio.o
       140         10          0          0          0        878   stm32f1xx_hal_msp.o
      2508          0          0          0          0      10905   stm32f1xx_hal_pcd.o
        62          0          0          0          0       1338   stm32f1xx_hal_pcd_ex.o
      3170        110          0          0          0       7899   stm32f1xx_hal_rcc.o
       380         14          0          0          0       1500   stm32f1xx_hal_rcc_ex.o
      2160         36          0          0          0      20434   stm32f1xx_hal_tim.o
       102          0          0          0          0       2522   stm32f1xx_hal_tim_ex.o
       566          6          0          0          0       1924   stm32f1xx_hal_uart.o
       106         24          0          0          0     468675   stm32f1xx_it.o
      2830          0          0          0          0      14495   stm32f1xx_ll_usb.o
        88         18         24          4          0       1547   system_stm32f1xx.o
      1436        140          0         22        144       8357   tim.o
       156         24          0          0         64       1550   usart.o
        52         16          0          0        548        672   usb_device.o
       728         30          0        272          0      13786   usbd_cdc.o
       232         30          0         16        128       5326   usbd_cdc_if.o
       674         32          0          0       1600      13173   usbd_conf.o
       748          0          0          0          0      10635   usbd_core.o
      1584         30          0          1          0      11268   usbd_ctlreq.o
       304        128          0         52        512       9579   usbd_desc.o
       174          0          0          0          0       4956   usbd_ioreq.o

    ----------------------------------------------------------------------
     20428        770        292        380       7436     654495   Object Totals
         0          0         32          0          0          0   (incl. Generated)
        30          0          0          8          4          0   (incl. Padding)

    ----------------------------------------------------------------------

      Code (inc. data)   RO Data    RW Data    ZI Data      Debug   Library Member Name

        86          0          0          0          0          0   __dczerorl2.o
         0          0          0          0          0          0   entry.o
         0          0          0          0          0          0   entry10a.o
         0          0          0          0          0          0   entry11a.o
         8          4          0          0          0          0   entry2.o
         4          0          0          0          0          0   entry5.o
         0          0          0          0          0          0   entry7b.o
         0          0          0          0          0          0   entry8b.o
         8          4          0          0          0          0   entry9a.o
        30          0          0          0          0          0   handlers.o
        36          8          0          0          0         68   init.o
       108         16          0          0          0         84   malloc.o
        36          0          0          0          0         68   memcpya.o
         0          0          0          8          0          0   mvars.o

    ----------------------------------------------------------------------
       316         32          0          8          0        220   Library Totals
         0          0          0          0          0          0   (incl. Padding)

    ----------------------------------------------------------------------

      Code (inc. data)   RO Data    RW Data    ZI Data      Debug   Library Name

       316         32          0          8          0        220   mc_w.l

    ----------------------------------------------------------------------
       316         32          0          8          0        220   Library Totals

    ----------------------------------------------------------------------

==============================================================================


      Code (inc. data)   RO Data    RW Data    ZI Data      Debug   

     20744        802        292        388       7436     644391   Grand Totals
     20744        802        292        212       7436     644391   ELF Image Totals (compressed)
     20744        802        292        212          0          0   ROM Totals

==============================================================================

    Total RO  Size (Code + RO Data)                21036 (  20.54kB)
    Total RW  Size (RW Data + ZI Data)              7824 (   7.64kB)
    Total ROM Size (Code + RO Data + RW Data)      21248 (  20.75kB)

==============================================================================

