Component: ARM Compiler 5.06 update 3 (build 300) Tool: armlink [4d35c9]

==============================================================================

Section Cross References

    stm32f1xx_it.o(i.DMA1_Channel2_IRQHandler) refers to stm32f1xx_hal_dma.o(i.HAL_DMA_IRQHandler) for HAL_DMA_IRQHandler
    stm32f1xx_it.o(i.DMA1_Channel2_IRQHandler) refers to spi.o(.bss) for hdma_spi1_rx
    stm32f1xx_it.o(i.DMA1_Channel3_IRQHandler) refers to stm32f1xx_hal_dma.o(i.HAL_DMA_IRQHandler) for HAL_DMA_IRQHandler
    stm32f1xx_it.o(i.DMA1_Channel3_IRQHandler) refers to spi.o(.bss) for hdma_spi1_tx
    stm32f1xx_it.o(i.NMI_Handler) refers to stm32f1xx_hal_rcc.o(i.HAL_RCC_NMI_IRQHandler) for HAL_RCC_NMI_IRQHandler
    stm32f1xx_it.o(i.SysTick_Handler) refers to stm32f1xx_hal.o(i.HAL_IncTick) for HAL_IncTick
    stm32f1xx_it.o(i.SysTick_Handler) refers to stm32f1xx_hal_cortex.o(i.HAL_SYSTICK_IRQHandler) for HAL_SYSTICK_IRQHandler
    stm32f1xx_it.o(i.TIM2_IRQHandler) refers to stm32f1xx_hal_tim.o(i.HAL_TIM_IRQHandler) for HAL_TIM_IRQHandler
    stm32f1xx_it.o(i.TIM2_IRQHandler) refers to tim.o(.bss) for htim2
    stm32f1xx_it.o(i.TIM3_IRQHandler) refers to stm32f1xx_hal_tim.o(i.HAL_TIM_IRQHandler) for HAL_TIM_IRQHandler
    stm32f1xx_it.o(i.TIM3_IRQHandler) refers to tim.o(.bss) for htim3
    stm32f1xx_it.o(i.USB_HP_CAN1_TX_IRQHandler) refers to stm32f1xx_hal_pcd.o(i.HAL_PCD_IRQHandler) for HAL_PCD_IRQHandler
    stm32f1xx_it.o(i.USB_HP_CAN1_TX_IRQHandler) refers to usbd_conf.o(.bss) for hpcd_USB_FS
    stm32f1xx_it.o(i.USB_LP_CAN1_RX0_IRQHandler) refers to stm32f1xx_hal_pcd.o(i.HAL_PCD_IRQHandler) for HAL_PCD_IRQHandler
    stm32f1xx_it.o(i.USB_LP_CAN1_RX0_IRQHandler) refers to usbd_conf.o(.bss) for hpcd_USB_FS
    gpio.o(i.MX_GPIO_Init) refers to stm32f1xx_hal_gpio.o(i.HAL_GPIO_WritePin) for HAL_GPIO_WritePin
    gpio.o(i.MX_GPIO_Init) refers to stm32f1xx_hal_gpio.o(i.HAL_GPIO_Init) for HAL_GPIO_Init
    usbd_desc.o(i.USBD_FS_ConfigStrDescriptor) refers to usbd_ctlreq.o(i.USBD_GetString) for USBD_GetString
    usbd_desc.o(i.USBD_FS_ConfigStrDescriptor) refers to usbd_desc.o(.bss) for USBD_StrDesc
    usbd_desc.o(i.USBD_FS_DeviceDescriptor) refers to usbd_desc.o(.data) for USBD_FS_DeviceDesc
    usbd_desc.o(i.USBD_FS_InterfaceStrDescriptor) refers to usbd_ctlreq.o(i.USBD_GetString) for USBD_GetString
    usbd_desc.o(i.USBD_FS_InterfaceStrDescriptor) refers to usbd_desc.o(.bss) for USBD_StrDesc
    usbd_desc.o(i.USBD_FS_LangIDStrDescriptor) refers to usbd_desc.o(.data) for USBD_LangIDDesc
    usbd_desc.o(i.USBD_FS_ManufacturerStrDescriptor) refers to usbd_ctlreq.o(i.USBD_GetString) for USBD_GetString
    usbd_desc.o(i.USBD_FS_ManufacturerStrDescriptor) refers to usbd_desc.o(.bss) for USBD_StrDesc
    usbd_desc.o(i.USBD_FS_ProductStrDescriptor) refers to usbd_ctlreq.o(i.USBD_GetString) for USBD_GetString
    usbd_desc.o(i.USBD_FS_ProductStrDescriptor) refers to usbd_desc.o(.bss) for USBD_StrDesc
    usbd_desc.o(i.USBD_FS_SerialStrDescriptor) refers to usbd_ctlreq.o(i.USBD_GetString) for USBD_GetString
    usbd_desc.o(i.USBD_FS_SerialStrDescriptor) refers to usbd_desc.o(.bss) for USBD_StrDesc
    usbd_desc.o(.data) refers to usbd_desc.o(i.USBD_FS_DeviceDescriptor) for USBD_FS_DeviceDescriptor
    usbd_desc.o(.data) refers to usbd_desc.o(i.USBD_FS_LangIDStrDescriptor) for USBD_FS_LangIDStrDescriptor
    usbd_desc.o(.data) refers to usbd_desc.o(i.USBD_FS_ManufacturerStrDescriptor) for USBD_FS_ManufacturerStrDescriptor
    usbd_desc.o(.data) refers to usbd_desc.o(i.USBD_FS_ProductStrDescriptor) for USBD_FS_ProductStrDescriptor
    usbd_desc.o(.data) refers to usbd_desc.o(i.USBD_FS_SerialStrDescriptor) for USBD_FS_SerialStrDescriptor
    usbd_desc.o(.data) refers to usbd_desc.o(i.USBD_FS_ConfigStrDescriptor) for USBD_FS_ConfigStrDescriptor
    usbd_desc.o(.data) refers to usbd_desc.o(i.USBD_FS_InterfaceStrDescriptor) for USBD_FS_InterfaceStrDescriptor
    tim.o(i.DBLINK) refers to stm32f1xx_hal_gpio.o(i.HAL_GPIO_WritePin) for HAL_GPIO_WritePin
    tim.o(i.DRESET) refers to stm32f1xx_hal_gpio.o(i.HAL_GPIO_WritePin) for HAL_GPIO_WritePin
    tim.o(i.DSET) refers to stm32f1xx_hal_gpio.o(i.HAL_GPIO_WritePin) for HAL_GPIO_WritePin
    tim.o(i.GenerateHUFrame) refers to memcpya.o(.text) for __aeabi_memcpy
    tim.o(i.GenerateHUFrame) refers to main.o(i.CalcCRC) for CalcCRC
    tim.o(i.GenerateHUFrame) refers to tim.o(.data) for huResponseHeaders
    tim.o(i.HAL_TIM_Base_MspDeInit) refers to stm32f1xx_hal_gpio.o(i.HAL_GPIO_DeInit) for HAL_GPIO_DeInit
    tim.o(i.HAL_TIM_Base_MspDeInit) refers to stm32f1xx_hal_cortex.o(i.HAL_NVIC_DisableIRQ) for HAL_NVIC_DisableIRQ
    tim.o(i.HAL_TIM_Base_MspInit) refers to stm32f1xx_hal_gpio.o(i.HAL_GPIO_Init) for HAL_GPIO_Init
    tim.o(i.HAL_TIM_Base_MspInit) refers to stm32f1xx_hal_cortex.o(i.HAL_NVIC_SetPriority) for HAL_NVIC_SetPriority
    tim.o(i.HAL_TIM_Base_MspInit) refers to stm32f1xx_hal_cortex.o(i.HAL_NVIC_EnableIRQ) for HAL_NVIC_EnableIRQ
[...]
    i.HAL_SYSTICK_Callback                   0x080027c4   Section        0  stm32f1xx_hal_cortex.o(i.HAL_SYSTICK_Callback)
    i.HAL_SYSTICK_Config                     0x080027c6   Section        0  stm32f1xx_hal_cortex.o(i.HAL_SYSTICK_Config)
    i.HAL_SYSTICK_IRQHandler                 0x080027fa   Section        0  stm32f1xx_hal_cortex.o(i.HAL_SYSTICK_IRQHandler)
    i.HAL_TIMEx_BreakCallback                0x08002802   Section        0  stm32f1xx_hal_tim_ex.o(i.HAL_TIMEx_BreakCallback)
    i.HAL_TIMEx_CommutationCallback          0x08002804   Section        0  stm32f1xx_hal_tim_ex.o(i.HAL_TIMEx_CommutationCallback)
    i.HAL_TIMEx_MasterConfigSynchronization  0x08002806   Section        0  stm32f1xx_hal_tim_ex.o(i.HAL_TIMEx_MasterConfigSynchronization)
    i.HAL_TIM_Base_Init                      0x08002868   Section        0  stm32f1xx_hal_tim.o(i.HAL_TIM_Base_Init)
    i.HAL_TIM_Base_MspInit                   0x0800289c   Section        0  tim.o(i.HAL_TIM_Base_MspInit)
    i.HAL_TIM_Base_Start                     0x08002930   Section        0  stm32f1xx_hal_tim.o(i.HAL_TIM_Base_Start)
    i.HAL_TIM_Base_Start_IT                  0x0800294e   Section        0  stm32f1xx_hal_tim.o(i.HAL_TIM_Base_Start_IT)
    i.HAL_TIM_Base_Stop_IT                   0x0800296c   Section        0  stm32f1xx_hal_tim.o(i.HAL_TIM_Base_Stop_IT)
    i.HAL_TIM_ConfigClockSource              0x080029a4   Section        0  stm32f1xx_hal_tim.o(i.HAL_TIM_ConfigClockSource)
    i.HAL_TIM_IC_CaptureCallback             0x08002ad8   Section        0  tim.o(i.HAL_TIM_IC_CaptureCallback)
    i.HAL_TIM_IC_ConfigChannel               0x08002c24   Section        0  stm32f1xx_hal_tim.o(i.HAL_TIM_IC_ConfigChannel)
    i.HAL_TIM_IC_Init                        0x08002d04   Section        0  stm32f1xx_hal_tim.o(i.HAL_TIM_IC_Init)
    i.HAL_TIM_IC_MspInit                     0x08002d38   Section        0  stm32f1xx_hal_tim.o(i.HAL_TIM_IC_MspInit)
    i.HAL_TIM_IC_Start_IT                    0x08002d3a   Section        0  stm32f1xx_hal_tim.o(i.HAL_TIM_IC_Start_IT)
    i.HAL_TIM_IRQHandler                     0x08002da6   Section        0  stm32f1xx_hal_tim.o(i.HAL_TIM_IRQHandler)
    i.HAL_TIM_OC_DelayElapsedCallback        0x08002f3c   Section        0  stm32f1xx_hal_tim.o(i.HAL_TIM_OC_DelayElapsedCallback)
    i.HAL_TIM_OnePulse_Init                  0x08002f3e   Section        0  stm32f1xx_hal_tim.o(i.HAL_TIM_OnePulse_Init)
    i.HAL_TIM_OnePulse_MspInit               0x08002f8a   Section        0  stm32f1xx_hal_tim.o(i.HAL_TIM_OnePulse_MspInit)
    i.HAL_TIM_PWM_PulseFinishedCallback      0x08002f8c   Section        0  stm32f1xx_hal_tim.o(i.HAL_TIM_PWM_PulseFinishedCallback)
    i.HAL_TIM_PeriodElapsedCallback          0x08002f90   Section        0  tim.o(i.HAL_TIM_PeriodElapsedCallback)
    i.HAL_TIM_SlaveConfigSynchronization     0x080030a4   Section        0  stm32f1xx_hal_tim.o(i.HAL_TIM_SlaveConfigSynchronization)
    i.HAL_TIM_TriggerCallback                0x080030fa   Section        0  stm32f1xx_hal_tim.o(i.HAL_TIM_TriggerCallback)
    i.HardFault_Handler                      0x080030fc   Section        0  stm32f1xx_it.o(i.HardFault_Handler)
    i.MX_DMA_Init                            0x08003100   Section        0  dma.o(i.MX_DMA_Init)
    i.MX_GPIO_Init                           0x08003144   Section        0  gpio.o(i.MX_GPIO_Init)
    i.MX_SPI1_Init                           0x08003208   Section        0  spi.o(i.MX_SPI1_Init)
    i.MX_TIM2_Init                           0x0800324c   Section        0  tim.o(i.MX_TIM2_Init)
    i.MX_TIM3_Init                           0x08003304   Section        0  tim.o(i.MX_TIM3_Init)
    i.MX_USB_DEVICE_Init                     0x0800336c   Section        0  usb_device.o(i.MX_USB_DEVICE_Init)
    i.MemManage_Handler                      0x080033a0   Section        0  stm32f1xx_it.o(i.MemManage_Handler)
    i.NMI_Handler                            0x080033a4   Section        0  stm32f1xx_it.o(i.NMI_Handler)
    i.NVIC_GetPriorityGrouping               0x080033ac   Section        0  stm32f1xx_hal_cortex.o(i.NVIC_GetPriorityGrouping)
    NVIC_GetPriorityGrouping                 0x080033ad   Thumb Code    10  stm32f1xx_hal_cortex.o(i.NVIC_GetPriorityGrouping)
    i.NVIC_SetPriority                       0x080033bc   Section        0  stm32f1xx_hal_cortex.o(i.NVIC_SetPriority)
    NVIC_SetPriority                         0x080033bd   Thumb Code    32  stm32f1xx_hal_cortex.o(i.NVIC_SetPriority)
    i.PCD_EP_ISR_Handler                     0x080033e4   Section        0  stm32f1xx_hal_pcd.o(i.PCD_EP_ISR_Handler)
    PCD_EP_ISR_Handler                       0x080033e5   Thumb Code  1092  stm32f1xx_hal_pcd.o(i.PCD_EP_ISR_Handler)
    i.PendSV_Handler                         0x08003828   Section        0  stm32f1xx_it.o(i.PendSV_Handler)
    i.SVC_Handler                            0x0800382a   Section        0  stm32f1xx_it.o(i.SVC_Handler)
    i.SendBytes                              0x0800382c   Section        0  tim.o(i.SendBytes)
    i.SendFrame                              0x080038e0   Section        0  tim.o(i.SendFrame)
    i.SendSOF                                0x0800393c   Section        0  tim.o(i.SendSOF)
    i.SysTick_Handler                        0x080039a0   Section        0  stm32f1xx_it.o(i.SysTick_Handler)
    i.SystemClock_Config                     0x080039ac   Section        0  main.o(i.SystemClock_Config)
    i.SystemInit                             0x08003a40   Section        0  system_stm32f1xx.o(i.SystemInit)
    i.TIM2_IRQHandler                        0x08003a98   Section        0  stm32f1xx_it.o(i.TIM2_IRQHandler)
    i.TIM3_IRQHandler                        0x08003aa8   Section        0  stm32f1xx_it.o(i.TIM3_IRQHandler)
    i.TIM_Base_SetConfig                     0x08003ab8   Section        0  stm32f1xx_hal_tim.o(i.TIM_Base_SetConfig)
    i.TIM_CCxChannelCmd                      0x08003b24   Section        0  stm32f1xx_hal_tim.o(i.TIM_CCxChannelCmd)
    i.TIM_ETR_SetConfig                      0x08003b40   Section        0  stm32f1xx_hal_tim.o(i.TIM_ETR_SetConfig)
    TIM_ETR_SetConfig                        0x08003b41   Thumb Code    24  stm32f1xx_hal_tim.o(i.TIM_ETR_SetConfig)
    i.TIM_ITRx_SetConfig                     0x08003b58   Section        0  stm32f1xx_hal_tim.o(i.TIM_ITRx_SetConfig)
    TIM_ITRx_SetConfig                       0x08003b59   Thumb Code    20  stm32f1xx_hal_tim.o(i.TIM_ITRx_SetConfig)
    i.TIM_SlaveTimer_SetConfig               0x08003b6c   Section        0  stm32f1xx_hal_tim.o(i.TIM_SlaveTimer_SetConfig)
    TIM_SlaveTimer_SetConfig                 0x08003b6d   Thumb Code   164  stm32f1xx_hal_tim.o(i.TIM_SlaveTimer_SetConfig)
    i.TIM_TI1_ConfigInputStage               0x08003c10   Section        0  stm32f1xx_hal_tim.o(i.TIM_TI1_ConfigInputStage)
    TIM_TI1_ConfigInputStage                 0x08003c11   Thumb Code    42  stm32f1xx_hal_tim.o(i.TIM_TI1_ConfigInputStage)
    i.TIM_TI1_SetConfig                      0x08003c3c   Section        0  stm32f1xx_hal_tim.o(i.TIM_TI1_SetConfig)
    i.TIM_TI2_ConfigInputStage               0x08003ca8   Section        0  stm32f1xx_hal_tim.o(i.TIM_TI2_ConfigInputStage)
    TIM_TI2_ConfigInputStage                 0x08003ca9   Thumb Code    44  stm32f1xx_hal_tim.o(i.TIM_TI2_ConfigInputStage)
    i.TIM_TI2_SetConfig                      0x08003cd4   Section        0  stm32f1xx_hal_tim.o(i.TIM_TI2_SetConfig)
    TIM_TI2_SetConfig                        0x08003cd5   Thumb Code    62  stm32f1xx_hal_tim.o(i.TIM_TI2_SetConfig)
    i.TIM_TI3_SetConfig                      0x08003d12   Section        0  stm32f1xx_hal_tim.o(i.TIM_TI3_SetConfig)
    TIM_TI3_SetConfig                        0x08003d13   Thumb Code    60  stm32f1xx_hal_tim.o(i.TIM_TI3_SetConfig)
    i.TIM_TI4_SetConfig                      0x08003d4e   Section        0  stm32f1xx_hal_tim.o(i.TIM_TI4_SetConfig)
    TIM_TI4_SetConfig                        0x08003d4f   Thumb Code    64  stm32f1xx_hal_tim.o(i.TIM_TI4_SetConfig)
    i.USBD_CDC_DataIn                        0x08003d8e   Section        0  usbd_cdc.o(i.USBD_CDC_DataIn)
    USBD_CDC_DataIn                          0x08003d8f   Thumb Code    26  usbd_cdc.o(i.USBD_CDC_DataIn)
    i.USBD_CDC_DataOut                       0x08003da8   Section        0  usbd_cdc.o(i.USBD_CDC_DataOut)
    USBD_CDC_DataOut                         0x08003da9   Thumb Code    52  usbd_cdc.o(i.USBD_CDC_DataOut)
    i.USBD_CDC_DeInit                        0x08003ddc   Section        0  usbd_cdc.o(i.USBD_CDC_DeInit)
    USBD_CDC_DeInit                          0x08003ddd   Thumb Code    64  usbd_cdc.o(i.USBD_CDC_DeInit)
    i.USBD_CDC_EP0_RxReady                   0x08003e1c   Section        0  usbd_cdc.o(i.USBD_CDC_EP0_RxReady)
    USBD_CDC_EP0_RxReady                     0x08003e1d   Thumb Code    50  usbd_cdc.o(i.USBD_CDC_EP0_RxReady)
    i.USBD_CDC_GetDeviceQualifierDescriptor  0x08003e50   Section        0  usbd_cdc.o(i.USBD_CDC_GetDeviceQualifierDescriptor)
    i.USBD_CDC_GetFSCfgDesc                  0x08003e60   Section        0  usbd_cdc.o(i.USBD_CDC_GetFSCfgDesc)
    USBD_CDC_GetFSCfgDesc                    0x08003e61   Thumb Code    10  usbd_cdc.o(i.USBD_CDC_GetFSCfgDesc)
    i.USBD_CDC_GetHSCfgDesc                  0x08003e70   Section        0  usbd_cdc.o(i.USBD_CDC_GetHSCfgDesc)
    USBD_CDC_GetHSCfgDesc                    0x08003e71   Thumb Code    10  usbd_cdc.o(i.USBD_CDC_GetHSCfgDesc)
    i.USBD_CDC_GetOtherSpeedCfgDesc          0x08003e80   Section        0  usbd_cdc.o(i.USBD_CDC_GetOtherSpeedCfgDesc)
    USBD_CDC_GetOtherSpeedCfgDesc            0x08003e81   Thumb Code    10  usbd_cdc.o(i.USBD_CDC_GetOtherSpeedCfgDesc)
    i.USBD_CDC_Init                          0x08003e90   Section        0  usbd_cdc.o(i.USBD_CDC_Init)
    USBD_CDC_Init                            0x08003e91   Thumb Code   166  usbd_cdc.o(i.USBD_CDC_Init)
    i.USBD_CDC_ReceivePacket                 0x08003f36   Section        0  usbd_cdc.o(i.USBD_CDC_ReceivePacket)
    i.USBD_CDC_RegisterInterface             0x08003f70   Section        0  usbd_cdc.o(i.USBD_CDC_RegisterInterface)
    i.USBD_CDC_SetRxBuffer                   0x08003f7e   Section        0  usbd_cdc.o(i.USBD_CDC_SetRxBuffer)
    i.USBD_CDC_SetTxBuffer                   0x08003f8c   Section        0  usbd_cdc.o(i.USBD_CDC_SetTxBuffer)
    i.USBD_CDC_Setup                         0x08003fa0   Section        0  usbd_cdc.o(i.USBD_CDC_Setup)
    USBD_CDC_Setup                           0x08003fa1   Thumb Code   138  usbd_cdc.o(i.USBD_CDC_Setup)
    i.USBD_CDC_TransmitPacket                0x08004030   Section        0  usbd_cdc.o(i.USBD_CDC_TransmitPacket)
    i.USBD_ClrClassConfig                    0x08004068   Section        0  usbd_core.o(i.USBD_ClrClassConfig)
    i.USBD_ClrFeature                        0x0800407e   Section        0  usbd_ctlreq.o(i.USBD_ClrFeature)
    USBD_ClrFeature                          0x0800407f   Thumb Code    68  usbd_ctlreq.o(i.USBD_ClrFeature)
    i.USBD_CtlContinueRx                     0x080040c2   Section        0  usbd_ioreq.o(i.USBD_CtlContinueRx)
    i.USBD_CtlContinueSendData               0x080040da   Section        0  usbd_ioreq.o(i.USBD_CtlContinueSendData)
    i.USBD_CtlError                          0x080040f2   Section        0  usbd_ctlreq.o(i.USBD_CtlError)
    i.USBD_CtlPrepareRx                      0x0800410a   Section        0  usbd_ioreq.o(i.USBD_CtlPrepareRx)
    i.USBD_CtlReceiveStatus                  0x08004132   Section        0  usbd_ioreq.o(i.USBD_CtlReceiveStatus)
    i.USBD_CtlSendData                       0x0800414c   Section        0  usbd_ioreq.o(i.USBD_CtlSendData)
    i.USBD_CtlSendStatus                     0x0800416e   Section        0  usbd_ioreq.o(i.USBD_CtlSendStatus)
    i.USBD_FS_ConfigStrDescriptor            0x08004188   Section        0  usbd_desc.o(i.USBD_FS_ConfigStrDescriptor)
    i.USBD_FS_DeviceDescriptor               0x080041bc   Section        0  usbd_desc.o(i.USBD_FS_DeviceDescriptor)
    i.USBD_FS_InterfaceStrDescriptor         0x080041cc   Section        0  usbd_desc.o(i.USBD_FS_InterfaceStrDescriptor)
    i.USBD_FS_LangIDStrDescriptor            0x08004204   Section        0  usbd_desc.o(i.USBD_FS_LangIDStrDescriptor)
    i.USBD_FS_ManufacturerStrDescriptor      0x08004214   Section        0  usbd_desc.o(i.USBD_FS_ManufacturerStrDescriptor)
    i.USBD_FS_ProductStrDescriptor           0x08004240   Section        0  usbd_desc.o(i.USBD_FS_ProductStrDescriptor)
    i.USBD_FS_SerialStrDescriptor            0x08004280   Section        0  usbd_desc.o(i.USBD_FS_SerialStrDescriptor)
    i.USBD_GetConfig                         0x080042b8   Section        0  usbd_ctlreq.o(i.USBD_GetConfig)
    USBD_GetConfig                           0x080042b9   Thumb Code    80  usbd_ctlreq.o(i.USBD_GetConfig)
    i.USBD_GetDescriptor                     0x08004308   Section        0  usbd_ctlreq.o(i.USBD_GetDescriptor)
    USBD_GetDescriptor                       0x08004309   Thumb Code   328  usbd_ctlreq.o(i.USBD_GetDescriptor)
    i.USBD_GetLen                            0x08004450   Section        0  usbd_ctlreq.o(i.USBD_GetLen)
    USBD_GetLen                              0x08004451   Thumb Code    20  usbd_ctlreq.o(i.USBD_GetLen)
    i.USBD_GetStatus                         0x08004464   Section        0  usbd_ctlreq.o(i.USBD_GetStatus)
    USBD_GetStatus                           0x08004465   Thumb Code    68  usbd_ctlreq.o(i.USBD_GetStatus)
    i.USBD_GetString                         0x080044a8   Section        0  usbd_ctlreq.o(i.USBD_GetString)
    i.USBD_Init                              0x080044fa   Section        0  usbd_core.o(i.USBD_Init)
    i.USBD_LL_ClearStallEP                   0x0800452c   Section        0  usbd_conf.o(i.USBD_LL_ClearStallEP)
    i.USBD_LL_CloseEP                        0x08004540   Section        0  usbd_conf.o(i.USBD_LL_CloseEP)
    i.USBD_LL_DataInStage                    0x08004554   Section        0  usbd_core.o(i.USBD_LL_DataInStage)
    i.USBD_LL_DataOutStage                   0x0800462e   Section        0  usbd_core.o(i.USBD_LL_DataOutStage)
    i.USBD_LL_GetRxDataSize                  0x080046b4   Section        0  usbd_conf.o(i.USBD_LL_GetRxDataSize)
    i.USBD_LL_Init                           0x080046c8   Section        0  usbd_conf.o(i.USBD_LL_Init)
    i.USBD_LL_IsStallEP                      0x08004750   Section        0  usbd_conf.o(i.USBD_LL_IsStallEP)
    i.USBD_LL_OpenEP                         0x08004780   Section        0  usbd_conf.o(i.USBD_LL_OpenEP)
    i.USBD_LL_PrepareReceive                 0x080047a0   Section        0  usbd_conf.o(i.USBD_LL_PrepareReceive)
    i.USBD_LL_Reset                          0x080047c0   Section        0  usbd_core.o(i.USBD_LL_Reset)
    i.USBD_LL_Resume                         0x08004804   Section        0  usbd_core.o(i.USBD_LL_Resume)
    i.USBD_LL_SOF                            0x08004812   Section        0  usbd_core.o(i.USBD_LL_SOF)
    i.USBD_LL_SetSpeed                       0x08004834   Section        0  usbd_core.o(i.USBD_LL_SetSpeed)
    i.USBD_LL_SetUSBAddress                  0x0800483c   Section        0  usbd_conf.o(i.USBD_LL_SetUSBAddress)
    i.USBD_LL_SetupStage                     0x08004850   Section        0  usbd_core.o(i.USBD_LL_SetupStage)
    i.USBD_LL_StallEP                        0x080048be   Section        0  usbd_conf.o(i.USBD_LL_StallEP)
    i.USBD_LL_Start                          0x080048d2   Section        0  usbd_conf.o(i.USBD_LL_Start)
    i.USBD_LL_Suspend                        0x080048e2   Section        0  usbd_core.o(i.USBD_LL_Suspend)
    i.USBD_LL_Transmit                       0x080048f6   Section        0  usbd_conf.o(i.USBD_LL_Transmit)
    i.USBD_ParseSetupRequest                 0x08004916   Section        0  usbd_ctlreq.o(i.USBD_ParseSetupRequest)
    i.USBD_RegisterClass                     0x0800493e   Section        0  usbd_core.o(i.USBD_RegisterClass)
    i.USBD_RunTestMode                       0x0800494e   Section        0  usbd_core.o(i.USBD_RunTestMode)
    i.USBD_SetAddress                        0x08004954   Section        0  usbd_ctlreq.o(i.USBD_SetAddress)
    USBD_SetAddress                          0x08004955   Thumb Code    84  usbd_ctlreq.o(i.USBD_SetAddress)
    i.USBD_SetClassConfig                    0x080049a8   Section        0  usbd_core.o(i.USBD_SetClassConfig)
    i.USBD_SetConfig                         0x080049cc   Section        0  usbd_ctlreq.o(i.USBD_SetConfig)
    USBD_SetConfig                           0x080049cd   Thumb Code   218  usbd_ctlreq.o(i.USBD_SetConfig)
    i.USBD_SetFeature                        0x08004aac   Section        0  usbd_ctlreq.o(i.USBD_SetFeature)
    USBD_SetFeature                          0x08004aad   Thumb Code    36  usbd_ctlreq.o(i.USBD_SetFeature)
    i.USBD_Start                             0x08004ad0   Section        0  usbd_core.o(i.USBD_Start)
    i.USBD_StdDevReq                         0x08004ade   Section        0  usbd_ctlreq.o(i.USBD_StdDevReq)
    i.USBD_StdEPReq                          0x08004b50   Section        0  usbd_ctlreq.o(i.USBD_StdEPReq)
    i.USBD_StdItfReq                         0x08004ca6   Section        0  usbd_ctlreq.o(i.USBD_StdItfReq)
    i.USBD_static_free                       0x08004cf0   Section        0  usbd_conf.o(i.USBD_static_free)
    i.USBD_static_malloc                     0x08004cf4   Section        0  usbd_conf.o(i.USBD_static_malloc)
    i.USB_ActivateEndpoint                   0x08004d00   Section        0  stm32f1xx_ll_usb.o(i.USB_ActivateEndpoint)
    i.USB_CoreInit                           0x080050aa   Section        0  stm32f1xx_ll_usb.o(i.USB_CoreInit)
    i.USB_DeactivateEndpoint                 0x080050b2   Section        0  stm32f1xx_ll_usb.o(i.USB_DeactivateEndpoint)
    i.USB_DevConnect                         0x080052c6   Section        0  stm32f1xx_ll_usb.o(i.USB_DevConnect)
    i.USB_DevDisconnect                      0x080052cc   Section        0  stm32f1xx_ll_usb.o(i.USB_DevDisconnect)
    i.USB_DevInit                            0x080052d2   Section        0  stm32f1xx_ll_usb.o(i.USB_DevInit)
    i.USB_DisableGlobalInt                   0x080052e8   Section        0  stm32f1xx_ll_usb.o(i.USB_DisableGlobalInt)
    i.USB_EP0_OutStart                       0x080052fe   Section        0  stm32f1xx_ll_usb.o(i.USB_EP0_OutStart)
    i.USB_EPClearStall                       0x08005304   Section        0  stm32f1xx_ll_usb.o(i.USB_EPClearStall)
    i.USB_EPSetStall                         0x080053b8   Section        0  stm32f1xx_ll_usb.o(i.USB_EPSetStall)
    i.USB_EPStartXfer                        0x0800543e   Section        0  stm32f1xx_ll_usb.o(i.USB_EPStartXfer)
    i.USB_EnableGlobalInt                    0x08005770   Section        0  stm32f1xx_ll_usb.o(i.USB_EnableGlobalInt)
    i.USB_HP_CAN1_TX_IRQHandler              0x08005788   Section        0  stm32f1xx_it.o(i.USB_HP_CAN1_TX_IRQHandler)
    i.USB_LP_CAN1_RX0_IRQHandler             0x08005798   Section        0  stm32f1xx_it.o(i.USB_LP_CAN1_RX0_IRQHandler)
    i.USB_ReadInterrupts                     0x080057a8   Section        0  stm32f1xx_ll_usb.o(i.USB_ReadInterrupts)
    i.USB_ReadPMA                            0x080057b2   Section        0  stm32f1xx_ll_usb.o(i.USB_ReadPMA)
    i.USB_SetCurrentMode                     0x080057da   Section        0  stm32f1xx_ll_usb.o(i.USB_SetCurrentMode)
    i.USB_SetDevAddress                      0x080057e0   Section        0  stm32f1xx_ll_usb.o(i.USB_SetDevAddress)
    i.USB_WritePMA                           0x080057ee   Section        0  stm32f1xx_ll_usb.o(i.USB_WritePMA)
    i.UsageFault_Handler                     0x08005830   Section        0  stm32f1xx_it.o(i.UsageFault_Handler)
    i.__0sprintf$8                           0x08005834   Section        0  printf8.o(i.__0sprintf$8)
    i.__scatterload_copy                     0x0800585c   Section       14  handlers.o(i.__scatterload_copy)
    i.__scatterload_null                     0x0800586a   Section        2  handlers.o(i.__scatterload_null)
    i.__scatterload_zeroinit                 0x0800586c   Section       14  handlers.o(i.__scatterload_zeroinit)
    i._printf_core                           0x0800587c   Section        0  printf8.o(i._printf_core)
    _printf_core                             0x0800587d   Thumb Code   996  printf8.o(i._printf_core)
    i._printf_post_padding                   0x08005c8c   Section        0  printf8.o(i._printf_post_padding)
    _printf_post_padding                     0x08005c8d   Thumb Code    36  printf8.o(i._printf_post_padding)
    i._printf_pre_padding                    0x08005cb0   Section        0  printf8.o(i._printf_pre_padding)
    _printf_pre_padding                      0x08005cb1   Thumb Code    46  printf8.o(i._printf_pre_padding)
    i._sputc                                 0x08005cde   Section        0  printf8.o(i._sputc)
    _sputc                                   0x08005cdf   Thumb Code    10  printf8.o(i._sputc)
    i.cbInit                                 0x08005ce8   Section        0  main.o(i.cbInit)
    i.cbPopFront                             0x08005d1c   Section        0  main.o(i.cbPopFront)
    i.cbPushBack                             0x08005d52   Section        0  main.o(i.cbPushBack)
    i.main                                   0x08005d8c   Section        0  main.o(i.main)
    i.malloc                                 0x08005f98   Section        0  malloc.o(i.malloc)
    .constdata                               0x08006004   Section       12  main.o(.constdata)
    .constdata                               0x08006010   Section       24  system_stm32f1xx.o(.constdata)
    .constdata                               0x08006028   Section       64  ctype_c.o(.constdata)
    .data                                    0x20000000   Section       52  usbd_desc.o(.data)
    .data                                    0x20000034   Section       22  tim.o(.data)
    .data                                    0x2000004c   Section       16  usbd_cdc_if.o(.data)
    .data                                    0x2000005c   Section        4  system_stm32f1xx.o(.data)
    .data                                    0x20000060   Section        4  stm32f1xx_hal.o(.data)
    uwTick                                   0x20000060   Data           4  stm32f1xx_hal.o(.data)
    .data                                    0x20000064   Section        1  stm32f1xx_hal_spi_ex.o(.data)
    .data                                    0x20000068   Section      272  usbd_cdc.o(.data)
    USBD_CDC_DeviceQualifierDesc             0x20000068   Data          10  usbd_cdc.o(.data)
    ifalt                                    0x20000177   Data           1  usbd_cdc.o(.data)
    .data                                    0x20000178   Section        1  usbd_ctlreq.o(.data)
    cfgidx                                   0x20000178   Data           1  usbd_ctlreq.o(.data)
    .data                                    0x2000017c   Section        4  mvars.o(.data)
    .data                                    0x20000180   Section        4  mvars.o(.data)
    .bss                                     0x20000184   Section      512  usbd_desc.o(.bss)
    .bss                                     0x20000384   Section      144  tim.o(.bss)
    .bss                                     0x20000414   Section      128  usbd_cdc_if.o(.bss)
    .bss                                     0x20000494   Section     1600  usbd_conf.o(.bss)
    mem                                      0x200008b4   Data         544  usbd_conf.o(.bss)
    .bss                                     0x20000ad4   Section     1364  main.o(.bss)
    .bss                                     0x20001028   Section      548  usb_device.o(.bss)
    .bss                                     0x2000124c   Section      200  spi.o(.bss)
    HEAP                                     0x20001318   Section     1024  startup_stm32f103xb.o(HEAP)
    STACK                                    0x20001718   Section     2048  startup_stm32f103xb.o(STACK)

    Global Symbols

    Symbol Name                              Value     Ov Type        Size  Object(Section)

    BuildAttributes$$THM_ISAv4$P$D$K$B$S$PE$A:L22UL41UL21$X:L11$S22US41US21$IEEE1$IW$USESV6$~STKCKD$USESV7$~SHL$OSPACE$ROPI$EBA8$MICROLIB$REQ8$PRES8$EABIv2 0x00000000   Number         0  anon$$obj.o ABSOLUTE
    __ARM_use_no_argv                        0x00000000   Number         0  main.o ABSOLUTE
    _printf_a                                0x00000000   Number         0  stubs.o ABSOLUTE
    _printf_c                                0x00000000   Number         0  stubs.o ABSOLUTE
    _printf_charcount                        0x00000000   Number         0  stubs.o ABSOLUTE
    _printf_d                                0x00000000   Number         0  stubs.o ABSOLUTE
    _printf_e                                0x00000000   Number         0  stubs.o ABSOLUTE
    _printf_f                                0x00000000   Number         0  stubs.o ABSOLUTE
    _printf_flags                            0x00000000   Number         0  stubs.o ABSOLUTE
    _printf_fp_dec                           0x00000000   Number         0  stubs.o ABSOLUTE
    _printf_fp_hex                           0x00000000   Number         0  stubs.o ABSOLUTE
    _printf_g                                0x00000000   Number         0  stubs.o ABSOLUTE
    _printf_i                                0x00000000   Number         0  stubs.o ABSOLUTE
    _printf_int_dec                          0x00000000   Number         0  stubs.o ABSOLUTE
    _printf_l                                0x00000000   Number         0  stubs.o ABSOLUTE
    _printf_lc                               0x00000000   Number         0  stubs.o ABSOLUTE
    _printf_ll                               0x00000000   Number         0  stubs.o ABSOLUTE
    _printf_lld                              0x00000000   Number         0  stubs.o ABSOLUTE
    _printf_lli                              0x00000000   Number         0  stubs.o ABSOLUTE
    _printf_llo                              0x00000000   Number         0  stubs.o ABSOLUTE
    _printf_llu                              0x00000000   Number         0  stubs.o ABSOLUTE
    _printf_llx                              0x00000000   Number         0  stubs.o ABSOLUTE
    _printf_longlong_dec                     0x00000000   Number         0  stubs.o ABSOLUTE
    _printf_longlong_hex                     0x00000000   Number         0  stubs.o ABSOLUTE
    _printf_longlong_oct                     0x00000000   Number         0  stubs.o ABSOLUTE
    _printf_ls                               0x00000000   Number         0  stubs.o ABSOLUTE
    _printf_mbtowc                           0x00000000   Number         0  stubs.o ABSOLUTE
    _printf_n                                0x00000000   Number         0  stubs.o ABSOLUTE
    _printf_o                                0x00000000   Number         0  stubs.o ABSOLUTE
    _printf_p                                0x00000000   Number         0  stubs.o ABSOLUTE
    _printf_percent                          0x00000000   Number         0  stubs.o ABSOLUTE
    _printf_pre_padding                      0x00000000   Number         0  stubs.o ABSOLUTE
    _printf_return_value                     0x00000000   Number         0  stubs.o ABSOLUTE
    _printf_s                                0x00000000   Number         0  stubs.o ABSOLUTE
    _printf_sizespec                         0x00000000   Number         0  stubs.o ABSOLUTE
    _printf_str                              0x00000000   Number         0  stubs.o ABSOLUTE
    _printf_truncate_signed                  0x00000000   Number         0  stubs.o ABSOLUTE
    _printf_truncate_unsigned                0x00000000   Number         0  stubs.o ABSOLUTE
    _printf_u                                0x00000000   Number         0  stubs.o ABSOLUTE
    _printf_wc                               0x00000000   Number         0  stubs.o ABSOLUTE
    _printf_wctomb                           0x00000000   Number         0  stubs.o ABSOLUTE
    _printf_widthprec                        0x00000000   Number         0  stubs.o ABSOLUTE
    _printf_x                                0x00000000   Number         0  stubs.o ABSOLUTE
    __cpp_initialize__aeabi_                  - Undefined Weak Reference
    __cxa_finalize                            - Undefined Weak Reference
    _clock_init                               - Undefined Weak Reference
    _microlib_exit                            - Undefined Weak Reference
    _scanf_longlong                           - Undefined Weak Reference
    _scanf_real                               - Undefined Weak Reference
    _scanf_string                             - Undefined Weak Reference
    __Vectors_Size                           0x000000ec   Number         0  startup_stm32f103xb.o ABSOLUTE
    __Vectors                                0x08000000   Data           4  startup_stm32f103xb.o(RESET)
    __Vectors_End                            0x080000ec   Data           0  startup_stm32f103xb.o(RESET)
    __main                                   0x080000ed   Thumb Code     0  entry.o(.ARM.Collect$$$$00000000)
    _main_stk                                0x080000ed   Thumb Code     0  entry2.o(.ARM.Collect$$$$00000001)
    _main_scatterload                        0x080000f1   Thumb Code     0  entry5.o(.ARM.Collect$$$$00000004)
    __main_after_scatterload                 0x080000f5   Thumb Code     0  entry5.o(.ARM.Collect$$$$00000004)
    _main_clock                              0x080000f5   Thumb Code     0  entry7b.o(.ARM.Collect$$$$00000008)
    _main_cpp_init                           0x080000f5   Thumb Code     0  entry8b.o(.ARM.Collect$$$$0000000A)
    _main_init                               0x080000f5   Thumb Code     0  entry9a.o(.ARM.Collect$$$$0000000B)
    __rt_final_cpp                           0x080000fd   Thumb Code     0  entry10a.o(.ARM.Collect$$$$0000000D)
    __rt_final_exit                          0x080000fd   Thumb Code     0  entry11a.o(.ARM.Collect$$$$0000000F)
    Reset_Handler                            0x08000101   Thumb Code     8  startup_stm32f103xb.o(.text)
    ADC1_2_IRQHandler                        0x0800011b   Thumb Code     0  startup_stm32f103xb.o(.text)
    CAN1_RX1_IRQHandler                      0x0800011b   Thumb Code     0  startup_stm32f103xb.o(.text)
    CAN1_SCE_IRQHandler                      0x0800011b   Thumb Code     0  startup_stm32f103xb.o(.text)
    DMA1_Channel1_IRQHandler                 0x0800011b   Thumb Code     0  startup_stm32f103xb.o(.text)
    DMA1_Channel4_IRQHandler                 0x0800011b   Thumb Code     0  startup_stm32f103xb.o(.text)
    DMA1_Channel5_IRQHandler                 0x0800011b   Thumb Code     0  startup_stm32f103xb.o(.text)
    DMA1_Channel6_IRQHandler                 0x0800011b   Thumb Code     0  startup_stm32f103xb.o(.text)
    DMA1_Channel7_IRQHandler                 0x0800011b   Thumb Code     0  startup_stm32f103xb.o(.text)
    EXTI0_IRQHandler                         0x0800011b   Thumb Code     0  startup_stm32f103xb.o(.text)
    EXTI15_10_IRQHandler                     0x0800011b   Thumb Code     0  startup_stm32f103xb.o(.text)
    EXTI1_IRQHandler                         0x0800011b   Thumb Code     0  startup_stm32f103xb.o(.text)
    EXTI2_IRQHandler                         0x0800011b   Thumb Code     0  startup_stm32f103xb.o(.text)
    EXTI3_IRQHandler                         0x0800011b   Thumb Code     0  startup_stm32f103xb.o(.text)
    EXTI4_IRQHandler                         0x0800011b   Thumb Code     0  startup_stm32f103xb.o(.text)
    EXTI9_5_IRQHandler                       0x0800011b   Thumb Code     0  startup_stm32f103xb.o(.text)
    FLASH_IRQHandler                         0x0800011b   Thumb Code     0  startup_stm32f103xb.o(.text)
    I2C1_ER_IRQHandler                       0x0800011b   Thumb Code     0  startup_stm32f103xb.o(.text)
    I2C1_EV_IRQHandler                       0x0800011b   Thumb Code     0  startup_stm32f103xb.o(.text)
    I2C2_ER_IRQHandler                       0x0800011b   Thumb Code     0  startup_stm32f103xb.o(.text)
    I2C2_EV_IRQHandler                       0x0800011b   Thumb Code     0  startup_stm32f103xb.o(.text)
    PVD_IRQHandler                           0x0800011b   Thumb Code     0  startup_stm32f103xb.o(.text)
    RCC_IRQHandler                           0x0800011b   Thumb Code     0  startup_stm32f103xb.o(.text)
    RTC_Alarm_IRQHandler                     0x0800011b   Thumb Code     0  startup_stm32f103xb.o(.text)
    RTC_IRQHandler                           0x0800011b   Thumb Code     0  startup_stm32f103xb.o(.text)
    SPI1_IRQHandler                          0x0800011b   Thumb Code     0  startup_stm32f103xb.o(.text)
    SPI2_IRQHandler                          0x0800011b   Thumb Code     0  startup_stm32f103xb.o(.text)
    TAMPER_IRQHandler                        0x0800011b   Thumb Code     0  startup_stm32f103xb.o(.text)
    TIM1_BRK_IRQHandler                      0x0800011b   Thumb Code     0  startup_stm32f103xb.o(.text)
    TIM1_CC_IRQHandler                       0x0800011b   Thumb Code     0  startup_stm32f103xb.o(.text)
    TIM1_TRG_COM_IRQHandler                  0x0800011b   Thumb Code     0  startup_stm32f103xb.o(.text)
    TIM1_UP_IRQHandler                       0x0800011b   Thumb Code     0  startup_stm32f103xb.o(.text)
    TIM4_IRQHandler                          0x0800011b   Thumb Code     0  startup_stm32f103xb.o(.text)
    USART1_IRQHandler                        0x0800011b   Thumb Code     0  startup_stm32f103xb.o(.text)
    USART2_IRQHandler                        0x0800011b   Thumb Code     0  startup_stm32f103xb.o(.text)
    USART3_IRQHandler                        0x0800011b   Thumb Code     0  startup_stm32f103xb.o(.text)
    USBWakeUp_IRQHandler                     0x0800011b   Thumb Code     0  startup_stm32f103xb.o(.text)
    WWDG_IRQHandler                          0x0800011b   Thumb Code     0  startup_stm32f103xb.o(.text)
    __aeabi_llsr                             0x08000125   Thumb Code    32  llushr.o(.text)
    _ll_ushift_r                             0x08000125   Thumb Code     0  llushr.o(.text)
    __aeabi_memcpy                           0x08000145   Thumb Code    36  memcpya.o(.text)
    __aeabi_memcpy4                          0x08000145   Thumb Code     0  memcpya.o(.text)
    __aeabi_memcpy8                          0x08000145   Thumb Code     0  memcpya.o(.text)
    memcmp                                   0x08000169   Thumb Code    26  memcmp.o(.text)
    __0sscanf                                0x08000185   Thumb Code    48  __0sscanf.o(.text)
    _scanf_int                               0x080001bd   Thumb Code   332  _scanf_int.o(.text)
    __aeabi_uldivmod                         0x08000309   Thumb Code    98  uldiv.o(.text)
    _chval                                   0x0800036b   Thumb Code    28  _chval.o(.text)
    __vfscanf_char                           0x08000395   Thumb Code    20  scanf_char.o(.text)
    _sgetc                                   0x080003b1   Thumb Code    30  _sgetc.o(.text)
    _sbackspace                              0x080003cf   Thumb Code    34  _sgetc.o(.text)
    __scatterload                            0x080003f1   Thumb Code    28  init.o(.text)
    __scatterload_rt2                        0x080003f1   Thumb Code     0  init.o(.text)
    __aeabi_llsl                             0x08000415   Thumb Code    30  llshl.o(.text)
    _ll_shift_l                              0x08000415   Thumb Code     0  llshl.o(.text)
    isspace                                  0x08000433   Thumb Code    10  isspace_c.o(.text)
    __vfscanf                                0x0800043d   Thumb Code   808  _scanf.o(.text)
    __ctype_lookup                           0x08000769   Thumb Code    34  ctype_c.o(.text)
    __decompress                             0x08000791   Thumb Code     0  __dczerorl2.o(.text)
    __decompress1                            0x08000791   Thumb Code    86  __dczerorl2.o(.text)
    BusFault_Handler                         0x080007e7   Thumb Code     4  stm32f1xx_it.o(i.BusFault_Handler)
    CDC_Transmit_FS                          0x08000881   Thumb Code    50  usbd_cdc_if.o(i.CDC_Transmit_FS)
    CRCInit                                  0x080008b9   Thumb Code    48  main.o(i.CRCInit)
    CalcCRC                                  0x080008ed   Thumb Code    38  main.o(i.CalcCRC)
    DMA1_Channel2_IRQHandler                 0x08000919   Thumb Code    10  stm32f1xx_it.o(i.DMA1_Channel2_IRQHandler)
    DMA1_Channel3_IRQHandler                 0x08000929   Thumb Code    10  stm32f1xx_it.o(i.DMA1_Channel3_IRQHandler)
    DebugMon_Handler                         0x08000939   Thumb Code     2  stm32f1xx_it.o(i.DebugMon_Handler)
    Error_Handler                            0x0800093b   Thumb Code     4  main.o(i.Error_Handler)
    GenerateHUFrame                          0x08000941   Thumb Code    62  tim.o(i.GenerateHUFrame)
    HAL_DMA_IRQHandler                       0x08000985   Thumb Code   780  stm32f1xx_hal_dma.o(i.HAL_DMA_IRQHandler)
    HAL_DMA_Init                             0x08000c95   Thumb Code    84  stm32f1xx_hal_dma.o(i.HAL_DMA_Init)
    HAL_Delay                                0x08000ce9   Thumb Code    26  stm32f1xx_hal.o(i.HAL_Delay)
    HAL_GPIO_Init                            0x08000d05   Thumb Code   764  stm32f1xx_hal_gpio.o(i.HAL_GPIO_Init)
    HAL_GPIO_WritePin                        0x08001021   Thumb Code    12  stm32f1xx_hal_gpio.o(i.HAL_GPIO_WritePin)
    HAL_GetTick                              0x0800102d   Thumb Code     6  stm32f1xx_hal.o(i.HAL_GetTick)
    HAL_IncTick                              0x08001039   Thumb Code    12  stm32f1xx_hal.o(i.HAL_IncTick)
    HAL_Init                                 0x08001049   Thumb Code    34  stm32f1xx_hal.o(i.HAL_Init)
    HAL_InitTick                             0x08001071   Thumb Code    36  stm32f1xx_hal.o(i.HAL_InitTick)
    HAL_MspInit                              0x08001095   Thumb Code   130  stm32f1xx_hal_msp.o(i.HAL_MspInit)
    HAL_NVIC_EnableIRQ                       0x08001121   Thumb Code    26  stm32f1xx_hal_cortex.o(i.HAL_NVIC_EnableIRQ)
    HAL_NVIC_SetPriority                     0x0800113b   Thumb Code   124  stm32f1xx_hal_cortex.o(i.HAL_NVIC_SetPriority)
    HAL_NVIC_SetPriorityGrouping             0x080011b9   Thumb Code    32  stm32f1xx_hal_cortex.o(i.HAL_NVIC_SetPriorityGrouping)
    HAL_PCDEx_PMAConfig                      0x080011e1   Thumb Code    62  stm32f1xx_hal_pcd_ex.o(i.HAL_PCDEx_PMAConfig)
    HAL_PCDEx_SetConnectionState             0x0800121f   Thumb Code     2  usbd_conf.o(i.HAL_PCDEx_SetConnectionState)
    HAL_PCD_DataInStageCallback              0x08001221   Thumb Code    28  usbd_conf.o(i.HAL_PCD_DataInStageCallback)
    HAL_PCD_DataOutStageCallback             0x0800123d   Thumb Code    28  usbd_conf.o(i.HAL_PCD_DataOutStageCallback)
    HAL_PCD_EP_Close                         0x08001259   Thumb Code   100  stm32f1xx_hal_pcd.o(i.HAL_PCD_EP_Close)
    HAL_PCD_EP_ClrStall                      0x080012bd   Thumb Code    98  stm32f1xx_hal_pcd.o(i.HAL_PCD_EP_ClrStall)
    HAL_PCD_EP_GetRxCount                    0x0800131f   Thumb Code    20  stm32f1xx_hal_pcd.o(i.HAL_PCD_EP_GetRxCount)
    HAL_PCD_EP_Open                          0x08001333   Thumb Code   118  stm32f1xx_hal_pcd.o(i.HAL_PCD_EP_Open)
    HAL_PCD_EP_Receive                       0x080013a9   Thumb Code   106  stm32f1xx_hal_pcd.o(i.HAL_PCD_EP_Receive)
    HAL_PCD_EP_SetStall                      0x08001413   Thumb Code   114  stm32f1xx_hal_pcd.o(i.HAL_PCD_EP_SetStall)
    HAL_PCD_EP_Transmit                      0x08001485   Thumb Code   108  stm32f1xx_hal_pcd.o(i.HAL_PCD_EP_Transmit)
    HAL_PCD_IRQHandler                       0x080014f1   Thumb Code   356  stm32f1xx_hal_pcd.o(i.HAL_PCD_IRQHandler)
    HAL_PCD_Init                             0x08001655   Thumb Code   282  stm32f1xx_hal_pcd.o(i.HAL_PCD_Init)
    HAL_PCD_MspInit                          0x08001771   Thumb Code    74  usbd_conf.o(i.HAL_PCD_MspInit)
    HAL_PCD_ResetCallback                    0x080017c5   Thumb Code    42  usbd_conf.o(i.HAL_PCD_ResetCallback)
    HAL_PCD_ResumeCallback                   0x080017ef   Thumb Code    14  usbd_conf.o(i.HAL_PCD_ResumeCallback)
    HAL_PCD_SOFCallback                      0x080017fd   Thumb Code    14  usbd_conf.o(i.HAL_PCD_SOFCallback)
    HAL_PCD_SetAddress                       0x0800180b   Thumb Code    54  stm32f1xx_hal_pcd.o(i.HAL_PCD_SetAddress)
    HAL_PCD_SetupStageCallback               0x08001841   Thumb Code    18  usbd_conf.o(i.HAL_PCD_SetupStageCallback)
    HAL_PCD_Start                            0x08001853   Thumb Code    60  stm32f1xx_hal_pcd.o(i.HAL_PCD_Start)
    HAL_PCD_SuspendCallback                  0x08001891   Thumb Code    30  usbd_conf.o(i.HAL_PCD_SuspendCallback)
    HAL_RCCEx_PeriphCLKConfig                0x080018b5   Thumb Code   366  stm32f1xx_hal_rcc_ex.o(i.HAL_RCCEx_PeriphCLKConfig)
    HAL_RCC_CSSCallback                      0x08001a31   Thumb Code     2  stm32f1xx_hal_rcc.o(i.HAL_RCC_CSSCallback)
    HAL_RCC_ClockConfig                      0x08001a35   Thumb Code   648  stm32f1xx_hal_rcc.o(i.HAL_RCC_ClockConfig)
    HAL_RCC_EnableCSS                        0x08001ccd   Thumb Code    20  stm32f1xx_hal_rcc.o(i.HAL_RCC_EnableCSS)
    HAL_RCC_GetHCLKFreq                      0x08001ce5   Thumb Code     6  stm32f1xx_hal_rcc.o(i.HAL_RCC_GetHCLKFreq)
    HAL_RCC_GetSysClockFreq                  0x08001cf1   Thumb Code   146  stm32f1xx_hal_rcc.o(i.HAL_RCC_GetSysClockFreq)
    HAL_RCC_NMI_IRQHandler                   0x08001da5   Thumb Code    26  stm32f1xx_hal_rcc.o(i.HAL_RCC_NMI_IRQHandler)
    HAL_RCC_OscConfig                        0x08001dc5   Thumb Code  2164  stm32f1xx_hal_rcc.o(i.HAL_RCC_OscConfig)
    HAL_SPI_Init                             0x0800263d   Thumb Code   134  stm32f1xx_hal_spi_ex.o(i.HAL_SPI_Init)
    HAL_SPI_MspInit                          0x080026c9   Thumb Code   186  spi.o(i.HAL_SPI_MspInit)
    HAL_SYSTICK_CLKSourceConfig              0x0800279d   Thumb Code    40  stm32f1xx_hal_cortex.o(i.HAL_SYSTICK_CLKSourceConfig)
    HAL_SYSTICK_Callback                     0x080027c5   Thumb Code     2  stm32f1xx_hal_cortex.o(i.HAL_SYSTICK_Callback)
    HAL_SYSTICK_Config                       0x080027c7   Thumb Code    52  stm32f1xx_hal_cortex.o(i.HAL_SYSTICK_Config)
    HAL_SYSTICK_IRQHandler                   0x080027fb   Thumb Code     8  stm32f1xx_hal_cortex.o(i.HAL_SYSTICK_IRQHandler)
    HAL_TIMEx_BreakCallback                  0x08002803   Thumb Code     2  stm32f1xx_hal_tim_ex.o(i.HAL_TIMEx_BreakCallback)
    HAL_TIMEx_CommutationCallback            0x08002805   Thumb Code     2  stm32f1xx_hal_tim_ex.o(i.HAL_TIMEx_CommutationCallback)
    HAL_TIMEx_MasterConfigSynchronization    0x08002807   Thumb Code    98  stm32f1xx_hal_tim_ex.o(i.HAL_TIMEx_MasterConfigSynchronization)
    HAL_TIM_Base_Init                        0x08002869   Thumb Code    52  stm32f1xx_hal_tim.o(i.HAL_TIM_Base_Init)
    HAL_TIM_Base_MspInit                     0x0800289d   Thumb Code   134  tim.o(i.HAL_TIM_Base_MspInit)
    HAL_TIM_Base_Start                       0x08002931   Thumb Code    30  stm32f1xx_hal_tim.o(i.HAL_TIM_Base_Start)
    HAL_TIM_Base_Start_IT                    0x0800294f   Thumb Code    30  stm32f1xx_hal_tim.o(i.HAL_TIM_Base_Start_IT)
    HAL_TIM_Base_Stop_IT                     0x0800296d   Thumb Code    56  stm32f1xx_hal_tim.o(i.HAL_TIM_Base_Stop_IT)
    HAL_TIM_ConfigClockSource                0x080029a5   Thumb Code   306  stm32f1xx_hal_tim.o(i.HAL_TIM_ConfigClockSource)
    HAL_TIM_IC_CaptureCallback               0x08002ad9   Thumb Code   298  tim.o(i.HAL_TIM_IC_CaptureCallback)
    HAL_TIM_IC_ConfigChannel                 0x08002c25   Thumb Code   224  stm32f1xx_hal_tim.o(i.HAL_TIM_IC_ConfigChannel)
    HAL_TIM_IC_Init                          0x08002d05   Thumb Code    52  stm32f1xx_hal_tim.o(i.HAL_TIM_IC_Init)
    HAL_TIM_IC_MspInit                       0x08002d39   Thumb Code     2  stm32f1xx_hal_tim.o(i.HAL_TIM_IC_MspInit)
    HAL_TIM_IC_Start_IT                      0x08002d3b   Thumb Code   108  stm32f1xx_hal_tim.o(i.HAL_TIM_IC_Start_IT)
    HAL_TIM_IRQHandler                       0x08002da7   Thumb Code   406  stm32f1xx_hal_tim.o(i.HAL_TIM_IRQHandler)
    HAL_TIM_OC_DelayElapsedCallback          0x08002f3d   Thumb Code     2  stm32f1xx_hal_tim.o(i.HAL_TIM_OC_DelayElapsedCallback)
    HAL_TIM_OnePulse_Init                    0x08002f3f   Thumb Code    76  stm32f1xx_hal_tim.o(i.HAL_TIM_OnePulse_Init)
    HAL_TIM_OnePulse_MspInit                 0x08002f8b   Thumb Code     2  stm32f1xx_hal_tim.o(i.HAL_TIM_OnePulse_MspInit)
    HAL_TIM_PWM_PulseFinishedCallback        0x08002f8d   Thumb Code     2  stm32f1xx_hal_tim.o(i.HAL_TIM_PWM_PulseFinishedCallback)
    HAL_TIM_PeriodElapsedCallback            0x08002f91   Thumb Code   228  tim.o(i.HAL_TIM_PeriodElapsedCallback)
    HAL_TIM_SlaveConfigSynchronization       0x080030a5   Thumb Code    86  stm32f1xx_hal_tim.o(i.HAL_TIM_SlaveConfigSynchronization)
    HAL_TIM_TriggerCallback                  0x080030fb   Thumb Code     2  stm32f1xx_hal_tim.o(i.HAL_TIM_TriggerCallback)
    HardFault_Handler                        0x080030fd   Thumb Code     4  stm32f1xx_it.o(i.HardFault_Handler)
    MX_DMA_Init                              0x08003101   Thumb Code    64  dma.o(i.MX_DMA_Init)
    MX_GPIO_Init                             0x08003145   Thumb Code   182  gpio.o(i.MX_GPIO_Init)
    MX_SPI1_Init                             0x08003209   Thumb Code    60  spi.o(i.MX_SPI1_Init)
    MX_TIM2_Init                             0x0800324d   Thumb Code   178  tim.o(i.MX_TIM2_Init)
    MX_TIM3_Init                             0x08003305   Thumb Code    96  tim.o(i.MX_TIM3_Init)
    MX_USB_DEVICE_Init                       0x0800336d   Thumb Code    36  usb_device.o(i.MX_USB_DEVICE_Init)
    MemManage_Handler                        0x080033a1   Thumb Code     4  stm32f1xx_it.o(i.MemManage_Handler)
    NMI_Handler                              0x080033a5   Thumb Code     8  stm32f1xx_it.o(i.NMI_Handler)
    PendSV_Handler                           0x08003829   Thumb Code     2  stm32f1xx_it.o(i.PendSV_Handler)
    SVC_Handler                              0x0800382b   Thumb Code     2  stm32f1xx_it.o(i.SVC_Handler)
    SendBytes                                0x0800382d   Thumb Code   168  tim.o(i.SendBytes)
    SendFrame                                0x080038e1   Thumb Code    84  tim.o(i.SendFrame)
    SendSOF                                  0x0800393d   Thumb Code    86  tim.o(i.SendSOF)
    SysTick_Handler                          0x080039a1   Thumb Code    12  stm32f1xx_it.o(i.SysTick_Handler)
    SystemClock_Config                       0x080039ad   Thumb Code   146  main.o(i.SystemClock_Config)
    SystemInit                               0x08003a41   Thumb Code    70  system_stm32f1xx.o(i.SystemInit)
    TIM2_IRQHandler                          0x08003a99   Thumb Code    10  stm32f1xx_it.o(i.TIM2_IRQHandler)
    TIM3_IRQHandler                          0x08003aa9   Thumb Code    10  stm32f1xx_it.o(i.TIM3_IRQHandler)
    TIM_Base_SetConfig                       0x08003ab9   Thumb Code    94  stm32f1xx_hal_tim.o(i.TIM_Base_SetConfig)
    TIM_CCxChannelCmd                        0x08003b25   Thumb Code    28  stm32f1xx_hal_tim.o(i.TIM_CCxChannelCmd)
    TIM_TI1_SetConfig                        0x08003c3d   Thumb Code    94  stm32f1xx_hal_tim.o(i.TIM_TI1_SetConfig)
    USBD_CDC_GetDeviceQualifierDescriptor    0x08003e51   Thumb Code    10  usbd_cdc.o(i.USBD_CDC_GetDeviceQualifierDescriptor)
    USBD_CDC_ReceivePacket                   0x08003f37   Thumb Code    58  usbd_cdc.o(i.USBD_CDC_ReceivePacket)
    USBD_CDC_RegisterInterface               0x08003f71   Thumb Code    14  usbd_cdc.o(i.USBD_CDC_RegisterInterface)
    USBD_CDC_SetRxBuffer                     0x08003f7f   Thumb Code    14  usbd_cdc.o(i.USBD_CDC_SetRxBuffer)
    USBD_CDC_SetTxBuffer                     0x08003f8d   Thumb Code    20  usbd_cdc.o(i.USBD_CDC_SetTxBuffer)
    USBD_CDC_TransmitPacket                  0x08004031   Thumb Code    56  usbd_cdc.o(i.USBD_CDC_TransmitPacket)
    USBD_ClrClassConfig                      0x08004069   Thumb Code    22  usbd_core.o(i.USBD_ClrClassConfig)
    USBD_CtlContinueRx                       0x080040c3   Thumb Code    24  usbd_ioreq.o(i.USBD_CtlContinueRx)
    USBD_CtlContinueSendData                 0x080040db   Thumb Code    24  usbd_ioreq.o(i.USBD_CtlContinueSendData)
    USBD_CtlError                            0x080040f3   Thumb Code    24  usbd_ctlreq.o(i.USBD_CtlError)
    USBD_CtlPrepareRx                        0x0800410b   Thumb Code    40  usbd_ioreq.o(i.USBD_CtlPrepareRx)
    USBD_CtlReceiveStatus                    0x08004133   Thumb Code    26  usbd_ioreq.o(i.USBD_CtlReceiveStatus)
    USBD_CtlSendData                         0x0800414d   Thumb Code    34  usbd_ioreq.o(i.USBD_CtlSendData)
    USBD_CtlSendStatus                       0x0800416f   Thumb Code    26  usbd_ioreq.o(i.USBD_CtlSendStatus)
    USBD_FS_ConfigStrDescriptor              0x08004189   Thumb Code    34  usbd_desc.o(i.USBD_FS_ConfigStrDescriptor)
    USBD_FS_DeviceDescriptor                 0x080041bd   Thumb Code    10  usbd_desc.o(i.USBD_FS_DeviceDescriptor)
    USBD_FS_InterfaceStrDescriptor           0x080041cd   Thumb Code    34  usbd_desc.o(i.USBD_FS_InterfaceStrDescriptor)
    USBD_FS_LangIDStrDescriptor              0x08004205   Thumb Code    10  usbd_desc.o(i.USBD_FS_LangIDStrDescriptor)
    USBD_FS_ManufacturerStrDescriptor        0x08004215   Thumb Code    20  usbd_desc.o(i.USBD_FS_ManufacturerStrDescriptor)
    USBD_FS_ProductStrDescriptor             0x08004241   Thumb Code    34  usbd_desc.o(i.USBD_FS_ProductStrDescriptor)
    USBD_FS_SerialStrDescriptor              0x08004281   Thumb Code    34  usbd_desc.o(i.USBD_FS_SerialStrDescriptor)
    USBD_GetString                           0x080044a9   Thumb Code    82  usbd_ctlreq.o(i.USBD_GetString)
    USBD_Init                                0x080044fb   Thumb Code    50  usbd_core.o(i.USBD_Init)
    USBD_LL_ClearStallEP                     0x0800452d   Thumb Code    20  usbd_conf.o(i.USBD_LL_ClearStallEP)
    USBD_LL_CloseEP                          0x08004541   Thumb Code    20  usbd_conf.o(i.USBD_LL_CloseEP)
    USBD_LL_DataInStage                      0x08004555   Thumb Code   218  usbd_core.o(i.USBD_LL_DataInStage)
    USBD_LL_DataOutStage                     0x0800462f   Thumb Code   134  usbd_core.o(i.USBD_LL_DataOutStage)
    USBD_LL_GetRxDataSize                    0x080046b5   Thumb Code    18  usbd_conf.o(i.USBD_LL_GetRxDataSize)
    USBD_LL_Init                             0x080046c9   Thumb Code   126  usbd_conf.o(i.USBD_LL_Init)
    USBD_LL_IsStallEP                        0x08004751   Thumb Code    48  usbd_conf.o(i.USBD_LL_IsStallEP)
    USBD_LL_OpenEP                           0x08004781   Thumb Code    32  usbd_conf.o(i.USBD_LL_OpenEP)
    USBD_LL_PrepareReceive                   0x080047a1   Thumb Code    32  usbd_conf.o(i.USBD_LL_PrepareReceive)
    USBD_LL_Reset                            0x080047c1   Thumb Code    68  usbd_core.o(i.USBD_LL_Reset)
    USBD_LL_Resume                           0x08004805   Thumb Code    14  usbd_core.o(i.USBD_LL_Resume)
    USBD_LL_SOF                              0x08004813   Thumb Code    34  usbd_core.o(i.USBD_LL_SOF)
    USBD_LL_SetSpeed                         0x08004835   Thumb Code     8  usbd_core.o(i.USBD_LL_SetSpeed)
    USBD_LL_SetUSBAddress                    0x0800483d   Thumb Code    20  usbd_conf.o(i.USBD_LL_SetUSBAddress)
    USBD_LL_SetupStage                       0x08004851   Thumb Code   110  usbd_core.o(i.USBD_LL_SetupStage)
    USBD_LL_StallEP                          0x080048bf   Thumb Code    20  usbd_conf.o(i.USBD_LL_StallEP)
    USBD_LL_Start                            0x080048d3   Thumb Code    16  usbd_conf.o(i.USBD_LL_Start)
    USBD_LL_Suspend                          0x080048e3   Thumb Code    20  usbd_core.o(i.USBD_LL_Suspend)
    USBD_LL_Transmit                         0x080048f7   Thumb Code    32  usbd_conf.o(i.USBD_LL_Transmit)
    USBD_ParseSetupRequest                   0x08004917   Thumb Code    40  usbd_ctlreq.o(i.USBD_ParseSetupRequest)
    USBD_RegisterClass                       0x0800493f   Thumb Code    16  usbd_core.o(i.USBD_RegisterClass)
    USBD_RunTestMode                         0x0800494f   Thumb Code     6  usbd_core.o(i.USBD_RunTestMode)
    USBD_SetClassConfig                      0x080049a9   Thumb Code    34  usbd_core.o(i.USBD_SetClassConfig)
    USBD_Start                               0x08004ad1   Thumb Code    14  usbd_core.o(i.USBD_Start)
    USBD_StdDevReq                           0x08004adf   Thumb Code   114  usbd_ctlreq.o(i.USBD_StdDevReq)
    USBD_StdEPReq                            0x08004b51   Thumb Code   342  usbd_ctlreq.o(i.USBD_StdEPReq)
    USBD_StdItfReq                           0x08004ca7   Thumb Code    74  usbd_ctlreq.o(i.USBD_StdItfReq)
    USBD_static_free                         0x08004cf1   Thumb Code     2  usbd_conf.o(i.USBD_static_free)
    USBD_static_malloc                       0x08004cf5   Thumb Code     6  usbd_conf.o(i.USBD_static_malloc)
    USB_ActivateEndpoint                     0x08004d01   Thumb Code   938  stm32f1xx_ll_usb.o(i.USB_ActivateEndpoint)
    USB_CoreInit                             0x080050ab   Thumb Code     8  stm32f1xx_ll_usb.o(i.USB_CoreInit)
    USB_DeactivateEndpoint                   0x080050b3   Thumb Code   532  stm32f1xx_ll_usb.o(i.USB_DeactivateEndpoint)
    USB_DevConnect                           0x080052c7   Thumb Code     6  stm32f1xx_ll_usb.o(i.USB_DevConnect)
    USB_DevDisconnect                        0x080052cd   Thumb Code     6  stm32f1xx_ll_usb.o(i.USB_DevDisconnect)
    USB_DevInit                              0x080052d3   Thumb Code    22  stm32f1xx_ll_usb.o(i.USB_DevInit)
    USB_DisableGlobalInt                     0x080052e9   Thumb Code    22  stm32f1xx_ll_usb.o(i.USB_DisableGlobalInt)
    USB_EP0_OutStart                         0x080052ff   Thumb Code     6  stm32f1xx_ll_usb.o(i.USB_EP0_OutStart)
    USB_EPClearStall                         0x08005305   Thumb Code   180  stm32f1xx_ll_usb.o(i.USB_EPClearStall)
    USB_EPSetStall                           0x080053b9   Thumb Code   134  stm32f1xx_ll_usb.o(i.USB_EPSetStall)
    USB_EPStartXfer                          0x0800543f   Thumb Code   818  stm32f1xx_ll_usb.o(i.USB_EPStartXfer)
    USB_EnableGlobalInt                      0x08005771   Thumb Code    22  stm32f1xx_ll_usb.o(i.USB_EnableGlobalInt)
    USB_HP_CAN1_TX_IRQHandler                0x08005789   Thumb Code    10  stm32f1xx_it.o(i.USB_HP_CAN1_TX_IRQHandler)
    USB_LP_CAN1_RX0_IRQHandler               0x08005799   Thumb Code    10  stm32f1xx_it.o(i.USB_LP_CAN1_RX0_IRQHandler)
    USB_ReadInterrupts                       0x080057a9   Thumb Code    10  stm32f1xx_ll_usb.o(i.USB_ReadInterrupts)
    USB_ReadPMA                              0x080057b3   Thumb Code    40  stm32f1xx_ll_usb.o(i.USB_ReadPMA)
    USB_SetCurrentMode                       0x080057db   Thumb Code     6  stm32f1xx_ll_usb.o(i.USB_SetCurrentMode)
    USB_SetDevAddress                        0x080057e1   Thumb Code    14  stm32f1xx_ll_usb.o(i.USB_SetDevAddress)
    USB_WritePMA                             0x080057ef   Thumb Code    66  stm32f1xx_ll_usb.o(i.USB_WritePMA)
    UsageFault_Handler                       0x08005831   Thumb Code     4  stm32f1xx_it.o(i.UsageFault_Handler)
    __0sprintf$8                             0x08005835   Thumb Code    34  printf8.o(i.__0sprintf$8)
    __1sprintf$8                             0x08005835   Thumb Code     0  printf8.o(i.__0sprintf$8)
    __2sprintf                               0x08005835   Thumb Code     0  printf8.o(i.__0sprintf$8)
    __scatterload_copy                       0x0800585d   Thumb Code    14  handlers.o(i.__scatterload_copy)
    __scatterload_null                       0x0800586b   Thumb Code     2  handlers.o(i.__scatterload_null)
    __scatterload_zeroinit                   0x0800586d   Thumb Code    14  handlers.o(i.__scatterload_zeroinit)
    cbInit                                   0x08005ce9   Thumb Code    52  main.o(i.cbInit)
    cbPopFront                               0x08005d1d   Thumb Code    54  main.o(i.cbPopFront)
    cbPushBack                               0x08005d53   Thumb Code    56  main.o(i.cbPushBack)
    main                                     0x08005d8d   Thumb Code   470  main.o(i.main)
    malloc                                   0x08005f99   Thumb Code    92  malloc.o(i.malloc)
    AHBPrescTable                            0x08006010   Data          16  system_stm32f1xx.o(.constdata)
    APBPrescTable                            0x08006020   Data           8  system_stm32f1xx.o(.constdata)
    __ctype_categories                       0x08006028   Data          64  ctype_c.o(.constdata)
    Region$$Table$$Base                      0x08006068   Number         0  anon$$obj.o(Region$$Table)
    Region$$Table$$Limit                     0x08006088   Number         0  anon$$obj.o(Region$$Table)
    FS_Desc                                  0x20000000   Data          28  usbd_desc.o(.data)
    USBD_FS_DeviceDesc                       0x2000001c   Data          18  usbd_desc.o(.data)
    USBD_LangIDDesc                          0x20000030   Data           4  usbd_desc.o(.data)
    inFramePtr                               0x20000034   Data           4  tim.o(.data)
    outFramePtr                              0x20000038   Data           4  tim.o(.data)
    bFrame                                   0x2000003c   Data           1  tim.o(.data)
    bFrameTx                                 0x2000003d   Data           1  tim.o(.data)
    bHUReady                                 0x2000003e   Data           1  tim.o(.data)
    inFrameBit                               0x2000003f   Data           1  tim.o(.data)
    inFrameLen                               0x20000040   Data           1  tim.o(.data)
    outFrameLen                              0x20000041   Data           1  tim.o(.data)
    huInitRequest                            0x20000042   Data           3  tim.o(.data)
    huInitResponse                           0x20000045   Data           2  tim.o(.data)
    huResponseHeaders                        0x20000047   Data           3  tim.o(.data)
    USBD_Interface_fops_FS                   0x2000004c   Data          16  usbd_cdc_if.o(.data)
    SystemCoreClock                          0x2000005c   Data           4  system_stm32f1xx.o(.data)
    uCRCErrorWorkaroundCheck                 0x20000064   Data           1  stm32f1xx_hal_spi_ex.o(.data)
    USBD_CDC                                 0x20000074   Data          56  usbd_cdc.o(.data)
    USBD_CDC_CfgHSDesc                       0x200000ac   Data          67  usbd_cdc.o(.data)
    USBD_CDC_CfgFSDesc                       0x200000f0   Data          67  usbd_cdc.o(.data)
    USBD_CDC_OtherSpeedCfgDesc               0x20000134   Data          67  usbd_cdc.o(.data)
    __microlib_freelist                      0x2000017c   Data           4  mvars.o(.data)
    __microlib_freelist_initialised          0x20000180   Data           4  mvars.o(.data)
    USBD_StrDesc                             0x20000184   Data         512  usbd_desc.o(.bss)
    htim2                                    0x20000384   Data          60  tim.o(.bss)
    htim3                                    0x200003c0   Data          60  tim.o(.bss)
    inFrame                                  0x200003fc   Data          12  tim.o(.bss)
    outFrame                                 0x20000408   Data          12  tim.o(.bss)
    UserRxBufferFS                           0x20000414   Data          64  usbd_cdc_if.o(.bss)
    UserTxBufferFS                           0x20000454   Data          64  usbd_cdc_if.o(.bss)
    hpcd_USB_FS                              0x20000494   Data        1056  usbd_conf.o(.bss)
    usbTransmit                              0x20000ad4   Data        1024  main.o(.bss)
    crcTable                                 0x20000ed4   Data         256  main.o(.bss)
    cbSWRxBuffer                             0x20000fd4   Data          28  main.o(.bss)
    cbSWTxBuffer                             0x20000ff0   Data          28  main.o(.bss)
    cbUSBRxBuffer                            0x2000100c   Data          28  main.o(.bss)
    hUsbDeviceFS                             0x20001028   Data         548  usb_device.o(.bss)
    hspi1                                    0x2000124c   Data          88  spi.o(.bss)
    hdma_spi1_tx                             0x200012a4   Data          56  spi.o(.bss)
    hdma_spi1_rx                             0x200012dc   Data          56  spi.o(.bss)
    __heap_base                              0x20001318   Data           0  startup_stm32f103xb.o(HEAP)
    __heap_limit                             0x20001718   Data           0  startup_stm32f103xb.o(HEAP)
    __initial_sp                             0x20001f18   Data           0  startup_stm32f103xb.o(STACK)



==============================================================================

Memory Map of the image

  Image Entry point : 0x080000ed

  Load Region LR_IROM1 (Base: 0x08000000, Size: 0x0000620c, Max: 0x00010000, ABSOLUTE, COMPRESSED[0x0000615c])

    Execution Region ER_IROM1 (Base: 0x08000000, Size: 0x00006088, Max: 0x00010000, ABSOLUTE)

    Base Addr    Size         Type   Attr      Idx    E Section Name        Object

    0x08000000   0x000000ec   Data   RO         3856    RESET               startup_stm32f103xb.o
    0x080000ec   0x00000000   Code   RO         3861  * .ARM.Collect$$$$00000000  mc_w.l(entry.o)
    0x080000ec   0x00000004   Code   RO         4165    .ARM.Collect$$$$00000001  mc_w.l(entry2.o)
    0x080000f0   0x00000004   Code   RO         4168    .ARM.Collect$$$$00000004  mc_w.l(entry5.o)
    0x080000f4   0x00000000   Code   RO         4170    .ARM.Collect$$$$00000008  mc_w.l(entry7b.o)
    0x080000f4   0x00000000   Code   RO         4172    .ARM.Collect$$$$0000000A  mc_w.l(entry8b.o)
    0x080000f4   0x00000008   Code   RO         4173    .ARM.Collect$$$$0000000B  mc_w.l(entry9a.o)
    0x080000fc   0x00000000   Code   RO         4175    .ARM.Collect$$$$0000000D  mc_w.l(entry10a.o)
    0x080000fc   0x00000000   Code   RO         4177    .ARM.Collect$$$$0000000F  mc_w.l(entry11a.o)
    0x080000fc   0x00000004   Code   RO         4166    .ARM.Collect$$$$00002712  mc_w.l(entry2.o)
    0x08000100   0x00000024   Code   RO         3857    .text               startup_stm32f103xb.o
    0x08000124   0x00000020   Code   RO         3864    .text               mc_w.l(llushr.o)
    0x08000144   0x00000024   Code   RO         3866    .text               mc_w.l(memcpya.o)
    0x08000168   0x0000001a   Code   RO         3868    .text               mc_w.l(memcmp.o)
    0x08000182   0x00000002   PAD
    0x08000184   0x00000038   Code   RO         4161    .text               mc_w.l(__0sscanf.o)
    0x080001bc   0x0000014c   Code   RO         4163    .text               mc_w.l(_scanf_int.o)
    0x08000308   0x00000062   Code   RO         4184    .text               mc_w.l(uldiv.o)
    0x0800036a   0x0000001c   Code   RO         4188    .text               mc_w.l(_chval.o)
    0x08000386   0x00000002   PAD
    0x08000388   0x00000028   Code   RO         4190    .text               mc_w.l(scanf_char.o)
    0x080003b0   0x00000040   Code   RO         4192    .text               mc_w.l(_sgetc.o)
    0x080003f0   0x00000024   Code   RO         4205    .text               mc_w.l(init.o)
    0x08000414   0x0000001e   Code   RO         4208    .text               mc_w.l(llshl.o)
    0x08000432   0x0000000a   Code   RO         4212    .text               mc_w.l(isspace_c.o)
    0x0800043c   0x0000032c   Code   RO         4214    .text               mc_w.l(_scanf.o)
    0x08000768   0x00000028   Code   RO         4219    .text               mc_w.l(ctype_c.o)
    0x08000790   0x00000056   Code   RO         4230    .text               mc_w.l(__dczerorl2.o)
    0x080007e6   0x00000004   Code   RO            4    i.BusFault_Handler  stm32f1xx_it.o
    0x080007ea   0x00000044   Code   RO          440    i.CDC_Control_FS    usbd_cdc_if.o
    0x0800082e   0x00000004   Code   RO          441    i.CDC_DeInit_FS     usbd_cdc_if.o
    0x08000832   0x00000002   PAD
    0x08000834   0x00000024   Code   RO          442    i.CDC_Init_FS       usbd_cdc_if.o
    0x08000858   0x00000028   Code   RO          443    i.CDC_Receive_FS    usbd_cdc_if.o
    0x08000880   0x00000038   Code   RO          444    i.CDC_Transmit_FS   usbd_cdc_if.o
    0x080008b8   0x00000034   Code   RO          727    i.CRCInit           main.o
    0x080008ec   0x0000002c   Code   RO          728    i.CalcCRC           main.o
    0x08000918   0x00000010   Code   RO            5    i.DMA1_Channel2_IRQHandler  stm32f1xx_it.o
    0x08000928   0x00000010   Code   RO            6    i.DMA1_Channel3_IRQHandler  stm32f1xx_it.o
    0x08000938   0x00000002   Code   RO            7    i.DebugMon_Handler  stm32f1xx_it.o
    0x0800093a   0x00000004   Code   RO          729    i.Error_Handler     main.o
    0x0800093e   0x00000002   PAD
    0x08000940   0x00000044   Code   RO          330    i.GenerateHUFrame   tim.o
    0x08000984   0x00000310   Code   RO         2631    i.HAL_DMA_IRQHandler  stm32f1xx_hal_dma.o
    0x08000c94   0x00000054   Code   RO         2632    i.HAL_DMA_Init      stm32f1xx_hal_dma.o
    0x08000ce8   0x0000001a   Code   RO          970    i.HAL_Delay         stm32f1xx_hal.o
    0x08000d02   0x00000002   PAD
    0x08000d04   0x0000031c   Code   RO         1447    i.HAL_GPIO_Init     stm32f1xx_hal_gpio.o
    0x08001020   0x0000000c   Code   RO         1451    i.HAL_GPIO_WritePin  stm32f1xx_hal_gpio.o
    0x0800102c   0x0000000c   Code   RO          974    i.HAL_GetTick       stm32f1xx_hal.o
    0x08001038   0x00000010   Code   RO          975    i.HAL_IncTick       stm32f1xx_hal.o
    0x08001048   0x00000028   Code   RO          976    i.HAL_Init          stm32f1xx_hal.o
    0x08001070   0x00000024   Code   RO          977    i.HAL_InitTick      stm32f1xx_hal.o
    0x08001094   0x0000008c   Code   RO          703    i.HAL_MspInit       stm32f1xx_hal_msp.o
    0x08001120   0x0000001a   Code   RO         2506    i.HAL_NVIC_EnableIRQ  stm32f1xx_hal_cortex.o
    0x0800113a   0x0000007c   Code   RO         2512    i.HAL_NVIC_SetPriority  stm32f1xx_hal_cortex.o
    0x080011b6   0x00000002   PAD
    0x080011b8   0x00000028   Code   RO         2513    i.HAL_NVIC_SetPriorityGrouping  stm32f1xx_hal_cortex.o
    0x080011e0   0x0000003e   Code   RO         1097    i.HAL_PCDEx_PMAConfig  stm32f1xx_hal_pcd_ex.o
    0x0800121e   0x00000002   Code   RO          496    i.HAL_PCDEx_SetConnectionState  usbd_conf.o
    0x08001220   0x0000001c   Code   RO          498    i.HAL_PCD_DataInStageCallback  usbd_conf.o
    0x0800123c   0x0000001c   Code   RO          499    i.HAL_PCD_DataOutStageCallback  usbd_conf.o
    0x08001258   0x00000064   Code   RO         1238    i.HAL_PCD_EP_Close  stm32f1xx_hal_pcd.o
    0x080012bc   0x00000062   Code   RO         1239    i.HAL_PCD_EP_ClrStall  stm32f1xx_hal_pcd.o
    0x0800131e   0x00000014   Code   RO         1241    i.HAL_PCD_EP_GetRxCount  stm32f1xx_hal_pcd.o
    0x08001332   0x00000076   Code   RO         1242    i.HAL_PCD_EP_Open   stm32f1xx_hal_pcd.o
    0x080013a8   0x0000006a   Code   RO         1243    i.HAL_PCD_EP_Receive  stm32f1xx_hal_pcd.o
    0x08001412   0x00000072   Code   RO         1244    i.HAL_PCD_EP_SetStall  stm32f1xx_hal_pcd.o
    0x08001484   0x0000006c   Code   RO         1245    i.HAL_PCD_EP_Transmit  stm32f1xx_hal_pcd.o
    0x080014f0   0x00000164   Code   RO         1247    i.HAL_PCD_IRQHandler  stm32f1xx_hal_pcd.o
    0x08001654   0x0000011a   Code   RO         1250    i.HAL_PCD_Init      stm32f1xx_hal_pcd.o
    0x0800176e   0x00000002   PAD
    0x08001770   0x00000054   Code   RO          504    i.HAL_PCD_MspInit   usbd_conf.o
    0x080017c4   0x0000002a   Code   RO          505    i.HAL_PCD_ResetCallback  usbd_conf.o
    0x080017ee   0x0000000e   Code   RO          506    i.HAL_PCD_ResumeCallback  usbd_conf.o
    0x080017fc   0x0000000e   Code   RO          507    i.HAL_PCD_SOFCallback  usbd_conf.o
    0x0800180a   0x00000036   Code   RO         1256    i.HAL_PCD_SetAddress  stm32f1xx_hal_pcd.o
    0x08001840   0x00000012   Code   RO          508    i.HAL_PCD_SetupStageCallback  usbd_conf.o
    0x08001852   0x0000003c   Code   RO         1258    i.HAL_PCD_Start     stm32f1xx_hal_pcd.o
    0x0800188e   0x00000002   PAD
    0x08001890   0x00000024   Code   RO          509    i.HAL_PCD_SuspendCallback  usbd_conf.o
    0x080018b4   0x0000017c   Code   RO         3041    i.HAL_RCCEx_PeriphCLKConfig  stm32f1xx_hal_rcc_ex.o
    0x08001a30   0x00000002   Code   RO         1127    i.HAL_RCC_CSSCallback  stm32f1xx_hal_rcc.o
    0x08001a32   0x00000002   PAD
    0x08001a34   0x00000298   Code   RO         1128    i.HAL_RCC_ClockConfig  stm32f1xx_hal_rcc.o
    0x08001ccc   0x00000018   Code   RO         1131    i.HAL_RCC_EnableCSS  stm32f1xx_hal_rcc.o
    0x08001ce4   0x0000000c   Code   RO         1133    i.HAL_RCC_GetHCLKFreq  stm32f1xx_hal_rcc.o
    0x08001cf0   0x000000b4   Code   RO         1137    i.HAL_RCC_GetSysClockFreq  stm32f1xx_hal_rcc.o
    0x08001da4   0x00000020   Code   RO         1139    i.HAL_RCC_NMI_IRQHandler  stm32f1xx_hal_rcc.o
    0x08001dc4   0x00000878   Code   RO         1140    i.HAL_RCC_OscConfig  stm32f1xx_hal_rcc.o
    0x0800263c   0x0000008c   Code   RO         3181    i.HAL_SPI_Init      stm32f1xx_hal_spi_ex.o
    0x080026c8   0x000000d4   Code   RO          861    i.HAL_SPI_MspInit   spi.o
    0x0800279c   0x00000028   Code   RO         2515    i.HAL_SYSTICK_CLKSourceConfig  stm32f1xx_hal_cortex.o
    0x080027c4   0x00000002   Code   RO         2516    i.HAL_SYSTICK_Callback  stm32f1xx_hal_cortex.o
    0x080027c6   0x00000034   Code   RO         2517    i.HAL_SYSTICK_Config  stm32f1xx_hal_cortex.o
    0x080027fa   0x00000008   Code   RO         2518    i.HAL_SYSTICK_IRQHandler  stm32f1xx_hal_cortex.o
    0x08002802   0x00000002   Code   RO         2703    i.HAL_TIMEx_BreakCallback  stm32f1xx_hal_tim_ex.o
    0x08002804   0x00000002   Code   RO         2704    i.HAL_TIMEx_CommutationCallback  stm32f1xx_hal_tim_ex.o
    0x08002806   0x00000062   Code   RO         2720    i.HAL_TIMEx_MasterConfigSynchronization  stm32f1xx_hal_tim_ex.o
    0x08002868   0x00000034   Code   RO         1673    i.HAL_TIM_Base_Init  stm32f1xx_hal_tim.o
    0x0800289c   0x00000094   Code   RO          332    i.HAL_TIM_Base_MspInit  tim.o
    0x08002930   0x0000001e   Code   RO         1676    i.HAL_TIM_Base_Start  stm32f1xx_hal_tim.o
    0x0800294e   0x0000001e   Code   RO         1678    i.HAL_TIM_Base_Start_IT  stm32f1xx_hal_tim.o
    0x0800296c   0x00000038   Code   RO         1681    i.HAL_TIM_Base_Stop_IT  stm32f1xx_hal_tim.o
    0x080029a4   0x00000132   Code   RO         1682    i.HAL_TIM_ConfigClockSource  stm32f1xx_hal_tim.o
    0x08002ad6   0x00000002   PAD
    0x08002ad8   0x0000014c   Code   RO          333    i.HAL_TIM_IC_CaptureCallback  tim.o
    0x08002c24   0x000000e0   Code   RO         1703    i.HAL_TIM_IC_ConfigChannel  stm32f1xx_hal_tim.o
    0x08002d04   0x00000034   Code   RO         1706    i.HAL_TIM_IC_Init   stm32f1xx_hal_tim.o
    0x08002d38   0x00000002   Code   RO         1708    i.HAL_TIM_IC_MspInit  stm32f1xx_hal_tim.o
    0x08002d3a   0x0000006c   Code   RO         1711    i.HAL_TIM_IC_Start_IT  stm32f1xx_hal_tim.o
    0x08002da6   0x00000196   Code   RO         1715    i.HAL_TIM_IRQHandler  stm32f1xx_hal_tim.o
    0x08002f3c   0x00000002   Code   RO         1718    i.HAL_TIM_OC_DelayElapsedCallback  stm32f1xx_hal_tim.o
    0x08002f3e   0x0000004c   Code   RO         1732    i.HAL_TIM_OnePulse_Init  stm32f1xx_hal_tim.o
    0x08002f8a   0x00000002   Code   RO         1734    i.HAL_TIM_OnePulse_MspInit  stm32f1xx_hal_tim.o
    0x08002f8c   0x00000002   Code   RO         1745    i.HAL_TIM_PWM_PulseFinishedCallback  stm32f1xx_hal_tim.o
    0x08002f8e   0x00000002   PAD
    0x08002f90   0x00000114   Code   RO          334    i.HAL_TIM_PeriodElapsedCallback  tim.o
    0x080030a4   0x00000056   Code   RO         1754    i.HAL_TIM_SlaveConfigSynchronization  stm32f1xx_hal_tim.o
    0x080030fa   0x00000002   Code   RO         1756    i.HAL_TIM_TriggerCallback  stm32f1xx_hal_tim.o
    0x080030fc   0x00000004   Code   RO            8    i.HardFault_Handler  stm32f1xx_it.o
    0x08003100   0x00000044   Code   RO          902    i.MX_DMA_Init       dma.o
    0x08003144   0x000000c4   Code   RO          212    i.MX_GPIO_Init      gpio.o
    0x08003208   0x00000044   Code   RO          862    i.MX_SPI1_Init      spi.o
    0x0800324c   0x000000b8   Code   RO          335    i.MX_TIM2_Init      tim.o
    0x08003304   0x00000068   Code   RO          336    i.MX_TIM3_Init      tim.o
    0x0800336c   0x00000034   Code   RO          826    i.MX_USB_DEVICE_Init  usb_device.o
    0x080033a0   0x00000004   Code   RO            9    i.MemManage_Handler  stm32f1xx_it.o
    0x080033a4   0x00000008   Code   RO           10    i.NMI_Handler       stm32f1xx_it.o
    0x080033ac   0x00000010   Code   RO         2519    i.NVIC_GetPriorityGrouping  stm32f1xx_hal_cortex.o
    0x080033bc   0x00000028   Code   RO         2520    i.NVIC_SetPriority  stm32f1xx_hal_cortex.o
    0x080033e4   0x00000444   Code   RO         1261    i.PCD_EP_ISR_Handler  stm32f1xx_hal_pcd.o
    0x08003828   0x00000002   Code   RO           11    i.PendSV_Handler    stm32f1xx_it.o
    0x0800382a   0x00000002   Code   RO           12    i.SVC_Handler       stm32f1xx_it.o
    0x0800382c   0x000000b4   Code   RO          337    i.SendBytes         tim.o
    0x080038e0   0x0000005c   Code   RO          338    i.SendFrame         tim.o
    0x0800393c   0x00000064   Code   RO          339    i.SendSOF           tim.o
    0x080039a0   0x0000000c   Code   RO           13    i.SysTick_Handler   stm32f1xx_it.o
    0x080039ac   0x00000092   Code   RO          730    i.SystemClock_Config  main.o
    0x08003a3e   0x00000002   PAD
    0x08003a40   0x00000058   Code   RO          927    i.SystemInit        system_stm32f1xx.o
    0x08003a98   0x00000010   Code   RO           14    i.TIM2_IRQHandler   stm32f1xx_it.o
    0x08003aa8   0x00000010   Code   RO           15    i.TIM3_IRQHandler   stm32f1xx_it.o
    0x08003ab8   0x0000006c   Code   RO         1757    i.TIM_Base_SetConfig  stm32f1xx_hal_tim.o
    0x08003b24   0x0000001c   Code   RO         1758    i.TIM_CCxChannelCmd  stm32f1xx_hal_tim.o
    0x08003b40   0x00000018   Code   RO         1764    i.TIM_ETR_SetConfig  stm32f1xx_hal_tim.o
    0x08003b58   0x00000014   Code   RO         1765    i.TIM_ITRx_SetConfig  stm32f1xx_hal_tim.o
    0x08003b6c   0x000000a4   Code   RO         1770    i.TIM_SlaveTimer_SetConfig  stm32f1xx_hal_tim.o
    0x08003c10   0x0000002a   Code   RO         1771    i.TIM_TI1_ConfigInputStage  stm32f1xx_hal_tim.o
    0x08003c3a   0x00000002   PAD
    0x08003c3c   0x0000006c   Code   RO         1772    i.TIM_TI1_SetConfig  stm32f1xx_hal_tim.o
    0x08003ca8   0x0000002c   Code   RO         1773    i.TIM_TI2_ConfigInputStage  stm32f1xx_hal_tim.o
    0x08003cd4   0x0000003e   Code   RO         1774    i.TIM_TI2_SetConfig  stm32f1xx_hal_tim.o
    0x08003d12   0x0000003c   Code   RO         1775    i.TIM_TI3_SetConfig  stm32f1xx_hal_tim.o
    0x08003d4e   0x00000040   Code   RO         1776    i.TIM_TI4_SetConfig  stm32f1xx_hal_tim.o
    0x08003d8e   0x0000001a   Code   RO         3657    i.USBD_CDC_DataIn   usbd_cdc.o
    0x08003da8   0x00000034   Code   RO         3658    i.USBD_CDC_DataOut  usbd_cdc.o
    0x08003ddc   0x00000040   Code   RO         3659    i.USBD_CDC_DeInit   usbd_cdc.o
    0x08003e1c   0x00000032   Code   RO         3660    i.USBD_CDC_EP0_RxReady  usbd_cdc.o
    0x08003e4e   0x00000002   PAD
    0x08003e50   0x00000010   Code   RO         3661    i.USBD_CDC_GetDeviceQualifierDescriptor  usbd_cdc.o
    0x08003e60   0x00000010   Code   RO         3662    i.USBD_CDC_GetFSCfgDesc  usbd_cdc.o
    0x08003e70   0x00000010   Code   RO         3663    i.USBD_CDC_GetHSCfgDesc  usbd_cdc.o
    0x08003e80   0x00000010   Code   RO         3664    i.USBD_CDC_GetOtherSpeedCfgDesc  usbd_cdc.o
    0x08003e90   0x000000a6   Code   RO         3665    i.USBD_CDC_Init     usbd_cdc.o
    0x08003f36   0x0000003a   Code   RO         3666    i.USBD_CDC_ReceivePacket  usbd_cdc.o
    0x08003f70   0x0000000e   Code   RO         3667    i.USBD_CDC_RegisterInterface  usbd_cdc.o
    0x08003f7e   0x0000000e   Code   RO         3668    i.USBD_CDC_SetRxBuffer  usbd_cdc.o
    0x08003f8c   0x00000014   Code   RO         3669    i.USBD_CDC_SetTxBuffer  usbd_cdc.o
    0x08003fa0   0x00000090   Code   RO         3670    i.USBD_CDC_Setup    usbd_cdc.o
    0x08004030   0x00000038   Code   RO         3671    i.USBD_CDC_TransmitPacket  usbd_cdc.o
    0x08004068   0x00000016   Code   RO         3459    i.USBD_ClrClassConfig  usbd_core.o
    0x0800407e   0x00000044   Code   RO         3762    i.USBD_ClrFeature   usbd_ctlreq.o
    0x080040c2   0x00000018   Code   RO         3597    i.USBD_CtlContinueRx  usbd_ioreq.o
    0x080040da   0x00000018   Code   RO         3598    i.USBD_CtlContinueSendData  usbd_ioreq.o
    0x080040f2   0x00000018   Code   RO         3763    i.USBD_CtlError     usbd_ctlreq.o
    0x0800410a   0x00000028   Code   RO         3599    i.USBD_CtlPrepareRx  usbd_ioreq.o
    0x08004132   0x0000001a   Code   RO         3600    i.USBD_CtlReceiveStatus  usbd_ioreq.o
    0x0800414c   0x00000022   Code   RO         3601    i.USBD_CtlSendData  usbd_ioreq.o
    0x0800416e   0x0000001a   Code   RO         3602    i.USBD_CtlSendStatus  usbd_ioreq.o
    0x08004188   0x00000034   Code   RO          239    i.USBD_FS_ConfigStrDescriptor  usbd_desc.o
    0x080041bc   0x00000010   Code   RO          240    i.USBD_FS_DeviceDescriptor  usbd_desc.o
    0x080041cc   0x00000038   Code   RO          241    i.USBD_FS_InterfaceStrDescriptor  usbd_desc.o
    0x08004204   0x00000010   Code   RO          242    i.USBD_FS_LangIDStrDescriptor  usbd_desc.o
    0x08004214   0x0000002c   Code   RO          243    i.USBD_FS_ManufacturerStrDescriptor  usbd_desc.o
    0x08004240   0x00000040   Code   RO          244    i.USBD_FS_ProductStrDescriptor  usbd_desc.o
    0x08004280   0x00000038   Code   RO          245    i.USBD_FS_SerialStrDescriptor  usbd_desc.o
    0x080042b8   0x00000050   Code   RO         3764    i.USBD_GetConfig    usbd_ctlreq.o
    0x08004308   0x00000148   Code   RO         3765    i.USBD_GetDescriptor  usbd_ctlreq.o
    0x08004450   0x00000014   Code   RO         3766    i.USBD_GetLen       usbd_ctlreq.o
    0x08004464   0x00000044   Code   RO         3767    i.USBD_GetStatus    usbd_ctlreq.o
    0x080044a8   0x00000052   Code   RO         3768    i.USBD_GetString    usbd_ctlreq.o
    0x080044fa   0x00000032   Code   RO         3461    i.USBD_Init         usbd_core.o
    0x0800452c   0x00000014   Code   RO          510    i.USBD_LL_ClearStallEP  usbd_conf.o
    0x08004540   0x00000014   Code   RO          511    i.USBD_LL_CloseEP   usbd_conf.o
    0x08004554   0x000000da   Code   RO         3462    i.USBD_LL_DataInStage  usbd_core.o
    0x0800462e   0x00000086   Code   RO         3463    i.USBD_LL_DataOutStage  usbd_core.o
    0x080046b4   0x00000012   Code   RO          515    i.USBD_LL_GetRxDataSize  usbd_conf.o
    0x080046c6   0x00000002   PAD
    0x080046c8   0x00000088   Code   RO          516    i.USBD_LL_Init      usbd_conf.o
    0x08004750   0x00000030   Code   RO          517    i.USBD_LL_IsStallEP  usbd_conf.o
    0x08004780   0x00000020   Code   RO          518    i.USBD_LL_OpenEP    usbd_conf.o
    0x080047a0   0x00000020   Code   RO          519    i.USBD_LL_PrepareReceive  usbd_conf.o
    0x080047c0   0x00000044   Code   RO         3468    i.USBD_LL_Reset     usbd_core.o
    0x08004804   0x0000000e   Code   RO         3469    i.USBD_LL_Resume    usbd_core.o
    0x08004812   0x00000022   Code   RO         3470    i.USBD_LL_SOF       usbd_core.o
    0x08004834   0x00000008   Code   RO         3471    i.USBD_LL_SetSpeed  usbd_core.o
    0x0800483c   0x00000014   Code   RO          520    i.USBD_LL_SetUSBAddress  usbd_conf.o
    0x08004850   0x0000006e   Code   RO         3472    i.USBD_LL_SetupStage  usbd_core.o
    0x080048be   0x00000014   Code   RO          521    i.USBD_LL_StallEP   usbd_conf.o
    0x080048d2   0x00000010   Code   RO          522    i.USBD_LL_Start     usbd_conf.o
    0x080048e2   0x00000014   Code   RO         3473    i.USBD_LL_Suspend   usbd_core.o
    0x080048f6   0x00000020   Code   RO          524    i.USBD_LL_Transmit  usbd_conf.o
    0x08004916   0x00000028   Code   RO         3769    i.USBD_ParseSetupRequest  usbd_ctlreq.o
    0x0800493e   0x00000010   Code   RO         3474    i.USBD_RegisterClass  usbd_core.o
    0x0800494e   0x00000006   Code   RO         3475    i.USBD_RunTestMode  usbd_core.o
    0x08004954   0x00000054   Code   RO         3770    i.USBD_SetAddress   usbd_ctlreq.o
    0x080049a8   0x00000022   Code   RO         3476    i.USBD_SetClassConfig  usbd_core.o
    0x080049ca   0x00000002   PAD
    0x080049cc   0x000000e0   Code   RO         3771    i.USBD_SetConfig    usbd_ctlreq.o
    0x08004aac   0x00000024   Code   RO         3772    i.USBD_SetFeature   usbd_ctlreq.o
    0x08004ad0   0x0000000e   Code   RO         3477    i.USBD_Start        usbd_core.o
    0x08004ade   0x00000072   Code   RO         3773    i.USBD_StdDevReq    usbd_ctlreq.o
    0x08004b50   0x00000156   Code   RO         3774    i.USBD_StdEPReq     usbd_ctlreq.o
    0x08004ca6   0x0000004a   Code   RO         3775    i.USBD_StdItfReq    usbd_ctlreq.o
    0x08004cf0   0x00000002   Code   RO          525    i.USBD_static_free  usbd_conf.o
    0x08004cf2   0x00000002   PAD
    0x08004cf4   0x0000000c   Code   RO          526    i.USBD_static_malloc  usbd_conf.o
    0x08004d00   0x000003aa   Code   RO         2312    i.USB_ActivateEndpoint  stm32f1xx_ll_usb.o
    0x080050aa   0x00000008   Code   RO         2315    i.USB_CoreInit      stm32f1xx_ll_usb.o
    0x080050b2   0x00000214   Code   RO         2317    i.USB_DeactivateEndpoint  stm32f1xx_ll_usb.o
    0x080052c6   0x00000006   Code   RO         2318    i.USB_DevConnect    stm32f1xx_ll_usb.o
    0x080052cc   0x00000006   Code   RO         2319    i.USB_DevDisconnect  stm32f1xx_ll_usb.o
    0x080052d2   0x00000016   Code   RO         2320    i.USB_DevInit       stm32f1xx_ll_usb.o
    0x080052e8   0x00000016   Code   RO         2321    i.USB_DisableGlobalInt  stm32f1xx_ll_usb.o
    0x080052fe   0x00000006   Code   RO         2322    i.USB_EP0_OutStart  stm32f1xx_ll_usb.o
    0x08005304   0x000000b4   Code   RO         2323    i.USB_EPClearStall  stm32f1xx_ll_usb.o
    0x080053b8   0x00000086   Code   RO         2324    i.USB_EPSetStall    stm32f1xx_ll_usb.o
    0x0800543e   0x00000332   Code   RO         2325    i.USB_EPStartXfer   stm32f1xx_ll_usb.o
    0x08005770   0x00000016   Code   RO         2326    i.USB_EnableGlobalInt  stm32f1xx_ll_usb.o
    0x08005786   0x00000002   PAD
    0x08005788   0x00000010   Code   RO           16    i.USB_HP_CAN1_TX_IRQHandler  stm32f1xx_it.o
    0x08005798   0x00000010   Code   RO           17    i.USB_LP_CAN1_RX0_IRQHandler  stm32f1xx_it.o
    0x080057a8   0x0000000a   Code   RO         2333    i.USB_ReadInterrupts  stm32f1xx_ll_usb.o
    0x080057b2   0x00000028   Code   RO         2334    i.USB_ReadPMA       stm32f1xx_ll_usb.o
    0x080057da   0x00000006   Code   RO         2336    i.USB_SetCurrentMode  stm32f1xx_ll_usb.o
    0x080057e0   0x0000000e   Code   RO         2337    i.USB_SetDevAddress  stm32f1xx_ll_usb.o
    0x080057ee   0x00000042   Code   RO         2339    i.USB_WritePMA      stm32f1xx_ll_usb.o
    0x08005830   0x00000004   Code   RO           18    i.UsageFault_Handler  stm32f1xx_it.o
    0x08005834   0x00000028   Code   RO         4081    i.__0sprintf$8      mc_w.l(printf8.o)
    0x0800585c   0x0000000e   Code   RO         4224    i.__scatterload_copy  mc_w.l(handlers.o)
    0x0800586a   0x00000002   Code   RO         4225    i.__scatterload_null  mc_w.l(handlers.o)
    0x0800586c   0x0000000e   Code   RO         4226    i.__scatterload_zeroinit  mc_w.l(handlers.o)
    0x0800587a   0x00000002   PAD
    0x0800587c   0x00000410   Code   RO         4086    i._printf_core      mc_w.l(printf8.o)
    0x08005c8c   0x00000024   Code   RO         4087    i._printf_post_padding  mc_w.l(printf8.o)
    0x08005cb0   0x0000002e   Code   RO         4088    i._printf_pre_padding  mc_w.l(printf8.o)
    0x08005cde   0x0000000a   Code   RO         4090    i._sputc            mc_w.l(printf8.o)
    0x08005ce8   0x00000034   Code   RO          732    i.cbInit            main.o
    0x08005d1c   0x00000036   Code   RO          733    i.cbPopFront        main.o
    0x08005d52   0x00000038   Code   RO          734    i.cbPushBack        main.o
    0x08005d8a   0x00000002   PAD
    0x08005d8c   0x0000020c   Code   RO          735    i.main              main.o
    0x08005f98   0x0000006c   Code   RO         4134    i.malloc            mc_w.l(malloc.o)
    0x08006004   0x0000000c   Data   RO          737    .constdata          main.o
    0x08006010   0x00000018   Data   RO          928    .constdata          system_stm32f1xx.o
    0x08006028   0x00000040   Data   RO         4220    .constdata          mc_w.l(ctype_c.o)
    0x08006068   0x00000020   Data   RO         4222    Region$$Table       anon$$obj.o


    Execution Region RW_IRAM1 (Base: 0x20000000, Size: 0x00001f18, Max: 0x00005000, ABSOLUTE, COMPRESSED[0x000000d4])

    Base Addr    Size         Type   Attr      Idx    E Section Name        Object

    0x20000000   0x00000034   Data   RW          247    .data               usbd_desc.o
    0x20000034   0x00000016   Data   RW          341    .data               tim.o
    0x2000004a   0x00000002   PAD
    0x2000004c   0x00000010   Data   RW          446    .data               usbd_cdc_if.o
    0x2000005c   0x00000004   Data   RW          929    .data               system_stm32f1xx.o
    0x20000060   0x00000004   Data   RW          982    .data               stm32f1xx_hal.o
    0x20000064   0x00000001   Data   RW         3183    .data               stm32f1xx_hal_spi_ex.o
    0x20000065   0x00000003   PAD
    0x20000068   0x00000110   Data   RW         3672    .data               usbd_cdc.o
    0x20000178   0x00000001   Data   RW         3776    .data               usbd_ctlreq.o
    0x20000179   0x00000003   PAD
    0x2000017c   0x00000004   Data   RW         4186    .data               mc_w.l(mvars.o)
    0x20000180   0x00000004   Data   RW         4187    .data               mc_w.l(mvars.o)
    0x20000184   0x00000200   Zero   RW          246    .bss                usbd_desc.o
    0x20000384   0x00000090   Zero   RW          340    .bss                tim.o
    0x20000414   0x00000080   Zero   RW          445    .bss                usbd_cdc_if.o
    0x20000494   0x00000640   Zero   RW          527    .bss                usbd_conf.o
    0x20000ad4   0x00000554   Zero   RW          736    .bss                main.o
    0x20001028   0x00000224   Zero   RW          827    .bss                usb_device.o
    0x2000124c   0x000000c8   Zero   RW          863    .bss                spi.o
    0x20001314   0x00000004   PAD
    0x20001318   0x00000400   Zero   RW         3855    HEAP                startup_stm32f103xb.o
    0x20001718   0x00000800   Zero   RW         3854    STACK               startup_stm32f103xb.o


==============================================================================

Image component sizes


      Code (inc. data)   RO Data    RW Data    ZI Data      Debug   Object Name

        68          4          0          0          0        698   dma.o
       196         14          0          0          0        899   gpio.o
       932         64         12          0       1364       6221   main.o
       280         34          0          0        200       1683   spi.o
        36          8        236          0       3072        756   startup_stm32f103xb.o
       130         16          0          4          0       3994   stm32f1xx_hal.o
       348         22          0          0          0      28609   stm32f1xx_hal_cortex.o
       868          4          0          0          0       2312   stm32f1xx_hal_dma.o
       808         32          0          0          0       3056   stm32f1xx_hal_gpio.o
       140         10          0          0          0        866   stm32f1xx_hal_msp.o
      2508          0          0          0          0      10905   stm32f1xx_hal_pcd.o
        62          0          0          0          0       1338   stm32f1xx_hal_pcd_ex.o
      3082         94          0          0          0       6685   stm32f1xx_hal_rcc.o
       380         14          0          0          0       1500   stm32f1xx_hal_rcc_ex.o
       140          6          0          1          0       1506   stm32f1xx_hal_spi_ex.o
      2160         36          0          0          0      20434   stm32f1xx_hal_tim.o
       102          0          0          0          0       2522   stm32f1xx_hal_tim_ex.o
       138         36          0          0          0     467681   stm32f1xx_it.o
      2830          0          0          0          0      14495   stm32f1xx_ll_usb.o
        88         18         24          4          0       1547   system_stm32f1xx.o
      1484        150          0         22        144       8529   tim.o
        52         16          0          0        548        660   usb_device.o
       728         30          0        272          0      13786   usbd_cdc.o
       204         26          0         16        128       5125   usbd_cdc_if.o
       674         32          0          0       1600      13049   usbd_conf.o
       748          0          0          0          0      10635   usbd_core.o
      1584         30          0          1          0      11268   usbd_ctlreq.o
       304        128          0         52        512       9535   usbd_desc.o
       174          0          0          0          0       4956   usbd_ioreq.o

    ----------------------------------------------------------------------
     21282        824        304        380       7572     655250   Object Totals
         0          0         32          0          0          0   (incl. Generated)
        34          0          0          8          4          0   (incl. Padding)

    ----------------------------------------------------------------------

      Code (inc. data)   RO Data    RW Data    ZI Data      Debug   Library Member Name

        56          8          0          0          0         84   __0sscanf.o
        86          0          0          0          0          0   __dczerorl2.o
        28          0          0          0          0         68   _chval.o
       812          4          0          0          0        112   _scanf.o
       332          0          0          0          0         96   _scanf_int.o
        64          0          0          0          0         84   _sgetc.o
        40          6         64          0          0         68   ctype_c.o
         0          0          0          0          0          0   entry.o
         0          0          0          0          0          0   entry10a.o
         0          0          0          0          0          0   entry11a.o
         8          4          0          0          0          0   entry2.o
         4          0          0          0          0          0   entry5.o
         0          0          0          0          0          0   entry7b.o
         0          0          0          0          0          0   entry8b.o
         8          4          0          0          0          0   entry9a.o
        30          0          0          0          0          0   handlers.o
        36          8          0          0          0         68   init.o
        10          0          0          0          0         68   isspace_c.o
        30          0          0          0          0         68   llshl.o
        32          0          0          0          0         68   llushr.o
       108         16          0          0          0         84   malloc.o
        26          0          0          0          0         80   memcmp.o
        36          0          0          0          0         68   memcpya.o
         0          0          0          8          0          0   mvars.o
      1172         50          0          0          0        420   printf8.o
        40          8          0          0          0         84   scanf_char.o
        98          0          0          0          0         92   uldiv.o

    ----------------------------------------------------------------------
      3062        108         64          8          0       1612   Library Totals
         6          0          0          0          0          0   (incl. Padding)

    ----------------------------------------------------------------------

      Code (inc. data)   RO Data    RW Data    ZI Data      Debug   Library Name

      3056        108         64          8          0       1612   mc_w.l

    ----------------------------------------------------------------------
      3062        108         64          8          0       1612   Library Totals

    ----------------------------------------------------------------------

==============================================================================


      Code (inc. data)   RO Data    RW Data    ZI Data      Debug   

     24344        932        368        388       7572     645602   Grand Totals
     24344        932        368        212       7572     645602   ELF Image Totals (compressed)
     24344        932        368        212          0          0   ROM Totals

==============================================================================

    Total RO  Size (Code + RO Data)                24712 (  24.13kB)
    Total RW  Size (RW Data + ZI Data)              7960 (   7.77kB)
    Total ROM Size (Code + RO Data + RW Data)      24924 (  24.34kB)

==============================================================================

